01-01 08:00:10.901  1947  1947 D SettingBackup: readNativeBackup:{"BackupValue":[470,3380,780,3100,1040,2860,1280,2660,1650,2350,2040,2010,2570,1530,3070,1140]}
01-01 08:00:10.901  1947  1947 D RVC     : @StaticLocusPoints@ getBackupDataPoints id =2 cameraid = 0
01-01 08:00:10.901  1947  1947 D SettingBackup: dbus_read:77.
01-01 08:00:10.901  1460  1487 V SystemSettingService: Service method GetDataLegend:{
01-01 08:00:10.901  1460  1487 V SystemSettingService:    "BackupItem" : 77
01-01 08:00:10.901  1460  1487 V SystemSettingService: }
01-01 08:00:10.901  1460  1487 V SystemSettingService: .
01-01 08:00:10.901  1460  1487 V SystemSettingService: Service method GetDataLegend item:77.
01-01 08:00:10.901  1460  1487 V SystemSettingService: we are here STATIC_GUIDELINE_**_**
01-01 08:00:10.901  1460  1487 I backupdata: start get item,item id is STATIC_GUIDELINE_RIGHT_SD
01-01 08:00:10.901  1460  1487 V backupdata: fullpath is /data/home/backdata/STATIC_GUIDELINE_RIGHT_SD.bak
01-01 08:00:10.901  1460  1487 V backupdata: now opening backup data file
01-01 08:00:10.901  1460  1487 V backupdata: filename is /data/home/backdata/STATIC_GUIDELINE_RIGHT_SD.bak
01-01 08:00:10.941  1460  1487 I backupdata: get_item_in_emmc:read result: 1,while 164 bytes should be read
01-01 08:00:10.941  1460  1487 I backupdata: bak crc return is 1
01-01 08:00:10.941  1947  1947 D SettingBackup: InvokeMethod success method:stg_mw_legend_get params:{
01-01 08:00:10.941  1947  1947 D SettingBackup: 	"BackupItem":	77
01-01 08:00:10.941  1947  1947 D SettingBackup: }.
01-01 08:00:10.941  1947  1947 D SettingBackup: readNativeBackup:{"BackupValue":[7610,3380,7310,3130,7080,2910,6830,2700,6420,2350,6040,2020,5540,1560,5000,1140]}
01-01 08:00:10.941  1947  1947 D RVC     : @StaticLocusPoints@ getBackupDataPoints id =3 cameraid = 0
01-01 08:00:10.941  1947  1947 D SettingBackup: dbus_read:78.
01-01 08:00:10.951  2015  2015 D GaeiSettings: ------SettingsAppWidgetProvider---------------update app widget end
01-01 08:00:10.951  1460  1487 V SystemSettingService: Service method GetDataLegend:{
01-01 08:00:10.951  1460  1487 V SystemSettingService:    "BackupItem" : 78
01-01 08:00:10.951  1460  1487 V SystemSettingService: }
01-01 08:00:10.951  1460  1487 V SystemSettingService: .
01-01 08:00:10.951  1460  1487 V SystemSettingService: Service method GetDataLegend item:78.
01-01 08:00:10.951  1460  1487 V SystemSettingService: we are here STATIC_GUIDELINE_SAFETY_**
01-01 08:00:10.951  1460  1487 I backupdata: start get item,item id is STATIC_GUIDELINE_SAFETY_SD
01-01 08:00:10.951  1460  1487 V backupdata: fullpath is /data/home/backdata/STATIC_GUIDELINE_SAFETY_SD.bak
01-01 08:00:10.951  1460  1487 V backupdata: now opening backup data file
01-01 08:00:10.951  1460  1487 V backupdata: filename is /data/home/backdata/STATIC_GUIDELINE_SAFETY_SD.bak
01-01 08:00:10.951  2026  2026 D PhoneStatusBar: @LowBatteryView@ mVehicleManager is: android.vehicle.VehicleManager@41b0fea8
01-01 08:00:10.961  1460  1487 I backupdata: get_item_in_emmc:read result: 1,while 164 bytes should be read
01-01 08:00:10.961  1460  1487 I backupdata: bak crc return is 1
01-01 08:00:10.961  1947  1947 D SettingBackup: InvokeMethod success method:stg_mw_legend_get params:{
01-01 08:00:10.961  1947  1947 D SettingBackup: 	"BackupItem":	78
01-01 08:00:10.961  1947  1947 D SettingBackup: }.
01-01 08:00:10.961  1947  1947 D SettingBackup: readNativeBackup:{"BackupValue":[1660,3480,3000,3560,4710,3620,6530,3480]}
01-01 08:00:10.961  1871  1871 D DspService: dsp system ready!
01-01 08:00:10.961  1871  1871 D DspService: register speed listener.
01-01 08:00:10.961  1871  1871 D VehicleManagerService: request listmap : 7
01-01 08:00:10.961  1871  1871 D VehicleManagerService: Receiver construct
01-01 08:00:10.961  1871  1871 D VehicleManagerService: Receiver construct type : class android.vehicle.VehicleManager$ListenerTransport
01-01 08:00:10.961  1947  1947 D RVC     : @ReverseService@ connect rvc gaei.service ok!
01-01 08:00:10.961  1871  1871 I SystemServer: LockSettingsService
01-01 08:00:10.971  2026  2026 D SystemUIService: testUpdate mcu:0  soc:0 isUpdateSocOk:false
01-01 08:00:10.971  2026  2026 D SystemUIService: lgfTest setStatusBarView s 
01-01 08:00:10.971  1947  1947 D RVC     : @ReverseService@ sendAppClientID send data size=13
01-01 08:00:10.971  1947  1947 D RVC     : @ReverseService@ wait system start ok, Notice camera service bootcomplete!
01-01 08:00:10.971  1947  2076 D RVC     : @ReverseService@ RecvThread run !
01-01 08:00:10.971  1947  2076 D RVC     : @ReverseService@ recv data size=13
01-01 08:00:10.971  1947  1947 D RVC     : @ReverseService@ getData ok,len = 13
01-01 08:00:10.971  1947  1947 D RVC     : @ReverseService@ DisposeRecvData id = 5
01-01 08:00:10.971  1871  1871 I SystemServer: Device Policy
01-01 08:00:10.971  1871  1871 I SystemServer: Clipboard Service
01-01 08:00:10.971  1871  1871 I SystemServer: DropBox Service
01-01 08:00:10.971  1871  1871 I SystemServer: Text Service Manager Service
01-01 08:00:10.981  1985  1985 D sdkversion: []: WidgetManager: initWecarInfoSDK
01-01 08:00:10.981  1871  1871 W TextServicesManagerService: no available spell checker services found
01-01 08:00:10.981  1871  1871 I SystemServer: UpdateLock Service
01-01 08:00:10.981  1871  1871 I SystemServer: UpdateLock Service end
01-01 08:00:10.981  1871  1871 I SystemServer: USB Service
01-01 08:00:10.991  1871  1871 D BluetoothManagerService: Loading stored name and address
01-01 08:00:10.991  1871  1871 D BluetoothManagerService: Stored bluetooth Name=GAC_BT_6C1B,Address=null
01-01 08:00:10.991  1871  1871 I SystemServer: Bluetooth Manager Service
01-01 08:00:10.991  1871  1871 I SystemServer: Entropy Mixer
01-01 08:00:10.991  1871  1871 I EntropyMixer: Writing entropy...
01-01 08:00:11.001  1985  1985 I _WeCarNewsSDK_070611: [WeCarInfoSDKManager](WeCarInfoSDKManager.java:72):init: 
01-01 08:00:11.001  1985  1985 I _WeCarNewsSDK_070611: [WeCarInfoSDKManager](WeCarInfoSDKManager.java:732):switchPath : /storage/emulated/0/wecarsnews_log_on/
01-01 08:00:11.001  1985  1985 D AudioSourceManagerJni: AudioSourceManagerJni:initAudioSourceJni Jni Enter fromHost = 0
01-01 08:00:11.001  1985  1985 D AudioSourceManagerJni: func: getAudioSourceManagerService, Enter
01-01 08:00:11.001  1985  1985 D AudioSourceManagerJni: IAudioSourceManagerService getService 0x678b4638:media.audio_source.
01-01 08:00:11.001  1985  1985 D AudioSourceManagerService: BpAudioSourceManagerService Bp Enter
01-01 08:00:11.001  1985  1985 D AudioSourceManagerService: registerClient Bp Enter
01-01 08:00:11.001  1464  1567 D AudioSourceManagerService: onTransact Bn Enter, code:4
01-01 08:00:11.001  1464  1567 D AudioSourceManagerService: registerClient NEnter
01-01 08:00:11.001  1464  1567 V AudioSourceManagerService: registerClient() client 0x40712c88, pid 1985
01-01 08:00:11.001  1985  1985 D AudioSourceManagerJni: AudioSourceManagerJni:initAudioSourceJni Jni Leave
01-01 08:00:11.001  1985  1985 D AudioSourceManager: AudioSourceManager construct.
01-01 08:00:11.001  1985  1985 I jz      : onCreate getExtra 1111Bundle[mParcelledData.dataSize=140]
01-01 08:00:11.001  1985  1985 I jz      : MainActivity onCreate isRequestAudioSource: 0
01-01 08:00:11.011  2026  2026 D SystemUIService: lgfTest setStatusBarView e
01-01 08:00:11.021  2026  2026 D SystemBars: lgfTest setTempStatusBarViewandroid.view.View{41b03c30 V.ED.... ......I. 0,0-0,0}
01-01 08:00:11.021  2026  2026 D PhoneStatusBar: @SystemUIService@ onStartCommand:false-isInterrupt: false
01-01 08:00:11.021  1985  1985 I jz      : startListening before:
01-01 08:00:11.021  2026  2026 D PhoneStatusBar: lgfTest start() start
01-01 08:00:11.031  2026  2026 V StatusBar: !! start() begin
01-01 08:00:11.031  1871  1871 D DiagGC  : DiagnosManagerService starting...
01-01 08:00:11.031  1871  1871 D DiagDataPackage: packageForReceive size:21
01-01 08:00:11.031  2026  2026 V StatusBar: !! start() end
01-01 08:00:11.031  2026  2026 D PhoneStatusBar: lgfTest start() end
01-01 08:00:11.031  1871  1871 I SystemServer: DiagnosManagerService
01-01 08:00:11.041  2015  2015 D GaeiSettings: ------SettingsAppWidgetProvider---------------update app widget start
01-01 08:00:11.041  1985  1985 I jz      : startListening after:
01-01 08:00:11.041  2015  2015 D GaeiSettings: ------SettingsAppWidgetProvider---------------update app widget end
01-01 08:00:11.041  1985  1985 I jz      : mCardBgArray before : 
01-01 08:00:11.041  1985  1985 I jz      : mCardBgArray after : 
01-01 08:00:11.061  1871  1875 D dalvikvm: GC_CONCURRENT freed 171K, 11% free 3978K/4424K, paused 5ms+13ms, total 57ms
01-01 08:00:11.071  2026  2026 D PhoneStatusBar: @PhoneStatusBar@ makeStatusBarView start
01-01 08:00:11.071  2026  2026 D PhoneStatusBar: lgfTest makeStatusBarView() start
01-01 08:00:11.071  1871  2048 I StatusBarManagerService: registerStatusBar bar=com.android.internal.statusbar.IStatusBar$Stub$Proxy@41c4a570
01-01 08:00:11.081  2026  2026 D PhoneStatusBar: mSettingsPanelGravity = 55
01-01 08:00:11.081  2026  2026 D PhoneStatusBar: lgfTest StatusBarWindowView inflate start
01-01 08:00:11.081  1871  1871 D DiagGC  : DiagnosManagerService inition OK...
01-01 08:00:11.081  1871  2087 D DiagGC  : Period Task Running!...
01-01 08:00:11.081  1871  2087 D DiagGC  : counter_flag = 0
01-01 08:00:11.081  1871  2087 D DiagGC  : Period Task Ending!...
01-01 08:00:11.081  1871  1883 I ActivityManager: Start proc com.thundersoft.connectivity for broadcast com.thundersoft.connectivity/.ConnectivityActivity.CarLifeAppWidget: pid=2080 uid=1000 gids={41000, 1028, 1015, 3002, 3001, 3003, 1007, 2001}
01-01 08:00:11.101  1995  1995 I dalvikvm: Could not find method android.telephony.SubscriptionManager.from, referenced from method com.tencent.wecarbase.utils.PackageUtils.getICCID
01-01 08:00:11.101  1995  1995 W dalvikvm: VFY: unable to resolve static method 21192: Landroid/telephony/SubscriptionManager;.from (Landroid/content/Context;)Landroid/telephony/SubscriptionManager;
01-01 08:00:11.101  1995  1995 D dalvikvm: VFY: replacing opcode 0x71 at 0x0007
01-01 08:00:11.171  1871  1871 I SystemServer: Device Storage Monitor
01-01 08:00:11.181  1871  1871 I SystemServer: Serial Service
01-01 08:00:11.191  2026  2026 D PhoneStatusBar: lgfTest StatusBarWindowView inflate end
01-01 08:00:11.191  1871  1871 I SystemServer: Twilight Service
01-01 08:00:11.201  2026  2026 D dalvikvm: GC_FOR_ALLOC freed 74K, 10% free 1810K/1996K, paused 14ms, total 14ms
01-01 08:00:11.201  2026  2026 I dalvikvm-heap: Grow heap (frag case) to 2.496MB for 660496-byte allocation
01-01 08:00:11.221  1871  1871 I SystemServer: UI Mode Manager Service
01-01 08:00:11.241  1871  1918 D VehicleInfoProvider: jni_setBookingCharge data : 01 
01-01 08:00:11.241  1871  1918 I vehicle-GAEI: control_context__Uart_Protcl_Msg_Tx_Booking_Charge_OnOff :     LINE = 116
01-01 08:00:11.241  1871  1918 I UartProtocol: UartPrtclMsg Send ClId=11,Event=0
01-01 08:00:11.241  1871  1918 I vehicle-GAEI: control_context__Uart_Protcl_Msg_Tx_Booking_Charge_OnOff :     LINE = 116   ret = true 
01-01 08:00:11.241  1871  1918 D VehicleInfoProvider: jni_setBookingCharge succeed
01-01 08:00:11.241  1871  1918 D VehicleInfoProvider: native_setBookingCharge
01-01 08:00:11.241  1871  1918 D VehicleInfoProvider: resend: 0 type:111
01-01 08:00:11.241  2026  2037 D dalvikvm: GC_FOR_ALLOC freed 0K, 8% free 2455K/2644K, paused 36ms, total 36ms
01-01 08:00:11.241  1871  1882 I ActivityManager: Start proc com.tencent.wecarnavi:wecarbase for content provider com.tencent.wecarnavi/com.tencent.wecarbase.common.VersionProvider: pid=2094 uid=10023 gids={50023, 1028, 1015, 3003}
01-01 08:00:11.241  1871  1871 I SystemServer: Country Detector
01-01 08:00:11.241  1871  1871 I SystemServer: Search Service
01-01 08:00:11.251  1871  1875 D dalvikvm: GC_CONCURRENT freed 270K, 11% free 4037K/4504K, paused 19ms+7ms, total 58ms
01-01 08:00:11.261  1871  1871 I SystemServer: Dock Observer
01-01 08:00:11.261  1871  1871 W DockObserver: This kernel does not have dock station support
01-01 08:00:11.261  1871  1871 I SystemServer: Wired Accessory Manager
01-01 08:00:11.261  1871  1871 W WiredAccessoryManager: This kernel does not have wired headset support
01-01 08:00:11.261  1871  1871 I SystemServer: Recognition Service
01-01 08:00:11.261  1871  1871 I SystemServer: DiskStats Service
01-01 08:00:11.261  1871  1871 I SystemServer: SamplingProfiler Service
01-01 08:00:11.271  2026  2030 D dalvikvm: GC_CONCURRENT freed 6K, 7% free 2551K/2740K, paused 4ms+2ms, total 24ms
01-01 08:00:11.281  1871  1871 I SystemServer: NetworkTimeUpdateService
01-01 08:00:11.281  1871  1871 I SystemServer: CommonTimeManagementService
01-01 08:00:11.281  1871  1871 I SystemServer: CertBlacklister
01-01 08:00:11.281  1871  1871 I SystemServer: Dreams Service
01-01 08:00:11.281  1871  1871 I SystemServer: Assets Atlas Service
01-01 08:00:11.291  1985  1985 D dalvikvm: GC_FOR_ALLOC freed 88K, 6% free 4395K/4652K, paused 26ms, total 32ms
01-01 08:00:11.291  1871  1922 I UartProtocol: UartPrtlMsg Cbk ClId=4,Event=25
01-01 08:00:11.291  1871  1922 D VehicleInfoProvider: cbk_fuel_info2
01-01 08:00:11.291  1871  1920 D FuelInfo2: m_bRLWheelSpdVD = false m_nAvgFuelConsumed = 0 m_nFuelInsConsumed = 0 m_nFuelPulse = 0 m_nRLWheelSpdEdgesSum = 0 
01-01 08:00:11.301  1871  1871 I SystemServer: IdleMaintenanceService
01-01 08:00:11.301  1871  1871 I SystemServer: Print Service
01-01 08:00:11.311  1871  1922 I UartProtocol: UartPrtlMsg Cbk ClId=0,Event=208
01-01 08:00:11.311  1871  1871 I SystemServer: Media Router Service
01-01 08:00:11.331  1871  1875 D dalvikvm: GC_CONCURRENT freed 103K, 11% free 4049K/4504K, paused 4ms+6ms, total 60ms
01-01 08:00:11.331  1871  2106 D Atlas   : Computing best atlas configuration...
01-01 08:00:11.351  1871  2108 D Atlas   : Running Atlas Worker #1
01-01 08:00:11.351  1871  1922 D VehicleInfoProvider: cbk_voltage_info
01-01 08:00:11.351  1871  1920 D VoltageInfo: S_CODE_X7 = 7 m_bVolHighStatus = false m_bVolHighWarn = false m_bVolLowStatus = false m_bVolLowWarn = false m_bVolNormal = true m_nVoltage = 121 voltageWarningStatus = 0 
01-01 08:00:11.361  1871  2109 D Atlas   : Running Atlas Worker #2
01-01 08:00:11.391  2080  2082 D dalvikvm: GC_CONCURRENT freed 216K, 19% free 1298K/1600K, paused 2ms+6ms, total 59ms
01-01 08:00:11.401  2026  2030 D dalvikvm: GC_CONCURRENT freed 14K, 6% free 2995K/3156K, paused 2ms+2ms, total 62ms
01-01 08:00:11.401  2026  2026 D dalvikvm: WAIT_FOR_CONCURRENT_GC blocked 38ms
01-01 08:00:11.401  1871  1875 D dalvikvm: GC_CONCURRENT freed 57K, 10% free 4061K/4504K, paused 5ms+14ms, total 54ms
01-01 08:00:11.421  1871  2110 D Atlas   : Running Atlas Worker #3
01-01 08:00:11.421  1871  2111 D Atlas   : Running Atlas Worker #4
01-01 08:00:11.431  2026  2026 D PACKETMGR: packetsForTransact 2
01-01 08:00:11.431  2026  2026 D PACKETMGR: packetsForTransact 3
01-01 08:00:11.431  1871  2054 D VehicleManagerService: request listmap : 8
01-01 08:00:11.431  1871  2054 D VehicleManagerService: Receiver construct
01-01 08:00:11.431  1871  2054 D VehicleManagerService: Receiver construct type : class android.vehicle.IInfoListenerTransport$Stub$Proxy
01-01 08:00:11.431  2026  2026 D PhoneStatusBar: @GaeiOBDController@ mVehicleManager is: android.vehicle.VehicleManager@41b0fea8
01-01 08:00:11.441  1871  2106 D Atlas   : Found best atlas configuration in 0.10s
01-01 08:00:11.441  1871  2106 D Atlas   : Loaded configuration: null
01-01 08:00:11.461  1871  1875 D dalvikvm: GC_CONCURRENT freed 194K, 10% free 4091K/4504K, paused 4ms+12ms, total 57ms
01-01 08:00:11.481  1871  1871 I SystemServer: GaeiPhoneService ready
01-01 08:00:11.491  2056  2056 I BTApplication: BTApplication,onCreate().
01-01 08:00:11.491  2056  2056 D BtSettingManager: getInstance: 
01-01 08:00:11.501  2056  2060 D dalvikvm: GC_CONCURRENT freed 195K, 15% free 1818K/2116K, paused 2ms+17ms, total 51ms
01-01 08:00:11.501  2056  2056 D dalvikvm: WAIT_FOR_CONCURRENT_GC blocked 7ms
01-01 08:00:11.501  2056  2056 W ContextImpl: Implicit intents with startService are not safe: Intent { act=com.gaei.bt.service.BtSettingService } android.content.ContextWrapper.bindService:517 com.gaei.bt.manager.BaseManager.bindService:21 com.gaei.bt.manager.BaseManager.<init>:15 
01-01 08:00:11.511  1871  2116 D VehicleManagerService: request listmap : 9
01-01 08:00:11.511  1871  2116 D VehicleManagerService: Receiver construct
01-01 08:00:11.511  1871  2116 D VehicleManagerService: Receiver construct type : class android.vehicle.VehicleManager$ListenerTransport
01-01 08:00:11.511  1871  1871 I SystemServer: DiagnosManagerService ready
01-01 08:00:11.521  1871  2117 D DiagGC  : Diag in 
01-01 08:00:11.531  1871  2117 D DiagDataPackage: packageForReceive size:21
01-01 08:00:11.531  1871  2117 D VehicleManagerService: request listmap : 10
01-01 08:00:11.531  1871  2117 D VehicleManagerService: Receiver construct
01-01 08:00:11.531  1871  2117 D VehicleManagerService: Receiver construct type : class android.vehicle.VehicleManager$ListenerTransport
01-01 08:00:11.531  1871  2117 D AudioSourceManagerJni: AudioSourceManagerJni:initAudioSourceJni Jni Enter fromHost = 0
01-01 08:00:11.531  1871  2117 D AudioSourceManagerJni: func: getAudioSourceManagerService, Enter
01-01 08:00:11.531  1871  2117 D AudioSourceManagerJni: AudioSourceManagerJni:initAudioSourceJni Jni Leave
01-01 08:00:11.531  1871  2117 D AudioSourceManager: AudioSourceManager construct.
01-01 08:00:11.531  1871  1871 I SystemServer: OtaManagerService ready
01-01 08:00:11.541  2080  2082 D dalvikvm: GC_CONCURRENT freed 213K, 18% free 1548K/1868K, paused 2ms+13ms, total 25ms
01-01 08:00:11.541  2094  2096 D dalvikvm: GC_CONCURRENT freed 236K, 21% free 1300K/1640K, paused 2ms+8ms, total 23ms
01-01 08:00:11.541  1871  1871 D SYS_TimeMark: call (main) getReadyForMount()
01-01 08:00:11.541  1871  1871 D SYS_TimeMark: async call (main) getReadyForNetworkManagement()
01-01 08:00:11.541  1871  1909 W MountService: Duplicate state transition (mounted -> mounted) for /storage/emulated/0
01-01 08:00:11.541  1871  1884 D NetworkManagementService: enabling bandwidth control
01-01 08:00:11.541  1871  1871 D SYS_TimeMark: async call (main) getReadyForNetworkStats()
01-01 08:00:11.541  1871  1871 D SYS_TimeMark: async call (main) getReadyForNetworkPolicy()
01-01 08:00:11.541  1871  1871 D SYS_TimeMark: call (main) getReadyForConnectivity()
01-01 08:00:11.551  2056  2056 D BtSettingManager: isBtEnabled() 
01-01 08:00:11.551  2056  2056 D BaseManager: reBindService()
01-01 08:00:11.551  1871  2117 D VehicleManagerService: sendPacket SendReqGpsSync
01-01 08:00:11.551  1871  2117 D VehicleInfoProvider: construct send to mcu
01-01 08:00:11.551  2056  2056 W ContextImpl: Implicit intents with startService are not safe: Intent { act=com.gaei.bt.service.BtSettingService } android.content.ContextWrapper.bindService:517 com.gaei.bt.manager.BaseManager.bindService:21 com.gaei.bt.manager.BaseManager.reBindService:26 
01-01 08:00:11.551  1871  2122 D VehicleManagerService: request listmap : 11
01-01 08:00:11.551  1871  2122 D VehicleManagerService: Receiver construct
01-01 08:00:11.551  1871  2122 D VehicleManagerService: Receiver construct type : class android.vehicle.VehicleManager$ListenerTransport
01-01 08:00:11.551  1871  2117 D VehicleManagerService: sendPacket SendReqProductSync
01-01 08:00:11.551  1871  2054 I ActivityManager: Start proc com.gaei.bt for service com.gaei.bt/.service.BtSettingService: pid=2119 uid=1000 gids={41000, 1028, 1015, 3002, 3001, 3003, 1007, 2001}
01-01 08:00:11.561  1871  2117 D VehicleInfoProvider: construct send to mcu
01-01 08:00:11.561  1871  1918 I vehicle-GAEI: control_context__Uart_Protcl_Msg_Tx_Gps_Info_Req :     LINE = 146
01-01 08:00:11.561  1871  1918 I UartProtocol: UartPrtclMsg Send ClId=13,Event=0
01-01 08:00:11.561  1871  1918 I vehicle-GAEI: control_context__Uart_Protcl_Msg_Tx_Gps_Info_Req :     LINE = 146   ret = true 
01-01 08:00:11.561  1871  1918 D VehicleInfoProvider: jni_reqGpsSync succeed
01-01 08:00:11.561  1871  1918 D VehicleInfoProvider: native_reqGpsSync
01-01 08:00:11.561  1871  1918 D VehicleInfoProvider: resend: 2 type:507
01-01 08:00:11.561  2056  2056 D BtSettingManager: setBtEnable() true
01-01 08:00:11.561  2056  2056 D BaseManager: reBindService()
01-01 08:00:11.561  2056  2056 W ContextImpl: Implicit intents with startService are not safe: Intent { act=com.gaei.bt.service.BtSettingService } android.content.ContextWrapper.bindService:517 com.gaei.bt.manager.BaseManager.bindService:21 com.gaei.bt.manager.BaseManager.reBindService:26 
01-01 08:00:11.561  2056  2056 D BtPhoneManager: getInstance: 
01-01 08:00:11.571  2056  2056 W ContextImpl: Implicit intents with startService are not safe: Intent { act=com.gaei.bt.service.BtPhoneService } android.content.ContextWrapper.bindService:517 com.gaei.bt.manager.BaseManager.bindService:21 com.gaei.bt.manager.BaseManager.<init>:15 
01-01 08:00:11.571  2056  2056 D BTApplication: initVR
01-01 08:00:11.571  1871  2117 D VehicleManagerService: sendPacket SendReqDeviceInfo
01-01 08:00:11.571  1871  2117 D VehicleInfoProvider: construct send to mcu
01-01 08:00:11.581  1871  2117 D VehicleManagerService: sendPacket SendReqSimInfo
01-01 08:00:11.591  1871  1922 I UartProtocol: UartPrtlMsg Cbk ClId=13,Event=0
01-01 08:00:11.591  1871  1922 D VehicleInfoProvider: cbk_gps_sync 
01-01 08:00:11.591  1871  1920 D GpsInfo : m_strGpsVer =  m_nLocationMode = 0 m_nLocationChip = 0 
01-01 08:00:11.591  1871  1918 I vehicle-GAEI: control_context__Uart_Protcl_Msg_Tx_Product_Info_Req :     LINE = 147
01-01 08:00:11.591  1871  1918 I UartProtocol: UartPrtclMsg Send ClId=13,Event=1
01-01 08:00:11.591  1871  1918 I vehicle-GAEI: control_context__Uart_Protcl_Msg_Tx_Product_Info_Req :     LINE = 147   ret = true 
01-01 08:00:11.591  1871  1918 D VehicleInfoProvider: jni_reqProductSync succeed
01-01 08:00:11.591  1871  1918 D VehicleInfoProvider: native_reqProductSync
01-01 08:00:11.591  1871  1918 D VehicleInfoProvider: resend: 2 type:508
01-01 08:00:11.591  1871  2117 D VehicleInfoProvider: construct send to mcu
01-01 08:00:11.591  1871  2117 D VehicleManagerService: sendPacket SendReqSnInfo
01-01 08:00:11.621  1871  1922 I UartProtocol: UartPrtlMsg Cbk ClId=13,Event=1
01-01 08:00:11.631  2119  2119 I dalvikvm: CheckJNI enabled: not enabling JNI app bug workarounds.
01-01 08:00:11.631  1871  2117 D VehicleInfoProvider: construct send to mcu
01-01 08:00:11.631  1871  2117 D VehicleManagerService: sendPacket SendReqDidInfo
01-01 08:00:11.631  1871  2117 D VehicleInfoProvider: construct send to mcu
01-01 08:00:11.631  1871  2117 D BtSettingManager: getInstance: 
01-01 08:00:11.631  2094  2096 D dalvikvm: GC_CONCURRENT freed 235K, 19% free 1529K/1872K, paused 2ms+3ms, total 27ms
01-01 08:00:11.661  1871  1875 D dalvikvm: GC_CONCURRENT freed 133K, 9% free 4132K/4504K, paused 4ms+62ms, total 108ms
01-01 08:00:11.661  1871  1918 I vehicle-GAEI: control_context__Uart_Protcl_Msg_Tx_Device_Info_Req :     LINE = 144
01-01 08:00:11.661  1871  1918 I UartProtocol: UartPrtclMsg Send ClId=10,Event=2
01-01 08:00:11.661  1871  1918 I vehicle-GAEI: control_context__Uart_Protcl_Msg_Tx_Device_Info_Req :     LINE = 144   ret = true 
01-01 08:00:11.661  1871  1918 D VehicleInfoProvider: jni_reqDeviceInfo succeed
01-01 08:00:11.661  1871  1918 D VehicleInfoProvider: native_reqDeviceInfo
01-01 08:00:11.661  1871  1918 D VehicleInfoProvider: resend: 2 type:505
01-01 08:00:11.661  1871  1922 D VehicleInfoProvider: cbk_product_info 
01-01 08:00:11.661  1871  1920 D ProductInfo: m_strComModuleVer =  m_strHardwareVer = A06_10.1_B3B_V1.0_B3C_V2.0_H m_strSparePartNum = 8545003ADE0000 
01-01 08:00:11.661  2056  2056 I BTApplication: mKeyBackMgr != null
01-01 08:00:11.661  1871  2117 W ContextImpl: Implicit intents with startService are not safe: Intent { act=com.gaei.bt.service.BtSettingService } com.gaei.bt.manager.BaseManager.bindService:21 com.gaei.bt.manager.BaseManager.<init>:15 com.gaei.bt.manager.BtSettingManager.<init>:37 
01-01 08:00:11.661  1871  2117 D SettingBackup: dbus_read:115.
01-01 08:00:11.661  1460  1487 V SystemSettingService: Service method GetDataLegend:{
01-01 08:00:11.661  1460  1487 V SystemSettingService:    "BackupItem" : 115
01-01 08:00:11.661  1460  1487 V SystemSettingService: }
01-01 08:00:11.661  1460  1487 V SystemSettingService: .
01-01 08:00:11.661  1460  1487 V SystemSettingService: Service method GetDataLegend item:115.
01-01 08:00:11.661  1460  1487 V SystemSettingService: get item = 285.
01-01 08:00:11.661  1460  1487 I backupdata: start get item,item id is VENDOR_VTP_SIZE
01-01 08:00:11.661  1871  2054 I ActivityManager: Start proc com.gaei.speechadapter for service com.gaei.speechadapter/.SpeechAdapterService: pid=2131 uid=1000 gids={41000, 1028, 1015, 3002, 3001, 3003, 1007, 2001}
01-01 08:00:11.661  1871  2117 W ContextImpl: Calling a method in the system process without a qualified user: android.app.ContextImpl.bindService:1627 com.gaei.bt.manager.BaseManager.bindService:21 com.gaei.bt.manager.BaseManager.<init>:15 com.gaei.bt.manager.BtSettingManager.<init>:37 com.gaei.bt.manager.BtSettingManager.getInstance:31 
01-01 08:00:11.671  1460  1487 I backupdata: get_item_double_info_in_vendor:read result: 1, backup is 0!
01-01 08:00:11.671  1460  1487 I backupdata: vdata[0] = 4, vdata[1] = 255, vdata[2] = 251, vdata[3] = 0!
01-01 08:00:11.671  1460  1487 V backupdata: check:data[0] = 4
01-01 08:00:11.671  1460  1487 I backupdata: get: vendor_checksum is 64511, calc_vendor_checksum() is 64511!
01-01 08:00:11.671  1460  1487 V backupdata: check:data[0] = 4
01-01 08:00:11.671  1460  1487 I backupdata: vendor checksum is right, backup is 0!
01-01 08:00:11.671  1460  1487 I SystemSettingService: get backup normal value = 4 .
01-01 08:00:11.671  1871  2117 D SettingBackup: InvokeMethod success method:stg_mw_legend_get params:{
01-01 08:00:11.671  1871  2117 D SettingBackup: 	"BackupItem":	115
01-01 08:00:11.671  1871  2117 D SettingBackup: }.
01-01 08:00:11.671  1871  2117 D SettingBackup: readNativeBackup:{"BackupValue":4}
01-01 08:00:11.671  1871  1916 D Gaei_KeyEvent: registerKeyInfo:gaei.bluetooth
01-01 08:00:11.671  1871  1916 D Gaei_KeyEvent: Register btphone callback, name = gaei.bluetooth
01-01 08:00:11.681  1871  1892 D BluetoothManagerService: Message: 20
01-01 08:00:11.681  1871  2117 D DiagGC  : get_LCD_h_w screen read vaule : 4
01-01 08:00:11.681  1871  2117 D DiagGC  : get_LCD_h_w screen width : 1920
01-01 08:00:11.681  1871  2117 D DiagGC  : get_LCD_h_w screen height : 720
01-01 08:00:11.681  2026  2026 D BluetoothAdapter: 1103752720: getState() :  mService = null. Returning STATE_OFF
01-01 08:00:11.681  2026  2026 D BluetoothAdapter: 1103752720: getState() :  mService = null. Returning STATE_OFF
01-01 08:00:11.681  1871  2117 D SettingBackup: dbus_send:{"BackupValue":4,"BackupItem":115}
01-01 08:00:11.681  2026  2026 D PhoneStatusBar: @ConfigUtil@ shouldShowWifi3GIcon: true
01-01 08:00:11.681  1460  1487 V SystemSettingService: Service method BackupDataLegend:{
01-01 08:00:11.681  1460  1487 V SystemSettingService:    "BackupItem" : 115,
01-01 08:00:11.681  1460  1487 V SystemSettingService:    "BackupValue" : 4
01-01 08:00:11.681  1460  1487 V SystemSettingService: }
01-01 08:00:11.681  1460  1487 V SystemSettingService: .
01-01 08:00:11.681  1460  1487 V SystemSettingService: Service method BackupDataLegend item:115.
01-01 08:00:11.681  1871  1892 D BluetoothManagerService: Added callback: android.bluetooth.IBluetoothManagerCallback$Stub$Proxy@41cad920:true
01-01 08:00:11.681  1460  1487 V SystemSettingService: Service method BackupDataLegend val :4.
01-01 08:00:11.681  1460  1487 V backupdata: bk_info result: 4
01-01 08:00:11.681  1460  1487 V backupdata: crc_calc result: 4
01-01 08:00:11.681  1460  1487 I backupdata: start set item,item id is VENDOR_VTP_SIZE
01-01 08:00:11.681  1460  1487 V backupdata: check:data[0] = 4
01-01 08:00:11.681  1460  1487 V backupdata: set:vendor_checksum = 64511
01-01 08:00:11.681  1460  1487 V backupdata: vdata[0] = 4
01-01 08:00:11.681  1460  1487 V backupdata: vdata[1] = 255
01-01 08:00:11.681  1460  1487 V backupdata: vdata[2] = 251
01-01 08:00:11.681  1460  1487 I backupdata: set_item_sync_double_in_vendor:write result: 1, backup is 0!
01-01 08:00:11.681  1460  1487 V backupdata: check:data[0] = 4
01-01 08:00:11.681  1460  1487 V backupdata: set:vendor_checksum = 64511
01-01 08:00:11.681  1460  1487 V backupdata: vdata[0] = 4
01-01 08:00:11.681  1460  1487 V backupdata: vdata[1] = 255
01-01 08:00:11.681  1460  1487 V backupdata: vdata[2] = 251
01-01 08:00:11.691  1460  1487 I backupdata: set_item_sync_double_in_vendor:write result: 1, backup is 1!
01-01 08:00:11.691  1460  1487 I backupdata: set item success
01-01 08:00:11.691  1460  1487 V backupdata: free ok
01-01 08:00:11.691  1460  1487 I SystemSettingService: backup normal value = 4 .
01-01 08:00:11.691  1871  1922 I UartProtocol: UartPrtlMsg Cbk ClId=10,Event=2
01-01 08:00:11.691  1871  1922 D VehicleInfoProvider: cbk_deviceid_info 
01-01 08:00:11.691  1871  1920 D VinInfo : m_strDeviceId = 00000000000000000000 m_strIMEI = ?????????????????????????????? m_strVin = 00000000000000000 
01-01 08:00:11.701  1871  1918 I vehicle-GAEI: control_context__Uart_Protcl_Msg_Tx_Sim_Info_Req :     LINE = 142
01-01 08:00:11.701  1871  1918 I UartProtocol: UartPrtclMsg Send ClId=0,Event=73
01-01 08:00:11.701  1871  1918 I vehicle-GAEI: control_context__Uart_Protcl_Msg_Tx_Sim_Info_Req :     LINE = 142   ret = true 
01-01 08:00:11.701  1871  1918 D VehicleInfoProvider: jni_reqSimInfo succeed
01-01 08:00:11.701  1871  1918 D VehicleInfoProvider: native_reqSimInfo
01-01 08:00:11.701  1871  1918 D VehicleInfoProvider: resend: 2 type:503
01-01 08:00:11.721  1871  2117 D SettingBackup: InvokeMethod success method:stg_mw_legend_backup params:{"BackupValue":4,"BackupItem":115}.
01-01 08:00:11.721  2119  2126 D dalvikvm: GC_CONCURRENT freed 208K, 20% free 1254K/1568K, paused 2ms+14ms, total 24ms
01-01 08:00:11.731  1871  1922 I UartProtocol: UartPrtlMsg Cbk ClId=0,Event=73
01-01 08:00:11.731  1871  1922 D VehicleInfoProvider: cbk_sim_info 
01-01 08:00:11.731  1871  1875 D dalvikvm: GC_CONCURRENT freed 105K, 9% free 4116K/4504K, paused 4ms+11ms, total 51ms
01-01 08:00:11.731  1871  1918 I vehicle-GAEI: control_context__Uart_Protcl_Msg_Tx_Sn_Info_Req :     LINE = 143
01-01 08:00:11.731  1871  1918 I UartProtocol: UartPrtclMsg Send ClId=10,Event=0
01-01 08:00:11.731  1871  1918 I vehicle-GAEI: control_context__Uart_Protcl_Msg_Tx_Sn_Info_Req :     LINE = 143   ret = true 
01-01 08:00:11.731  1871  1918 D VehicleInfoProvider: jni_reqSnInfo succeed
01-01 08:00:11.731  1871  1918 D VehicleInfoProvider: native_reqSnInfo
01-01 08:00:11.731  1871  1918 D VehicleInfoProvider: resend: 2 type:504
01-01 08:00:11.731  1871  2117 D DiagGC  : get_LCD_h_w screen write value :0x04 
01-01 08:00:11.731  1871  2117 D DiagGC  : Into GpsInfo...
01-01 08:00:11.741  1871  1920 D SimInfo : m_strICCID = ???????????????????????????????????????? m_strIMEI = ?????????????????????????????? m_strIMSI = ?????????????????????????????? 
01-01 08:00:11.741  2026  2026 D PhoneStatusBar: @GaeiStatusBarController@ new GaeiStatusBarController start
01-01 08:00:11.741  2026  2026 D PACKETMGR: packetsForTransact 4
01-01 08:00:11.741  1871  2048 D VehicleManagerService: request listmap : 12
01-01 08:00:11.741  1871  2048 D VehicleManagerService: Receiver construct
01-01 08:00:11.741  1871  2048 D VehicleManagerService: Receiver construct type : class android.vehicle.IInfoListenerTransport$Stub$Proxy
01-01 08:00:11.741  2026  2026 D PhoneStatusBar: @GaeiStatusBarController@ hideOrShowIcons, who: false
01-01 08:00:11.741  2026  2026 D PhoneStatusBar: @GaeiOBDController@ setViewClickable: truetrue
01-01 08:00:11.751  2026  2026 D PhoneStatusBar: @GaeiOBDController@ setOBDIconsVisibility, visibility: 0, mObdIconIsVisible: true
01-01 08:00:11.751  2056  2056 D BtSettingManager: isBtEnabled() 
01-01 08:00:11.751  2056  2056 D BaseManager: reBindService()
01-01 08:00:11.751  2056  2056 W ContextImpl: Implicit intents with startService are not safe: Intent { act=com.gaei.bt.service.BtSettingService } android.content.ContextWrapper.bindService:517 com.gaei.bt.manager.BaseManager.bindService:21 com.gaei.bt.manager.BaseManager.reBindService:26 
01-01 08:00:11.751  1871  2117 D GPSInfo : TAG = DiagDataPackage m_bLocationIC = 0 m_bLocationMode = 0 m_bLocationTimer = 0 tmp = 262144 
01-01 08:00:11.761  2026  2026 D PhoneStatusBar: @GaeiOBDController@ updateHvacStatus=android.vehicle.packets.notifyPackets.vehicleInfo.HvacStatus@41ca7870
01-01 08:00:11.761  2026  2026 D PhoneStatusBar: @GaeiOBDController@ really updateHvacStatus
01-01 08:00:11.761  2026  2026 D PhoneStatusBar: @GaeiOBDController@ setOBDIconsVisibility, visibility: 0, mObdIconIsVisible: true
01-01 08:00:11.761  2026  2026 D PhoneStatusBar: @GaeiOBDController@ updateHvacStatus=android.vehicle.packets.notifyPackets.vehicleInfo.HvacStatus@41caa650
01-01 08:00:11.761  2026  2026 D PhoneStatusBar: @GaeiOBDController@ really updateHvacStatus
01-01 08:00:11.771  1871  1918 I vehicle-GAEI: control_context__Uart_Protcl_Msg_Tx_Did_Info_Req :     LINE = 148
01-01 08:00:11.771  1871  1918 I UartProtocol: UartPrtclMsg Send ClId=13,Event=2
01-01 08:00:11.771  1871  1918 I vehicle-GAEI: control_context__Uart_Protcl_Msg_Tx_Did_Info_Req :     LINE = 148   ret = true 
01-01 08:00:11.771  1871  1918 D VehicleInfoProvider: jni_reqDidInfo succeed
01-01 08:00:11.771  2026  2026 W Settings: Setting mobile_data has moved from android.provider.Settings.Secure to android.provider.Settings.Global, returning global URI.
01-01 08:00:11.771  1871  1918 D VehicleInfoProvider: native_reqDidInfo
01-01 08:00:11.771  1871  1918 D VehicleInfoProvider: resend: 2 type:509
01-01 08:00:11.771  2056  2056 D BluetoothAppWidget: action = android.appwidget.action.APPWIDGET_DELETED
01-01 08:00:11.771  1871  1922 I UartProtocol: UartPrtlMsg Cbk ClId=10,Event=0
01-01 08:00:11.771  1871  1922 D VehicleInfoProvider: cbk_sn_info 
01-01 08:00:11.771  2056  2056 D BluetoothAppWidget: action = android.appwidget.action.APPWIDGET_DISABLED
01-01 08:00:11.781  1985  1985 D dalvikvm: GC_FOR_ALLOC freed 1K, 5% free 5138K/5396K, paused 19ms, total 19ms
01-01 08:00:11.781  1871  1875 D dalvikvm: GC_CONCURRENT freed 75K, 9% free 4126K/4504K, paused 4ms+8ms, total 54ms
01-01 08:00:11.791  2026  2026 D SettingBackup: ----- Java_SettingBackup_nativeInit dataBackUpInit
01-01 08:00:11.791  2026  2026 D SettingBackup: --- dataBackUpInit  --
01-01 08:00:11.791  2026  2026 D SettingBackup: dbus_init
01-01 08:00:11.801  2026  2026 D SettingBackup: BackupDataDbus::InitialDBus :0.
01-01 08:00:11.801  2026  2026 D SettingBackup: xxx_ipc_get_connection :0.
01-01 08:00:11.811  1871  1920 D SnInfo  :  strCheckSum : 0 strProduct : 00000 strCode : 00000 strLine : 0 strStateEncode : 0000 strState : 0000
01-01 08:00:11.811  1871  1920 D SnInfo  : m_strInfo = 00000000000000000000 
01-01 08:00:11.811  1958  1958 D LockScreenWidget: LockScreenWidget
01-01 08:00:11.811  1958  1958 D LockScreenWidget: onReceive start
01-01 08:00:11.811  1958  1958 D WidgetUpdateUtil: updateWidget
01-01 08:00:11.811  1958  1958 D WidgetUpdateUtil: LOCKSCREEN_MODE_CLOCK
01-01 08:00:11.811  1958  1958 D WidgetUpdateUtil: LOCKSCREEN_MODE_CLOCK_TEXT
01-01 08:00:11.811  2026  2026 D SettingBackup: ConnectDbusDaemon success = com.thundersoft.service.setting.
01-01 08:00:11.811  2026  2026 D SettingBackup: connect dbus daemon success.
01-01 08:00:11.821  2026  2026 D SettingBackup: dbus com.thundersoft.service.setting has owner.
01-01 08:00:11.821  2026  2026 D SettingBackup: BackupDataDbus::onSrvRunning : 1
01-01 08:00:11.821  1871  1922 I UartProtocol: UartPrtlMsg Cbk ClId=13,Event=2
01-01 08:00:11.821  1871  1922 D VehicleInfoProvider: cbk_did_info
01-01 08:00:11.821  2026  2026 D SettingBackup: dbus_read:102.
01-01 08:00:11.821  1460  1487 V SystemSettingService: Service method GetDataLegend:{
01-01 08:00:11.821  1460  1487 V SystemSettingService:    "BackupItem" : 102
01-01 08:00:11.821  1460  1487 V SystemSettingService: }
01-01 08:00:11.821  1460  1487 V SystemSettingService: .
01-01 08:00:11.821  1460  1487 V SystemSettingService: Service method GetDataLegend item:102.
01-01 08:00:11.821  1460  1487 V SystemSettingService: get item = 269.
01-01 08:00:11.821  1460  1487 I backupdata: start get item,item id is VENDOR_USB2
01-01 08:00:11.821  1958  1958 D WidgetUpdateUtil:  selectClockScreenMode
01-01 08:00:11.831  1871  1920 D DidInfo : S_CODE_38 = 38 m_data0x114 = [B@41cd7480 m_data0x100 = [B@41cdeba8 m_data0x101 = [B@41cdebc8 m_data0x102 = [B@41cdebe8 m_data0x103 = [B@41cd7450 m_data0x107 = [B@41cd7468 m_data0x105 = 1 m_data0x106 = 1 m_data0x104 = 0 m_data0x109 = 19 m_data0x112 = 72 m_data0x113 = 0 mData0x115 = 0 
01-01 08:00:11.831  1460  1487 I backupdata: get_item_double_info_in_vendor:read result: 1, backup is 0!
01-01 08:00:11.831  1460  1487 I backupdata: vdata[0] = 0, vdata[1] = 255, vdata[2] = 255, vdata[3] = 73!
01-01 08:00:11.831  1460  1487 V backupdata: check:data[0] = 0
01-01 08:00:11.831  1460  1487 I backupdata: get: vendor_checksum is 65535, calc_vendor_checksum() is 65535!
01-01 08:00:11.831  1460  1487 V backupdata: check:data[0] = 0
01-01 08:00:11.831  1460  1487 I backupdata: vendor checksum is right, backup is 0!
01-01 08:00:11.831  1460  1487 I SystemSettingService: get backup normal value = 0 .
01-01 08:00:11.831  2026  2026 D SettingBackup: InvokeMethod success method:stg_mw_legend_get params:{
01-01 08:00:11.831  2026  2026 D SettingBackup: 	"BackupItem":	102
01-01 08:00:11.831  2026  2026 D SettingBackup: }.
01-01 08:00:11.831  2026  2026 D SettingBackup: readNativeBackup:{"BackupValue":0}
01-01 08:00:11.831  1871  2117 D DiagGC  : Into DIDInfo...
01-01 08:00:11.831  1871  2117 D DiagGC  : Into WriteDIDHandler from uart ...
01-01 08:00:11.841  1871  2117 D DiagGC  : Find valid DID ...
01-01 08:00:11.841  2026  2026 D PhoneStatusBar: @GaeiStatusBarController@ SystemStartTime is 12538
01-01 08:00:11.851  1871  2117 D DiagGC  : Into WriteDIDHandler from uart ...
01-01 08:00:11.851  1871  2117 D DiagGC  : Find valid DID ...
01-01 08:00:11.861  1871  2117 D DiagGC  : 0x0101 Write data = 116
01-01 08:00:11.861  1871  2117 D DiagGC  : 0x0101 Write data = -96
01-01 08:00:11.861  1871  2117 D DiagGC  : 0x0101 Write data = 15
01-01 08:00:11.861  1871  2117 D DiagGC  : 0x0101 Write data = 116
01-01 08:00:11.861  1871  2117 D DiagGC  : 0x0101 Write data = 0
01-01 08:00:11.861  1871  2117 D DiagGC  : 0x0101 Write data = 0
01-01 08:00:11.861  1871  2117 D DiagGC  : 0x0101 Write data = 0
01-01 08:00:11.861  1871  2117 D DiagGC  : 0x0101 Write data = 0
01-01 08:00:11.861  1871  2117 D DiagGC  : 0x0101 Write data = 0
01-01 08:00:11.861  2026  2030 D dalvikvm: GC_CONCURRENT freed 179K, 8% free 3449K/3736K, paused 1ms+2ms, total 66ms
01-01 08:00:11.861  2026  2026 D dalvikvm: WAIT_FOR_CONCURRENT_GC blocked 9ms
01-01 08:00:11.871  1871  1915 D DspService: registerMuteStateChanged, success: true
01-01 08:00:11.871  1871  1883 D DspService: registerVolumeChanged, success: true
01-01 08:00:11.871  2026  2026 E DspManager: registerVolumeChanged android.os.DspManager$1@41ca3bd8
01-01 08:00:11.871  2026  2026 D PhoneStatusBar: @GaeiStatusBarController@ new GaeiStatusBarController end
01-01 08:00:11.871  2026  2026 D PhoneStatusBar: @PhoneStatusBar@ makeStatusBarView end
01-01 08:00:11.871  2026  2026 D PhoneStatusBar: lgfTest makeStatusBarView() end
01-01 08:00:11.881  1871  2117 D DiagGC  : Into WriteDIDHandler from uart ...
01-01 08:00:11.881  1871  2117 D DiagGC  : Find valid DID ...
01-01 08:00:11.891  1871  2117 D DiagGC  : Into WriteDIDHandler from uart ...
01-01 08:00:11.901  1871  2117 D DiagGC  : Find valid DID ...
01-01 08:00:11.911  1871  2117 D DiagGC  : Into WriteDIDHandler from uart ...
01-01 08:00:11.911  1871  2117 D DiagGC  : Find valid DID ...
01-01 08:00:11.931  1871  1875 D dalvikvm: GC_CONCURRENT freed 247K, 8% free 4158K/4508K, paused 3ms+8ms, total 58ms
01-01 08:00:11.931  2026  2026 D PhoneStatusBar: lgfTest mWindowManager.removeView
01-01 08:00:11.951  1871  2117 D DiagGC  : Into WriteDIDHandler from uart ...
01-01 08:00:11.961  1871  2117 D DiagGC  : Find valid DID ...
01-01 08:00:11.961  2026  2026 D dalvikvm: GC_FOR_ALLOC freed 72K, 9% free 3432K/3768K, paused 17ms, total 17ms
01-01 08:00:11.961  1871  2117 D DiagGC  : Into WriteDIDHandler from uart ...
01-01 08:00:11.961  1871  2117 D DiagGC  : Find valid DID ...
01-01 08:00:11.971  2026  2026 I dalvikvm-heap: Grow heap (frag case) to 5.070MB for 1699136-byte allocation
01-01 08:00:11.981  2131  2134 D dalvikvm: GC_CONCURRENT freed 211K, 20% free 1343K/1660K, paused 4ms+25ms, total 38ms
01-01 08:00:11.981  2119  2126 D dalvikvm: GC_CONCURRENT freed 181K, 17% free 1467K/1756K, paused 3ms+23ms, total 63ms
01-01 08:00:12.001  1871  2117 D DiagGC  : Into WriteDIDHandler from uart ...
01-01 08:00:12.001  2026  2030 D dalvikvm: GC_CONCURRENT freed <1K, 7% free 5091K/5428K, paused 1ms+2ms, total 30ms
01-01 08:00:12.001  2026  2037 D dalvikvm: WAIT_FOR_CONCURRENT_GC blocked 28ms
01-01 08:00:12.021  1871  2117 D DiagGC  : Find valid DID ...
01-01 08:00:12.021  1871  2117 D DiagGC  : Into WriteDIDHandler from uart ...
01-01 08:00:12.021  1871  2117 D DiagGC  : Find valid DID ...
01-01 08:00:12.041  1871  2117 D DiagGC  : Into WriteDIDHandler from uart ...
01-01 08:00:12.041  1871  2117 D DiagGC  : Find valid DID ...
01-01 08:00:12.041  1871  2117 D DiagGC  : Into WriteDIDHandler from uart ...
01-01 08:00:12.041  1871  2117 D DiagGC  : Find valid DID ...
01-01 08:00:12.081  2131  2134 D dalvikvm: GC_CONCURRENT freed 271K, 20% free 1532K/1912K, paused 3ms+3ms, total 35ms
01-01 08:00:12.101  1871  2117 D DiagDataPackage: settBackup/mMgr/dMgr != null
01-01 08:00:12.101  1871  2117 D SettingBackup: dbus_read:103.
01-01 08:00:12.101  1460  1487 V SystemSettingService: Service method GetDataLegend:{
01-01 08:00:12.101  1460  1487 V SystemSettingService:    "BackupItem" : 103
01-01 08:00:12.101  1460  1487 V SystemSettingService: }
01-01 08:00:12.101  1460  1487 V SystemSettingService: .
01-01 08:00:12.101  1460  1487 V SystemSettingService: Service method GetDataLegend item:103.
01-01 08:00:12.101  1460  1487 V SystemSettingService: get item = 270.
01-01 08:00:12.101  1460  1487 I backupdata: start get item,item id is VENDOR_VEHICLE_PLATFORM
01-01 08:00:12.111  1460  1487 I backupdata: get_item_double_info_in_vendor:read result: 1, backup is 0!
01-01 08:00:12.111  1460  1487 I backupdata: vdata[0] = 7, vdata[1] = 255, vdata[2] = 248, vdata[3] = 73!
01-01 08:00:12.111  1460  1487 V backupdata: check:data[0] = 7
01-01 08:00:12.111  1460  1487 I backupdata: get: vendor_checksum is 63743, calc_vendor_checksum() is 63743!
01-01 08:00:12.111  1460  1487 V backupdata: check:data[0] = 7
01-01 08:00:12.111  1460  1487 I backupdata: vendor checksum is right, backup is 0!
01-01 08:00:12.111  1460  1487 I SystemSettingService: get backup normal value = 7 .
01-01 08:00:12.111  1871  2117 D SettingBackup: InvokeMethod success method:stg_mw_legend_get params:{
01-01 08:00:12.111  1871  2117 D SettingBackup: 	"BackupItem":	103
01-01 08:00:12.111  1871  2117 D SettingBackup: }.
01-01 08:00:12.111  1871  2117 D SettingBackup: readNativeBackup:{"BackupValue":7}
01-01 08:00:12.111  1871  2117 D DiagDataPackage: read_from_Backup VEHICLE_PLATFORM = 7
01-01 08:00:12.111  1871  2117 D DiagDataPackage: Backup VEHICLE_PLATFORM is no needed write... 
01-01 08:00:12.111  1871  2117 D SettingBackup: dbus_read:70.
01-01 08:00:12.111  1958  1958 D LockScreenWidget: onDeleted
01-01 08:00:12.111  1958  1958 D LockScreenWidget: onReceiver Intent { act=android.appwidget.action.APPWIDGET_DELETED flg=0x10 cmp=gaei.lockscreen/.widget.LockScreenWidget (has extras) }
01-01 08:00:12.111  1460  1487 V SystemSettingService: Service method GetDataLegend:{
01-01 08:00:12.111  1460  1487 V SystemSettingService:    "BackupItem" : 70
01-01 08:00:12.111  1460  1487 V SystemSettingService: }
01-01 08:00:12.111  1460  1487 V SystemSettingService: .
01-01 08:00:12.111  1460  1487 V SystemSettingService: Service method GetDataLegend item:70.
01-01 08:00:12.111  1460  1487 V SystemSettingService: get item = 274.
01-01 08:00:12.111  1460  1487 I backupdata: start get item,item id is VENDOR_DRIVE_ASSISTANCE
01-01 08:00:12.121  1460  1487 I backupdata: get_item_double_info_in_vendor:read result: 1, backup is 0!
01-01 08:00:12.121  1460  1487 I backupdata: vdata[0] = 0, vdata[1] = 255, vdata[2] = 255, vdata[3] = 73!
01-01 08:00:12.121  1460  1487 V backupdata: check:data[0] = 0
01-01 08:00:12.121  1460  1487 I backupdata: get: vendor_checksum is 65535, calc_vendor_checksum() is 65535!
01-01 08:00:12.121  1460  1487 V backupdata: check:data[0] = 0
01-01 08:00:12.121  1460  1487 I backupdata: vendor checksum is right, backup is 0!
01-01 08:00:12.121  1460  1487 I SystemSettingService: get backup normal value = 0 .
01-01 08:00:12.121  1871  2117 D SettingBackup: InvokeMethod success method:stg_mw_legend_get params:{
01-01 08:00:12.121  1871  2117 D SettingBackup: 	"BackupItem":	70
01-01 08:00:12.121  1871  2117 D SettingBackup: }.
01-01 08:00:12.121  1871  2117 D SettingBackup: readNativeBackup:{"BackupValue":0}
01-01 08:00:12.121  1871  2117 D DiagDataPackage: read_from_Backup DRIVE_ASSISTANCE = 0
01-01 08:00:12.121  1871  2117 D DiagDataPackage: Backup DRIVE_ASSISTANCE is no needed write... 
01-01 08:00:12.121  1871  2117 D SettingBackup: dbus_read:79.
01-01 08:00:12.121  1460  1487 V SystemSettingService: Service method GetDataLegend:{
01-01 08:00:12.121  1460  1487 V SystemSettingService:    "BackupItem" : 79
01-01 08:00:12.121  1460  1487 V SystemSettingService: }
01-01 08:00:12.121  1460  1487 V SystemSettingService: .
01-01 08:00:12.121  1460  1487 V SystemSettingService: Service method GetDataLegend item:79.
01-01 08:00:12.121  1460  1487 V SystemSettingService: get item = 275.
01-01 08:00:12.121  1460  1487 I backupdata: start get item,item id is VENDOR_RADAR_NUMBER_CFG
01-01 08:00:12.121  1460  1487 I backupdata: get_item_double_info_in_vendor:read result: 1, backup is 0!
01-01 08:00:12.121  1460  1487 I backupdata: vdata[0] = 0, vdata[1] = 255, vdata[2] = 255, vdata[3] = 0!
01-01 08:00:12.121  1460  1487 V backupdata: check:data[0] = 0
01-01 08:00:12.121  1460  1487 I backupdata: get: vendor_checksum is 65535, calc_vendor_checksum() is 65535!
01-01 08:00:12.121  1460  1487 V backupdata: check:data[0] = 0
01-01 08:00:12.121  1460  1487 I backupdata: vendor checksum is right, backup is 0!
01-01 08:00:12.131  1460  1487 I SystemSettingService: get backup normal value = 0 .
01-01 08:00:12.131  1871  2117 D SettingBackup: InvokeMethod success method:stg_mw_legend_get params:{
01-01 08:00:12.131  1871  2117 D SettingBackup: 	"BackupItem":	79
01-01 08:00:12.131  1871  2117 D SettingBackup: }.
01-01 08:00:12.131  1871  2117 D SettingBackup: readNativeBackup:{"BackupValue":0}
01-01 08:00:12.131  1871  2117 D DiagDataPackage: read_from_Backup RADAR_NUMBER_CFG = 0
01-01 08:00:12.131  1871  2117 D DiagDataPackage: Backup RADAR_NUMBER_CFG is no needed write... 
01-01 08:00:12.131  1871  2117 D SettingBackup: dbus_read:105.
01-01 08:00:12.131  1460  1487 V SystemSettingService: Service method GetDataLegend:{
01-01 08:00:12.131  1460  1487 V SystemSettingService:    "BackupItem" : 105
01-01 08:00:12.131  1460  1487 V SystemSettingService: }
01-01 08:00:12.131  1460  1487 V SystemSettingService: .
01-01 08:00:12.131  1460  1487 V SystemSettingService: Service method GetDataLegend item:105.
01-01 08:00:12.131  1460  1487 V SystemSettingService: get item = 272.
01-01 08:00:12.131  1460  1487 I backupdata: start get item,item id is VENDOR_REVERSE_RADAR
01-01 08:00:12.141  2026  2026 D AudioSourceManagerJni: AudioSourceManagerJni:initAudioSourceJni Jni Enter fromHost = 0
01-01 08:00:12.141  2026  2026 D AudioSourceManagerJni: func: getAudioSourceManagerService, Enter
01-01 08:00:12.141  2026  2026 D AudioSourceManagerJni: IAudioSourceManagerService getService 0x5a5e6f10:media.audio_source.
01-01 08:00:12.141  2026  2026 D AudioSourceManagerService: BpAudioSourceManagerService Bp Enter
01-01 08:00:12.141  2026  2026 D AudioSourceManagerService: registerClient Bp Enter
01-01 08:00:12.141  1464  1464 D AudioSourceManagerService: onTransact Bn Enter, code:4
01-01 08:00:12.141  1464  1464 D AudioSourceManagerService: registerClient NEnter
01-01 08:00:12.141  1464  1464 V AudioSourceManagerService: registerClient() client 0x40712dc0, pid 2026
01-01 08:00:12.141  2026  2026 D AudioSourceManagerJni: AudioSourceManagerJni:initAudioSourceJni Jni Leave
01-01 08:00:12.141  2026  2026 D AudioSourceManager: AudioSourceManager construct.
01-01 08:00:12.161  1871  1915 I ActivityManager: Start proc com.gaei.vehichesetting for broadcast com.gaei.vehichesetting/.widget.VehicleAppWidgetProvider: pid=2168 uid=1000 gids={41000, 1028, 1015, 3002, 3001, 3003, 1007, 2001}
01-01 08:00:12.171  1985  1985 D dalvikvm: GC_FOR_ALLOC freed <1K, 4% free 6233K/6488K, paused 18ms, total 18ms
01-01 08:00:12.181  1985  1985 I musicWidgetCode: 3.4.24.1
01-01 08:00:12.181  1985  1985 I WidgetViewImp: --------initView--------2018-08-09-10:25
01-01 08:00:12.181  1985  1985 I WidgetPresenterImpl: --------WidgetPresenterImpl--------
01-01 08:00:12.271  2168  2170 D dalvikvm: GC_CONCURRENT freed 224K, 21% free 1269K/1596K, paused 3ms+2ms, total 18ms
01-01 08:00:12.281  1460  1487 I backupdata: get_item_double_info_in_vendor:read result: 1, backup is 0!
01-01 08:00:12.281  1460  1487 I backupdata: vdata[0] = 0, vdata[1] = 255, vdata[2] = 255, vdata[3] = 64!
01-01 08:00:12.281  1460  1487 V backupdata: check:data[0] = 0
01-01 08:00:12.281  1460  1487 I backupdata: get: vendor_checksum is 65535, calc_vendor_checksum() is 65535!
