01-01 08:00:08.280  1460  1487 I backupdata: start get item,item id is SETTING_HMI_HDMI_DAYLEVEL
01-01 08:00:08.280  1460  1487 V backupdata: fullpath is /data/home/backdata/SETTING_HMI_HDMI_DAYLEVEL.bak
01-01 08:00:08.280  1460  1487 V backupdata: now opening backup data file
01-01 08:00:08.280  1460  1487 V backupdata: filename is /data/home/backdata/SETTING_HMI_HDMI_DAYLEVEL.bak
01-01 08:00:08.280  1460  1487 I backupdata: get_item_in_emmc:read result: 1,while 40 bytes should be read
01-01 08:00:08.280  1460  1487 I backupdata: bak crc return is 1
01-01 08:00:08.280  1460  1487 I SystemSettingService: get backup normal value = 50 .
01-01 08:00:08.280  1871  1871 D SettingBackup: InvokeMethod success method:stg_mw_legend_get params:{
01-01 08:00:08.280  1871  1871 D SettingBackup: 	"BackupItem":	162
01-01 08:00:08.280  1871  1871 D SettingBackup: }.
01-01 08:00:08.280  1871  1871 D SettingBackup: readNativeBackup:{"BackupValue":50}
01-01 08:00:08.280  1871  1871 D SettingBackup: dbus_read:163.
01-01 08:00:08.280  1460  1487 V SystemSettingService: Service method GetDataLegend:{
01-01 08:00:08.280  1460  1487 V SystemSettingService:    "BackupItem" : 163
01-01 08:00:08.280  1460  1487 V SystemSettingService: }
01-01 08:00:08.280  1460  1487 V SystemSettingService: .
01-01 08:00:08.280  1460  1487 V SystemSettingService: Service method GetDataLegend item:163.
01-01 08:00:08.280  1460  1487 V SystemSettingService: get item = 215.
01-01 08:00:08.280  1460  1487 I backupdata: start get item,item id is SETTING_HMI_HDMI_NIGHTLEVEL
01-01 08:00:08.280  1460  1487 V backupdata: fullpath is /data/home/backdata/SETTING_HMI_HDMI_NIGHTLEVEL.bak
01-01 08:00:08.280  1460  1487 V backupdata: now opening backup data file
01-01 08:00:08.280  1460  1487 V backupdata: filename is /data/home/backdata/SETTING_HMI_HDMI_NIGHTLEVEL.bak
01-01 08:00:08.280  1460  1487 I backupdata: get_item_in_emmc:read result: 1,while 40 bytes should be read
01-01 08:00:08.280  1460  1487 I backupdata: bak crc return is 1
01-01 08:00:08.280  1460  1487 I SystemSettingService: get backup normal value = 50 .
01-01 08:00:08.280  1871  1871 D SettingBackup: InvokeMethod success method:stg_mw_legend_get params:{
01-01 08:00:08.280  1871  1871 D SettingBackup: 	"BackupItem":	163
01-01 08:00:08.280  1871  1871 D SettingBackup: }.
01-01 08:00:08.280  1871  1871 D SettingBackup: readNativeBackup:{"BackupValue":50}
01-01 08:00:08.280  1871  1871 D PowerManagerService: initBNModeParam mDayLevel: 50
01-01 08:00:08.280  1871  1871 D PowerManagerService: initBNModeParam mNightLevel: 50
01-01 08:00:08.280  1871  1871 D PowerManagerService: initBNModeParam mParkingLamp: false
01-01 08:00:08.280  1871  1871 I SystemServer: AppWidget Service
01-01 08:00:08.290  1871  1922 I UartProtocol: UartPrtlMsg Cbk ClId=0,Event=73
01-01 08:00:08.290  1871  1922 D VehicleInfoProvider: cbk_sim_info 
01-01 08:00:08.290  1871  1920 D SimInfo : m_strICCID = ???????????????????????????????????????? m_strIMEI = ?????????????????????????????? m_strIMSI = ?????????????????????????????? 
01-01 08:00:08.290  1871  1871 D DspService: [audio]DspService() : DspService starting...
01-01 08:00:08.290  1871  1871 D com_android_server_dsp_DspService: [Line] : 202; [Func] : android_DspService_init() : android_DspService_init
01-01 08:00:08.290  1871  1871 I dsp-GAEI: Dsp_Msg_Register success!
01-01 08:00:08.290  1871  1871 D DspService: stream music on
01-01 08:00:08.290  1871  1871 D DspService: stream notification on
01-01 08:00:08.290  1871  1871 D DspService: stream tts on
01-01 08:00:08.290  1871  1871 D SettingBackup: dbus_read:50.
01-01 08:00:08.290  1871  1922 I UartProtocol: UartPrtlMsg Cbk ClId=4,Event=25
01-01 08:00:08.290  1871  1922 D VehicleInfoProvider: cbk_fuel_info2
01-01 08:00:08.290  1871  1918 I vehicle-GAEI: control_context__Uart_Protcl_Msg_Tx_Device_Info_Req :     LINE = 144
01-01 08:00:08.290  1871  1918 I UartProtocol: UartPrtclMsg Send ClId=10,Event=2
01-01 08:00:08.290  1871  1918 I vehicle-GAEI: control_context__Uart_Protcl_Msg_Tx_Device_Info_Req :     LINE = 144   ret = true 
01-01 08:00:08.290  1871  1918 D VehicleInfoProvider: jni_reqDeviceInfo succeed
01-01 08:00:08.290  1871  1918 D VehicleInfoProvider: native_reqDeviceInfo
01-01 08:00:08.290  1871  1918 D VehicleInfoProvider: resend: 2 type:505
01-01 08:00:08.290  1460  1487 V SystemSettingService: Service method GetDataLegend:{
01-01 08:00:08.290  1460  1487 V SystemSettingService:    "BackupItem" : 50
01-01 08:00:08.290  1460  1487 V SystemSettingService: }
01-01 08:00:08.290  1460  1487 V SystemSettingService: .
01-01 08:00:08.290  1460  1487 V SystemSettingService: Service method GetDataLegend item:50.
01-01 08:00:08.290  1460  1487 V SystemSettingService: get item = 196.
01-01 08:00:08.290  1460  1487 I backupdata: start get item,item id is SETTING_3D_EFFECT
01-01 08:00:08.290  1460  1487 V backupdata: fullpath is /data/home/backdata/SETTING_3D_EFFECT.bak
01-01 08:00:08.290  1460  1487 V backupdata: now opening backup data file
01-01 08:00:08.290  1460  1487 V backupdata: filename is /data/home/backdata/SETTING_3D_EFFECT.bak
01-01 08:00:08.290  1871  1920 D FuelInfo2: m_bRLWheelSpdVD = false m_nAvgFuelConsumed = 0 m_nFuelInsConsumed = 0 m_nFuelPulse = 0 m_nRLWheelSpdEdgesSum = 0 
01-01 08:00:08.290  1460  1487 I backupdata: get_item_in_emmc:read result: 1,while 40 bytes should be read
01-01 08:00:08.290  1460  1487 I backupdata: bak crc return is 1
01-01 08:00:08.290  1460  1487 I SystemSettingService: get backup normal value = 2 .
01-01 08:00:08.290  1871  1871 D SettingBackup: InvokeMethod success method:stg_mw_legend_get params:{
01-01 08:00:08.290  1871  1871 D SettingBackup: 	"BackupItem":	50
01-01 08:00:08.290  1871  1871 D SettingBackup: }.
01-01 08:00:08.290  1871  1871 D SettingBackup: readNativeBackup:{"BackupValue":2}
01-01 08:00:08.290  1871  1871 D SettingBackup: dbus_read:55.
01-01 08:00:08.290  1871  1871 I SystemServer: DspService
01-01 08:00:08.300  1460  1487 V SystemSettingService: Service method GetDataLegend:{
01-01 08:00:08.300  1460  1487 V SystemSettingService:    "BackupItem" : 55
01-01 08:00:08.300  1460  1487 V SystemSettingService: }
01-01 08:00:08.300  1460  1487 V SystemSettingService: .
01-01 08:00:08.300  1460  1487 V SystemSettingService: Service method GetDataLegend item:55.
01-01 08:00:08.300  1460  1487 V SystemSettingService: get item = 210.
01-01 08:00:08.300  1460  1487 I backupdata: start get item,item id is SETTING_VIRTUAL_SOUND
01-01 08:00:08.300  1460  1487 V backupdata: fullpath is /data/home/backdata/SETTING_VIRTUAL_SOUND.bak
01-01 08:00:08.300  1460  1487 V backupdata: now opening backup data file
01-01 08:00:08.300  1460  1487 V backupdata: filename is /data/home/backdata/SETTING_VIRTUAL_SOUND.bak
01-01 08:00:08.300  1460  1487 I backupdata: get_item_in_emmc:read result: 1,while 40 bytes should be read
01-01 08:00:08.300  1460  1487 I backupdata: bak crc return is 1
01-01 08:00:08.300  1460  1487 I SystemSettingService: get backup normal value = 1 .
01-01 08:00:08.300  1871  1871 D SettingBackup: InvokeMethod success method:stg_mw_legend_get params:{
01-01 08:00:08.300  1871  1871 D SettingBackup: 	"BackupItem":	55
01-01 08:00:08.300  1871  1871 D SettingBackup: }.
01-01 08:00:08.300  1871  1871 D SettingBackup: readNativeBackup:{"BackupValue":1}
01-01 08:00:08.300  1871  1871 D DspService: init arkamys mode: 2, arkamys bass: 1
01-01 08:00:08.300  1871  1871 D SettingBackup: dbus_read:42.
01-01 08:00:08.300  1460  1487 V SystemSettingService: Service method GetDataLegend:{
01-01 08:00:08.300  1460  1487 V SystemSettingService:    "BackupItem" : 42
01-01 08:00:08.300  1460  1487 V SystemSettingService: }
01-01 08:00:08.300  1460  1487 V SystemSettingService: .
01-01 08:00:08.300  1460  1487 V SystemSettingService: Service method GetDataLegend item:42.
01-01 08:00:08.300  1460  1487 V SystemSettingService: get item = 201.
01-01 08:00:08.300  1460  1487 I backupdata: start get item,item id is SETTING_AUDIO_FIELD_POS_LR
01-01 08:00:08.300  1460  1487 V backupdata: fullpath is /data/home/backdata/SETTING_AUDIO_FIELD_POS_LR.bak
01-01 08:00:08.300  1460  1487 V backupdata: now opening backup data file
01-01 08:00:08.300  1460  1487 V backupdata: filename is /data/home/backdata/SETTING_AUDIO_FIELD_POS_LR.bak
01-01 08:00:08.300  1871  1922 D VehicleInfoProvider: cbk_BackAcc
01-01 08:00:08.300  1460  1487 I backupdata: get_item_in_emmc:read result: 1,while 40 bytes should be read
01-01 08:00:08.300  1460  1487 I backupdata: bak crc return is 1
01-01 08:00:08.300  1460  1487 I SystemSettingService: get backup normal value = 7 .
01-01 08:00:08.300  1871  1871 D SettingBackup: InvokeMethod success method:stg_mw_legend_get params:{
01-01 08:00:08.300  1871  1871 D SettingBackup: 	"BackupItem":	42
01-01 08:00:08.300  1871  1871 D SettingBackup: }.
01-01 08:00:08.300  1871  1871 D SettingBackup: readNativeBackup:{"BackupValue":7}
01-01 08:00:08.300  1871  1871 D SettingBackup: dbus_read:80.
01-01 08:00:08.310  1460  1487 V SystemSettingService: Service method GetDataLegend:{
01-01 08:00:08.310  1460  1487 V SystemSettingService:    "BackupItem" : 80
01-01 08:00:08.310  1460  1487 V SystemSettingService: }
01-01 08:00:08.310  1460  1487 V SystemSettingService: .
01-01 08:00:08.310  1460  1487 V SystemSettingService: Service method GetDataLegend item:80.
01-01 08:00:08.310  1460  1487 V SystemSettingService: get item = 202.
01-01 08:00:08.310  1460  1487 I backupdata: start get item,item id is SETTING_AUDIO_FIELD_POS_FB
01-01 08:00:08.310  1460  1487 V backupdata: fullpath is /data/home/backdata/SETTING_AUDIO_FIELD_POS_FB.bak
01-01 08:00:08.310  1460  1487 V backupdata: now opening backup data file
01-01 08:00:08.310  1460  1487 V backupdata: filename is /data/home/backdata/SETTING_AUDIO_FIELD_POS_FB.bak
01-01 08:00:08.310  1871  1920 D BackAcc : m_bBackStatus = false m_byteBackLightLevel = 3 m_byteBlindZoneStatus = 0 m_byteSurroundviewStatus = 0 m_nKeyOn = 0 m_nWheelRad = -7800 
01-01 08:00:08.310  1460  1487 I backupdata: get_item_in_emmc:read result: 1,while 40 bytes should be read
01-01 08:00:08.310  1460  1487 I backupdata: bak crc return is 1
01-01 08:00:08.310  1460  1487 I SystemSettingService: get backup normal value = 7 .
01-01 08:00:08.310  1871  1871 D SettingBackup: InvokeMethod success method:stg_mw_legend_get params:{
01-01 08:00:08.310  1871  1871 D SettingBackup: 	"BackupItem":	80
01-01 08:00:08.310  1871  1871 D SettingBackup: }.
01-01 08:00:08.310  1871  1871 D SettingBackup: readNativeBackup:{"BackupValue":7}
01-01 08:00:08.310  1871  1871 I dsp-GAEI: [gaei_dsp]	control_context__setBalance
01-01 08:00:08.310  1871  1871 I dsp-GAEI: [gaei_dsp]   control_context__setBalance  left=7, top=7
01-01 08:00:08.310  1871  1871 D DspService: setBalance, x: 7, y: 7, result: 0, save: false
01-01 08:00:08.310  1871  1871 D DspService: init balance default.
01-01 08:00:08.310  1871  1871 D com_android_server_dsp_DspService: [Line] : 535; [Func] : android_DspService_setArkamysMode() : [audio]android_DspService_setArkamysMode
01-01 08:00:08.310  1871  1871 I dsp-GAEI: [gaei_dsp]	control_context__setMute channel = 0
01-01 08:00:08.310  1871  1871 I dsp-GAEI: [gaei_dsp]       control_context__setMute   =  mute 
01-01 08:00:08.310  1871  1871 I dsp-GAEI: [gaei_dsp]  xzh delay 120ms    control_context__setMute set mute for set arkamys   
01-01 08:00:08.310  1871  1922 I UartProtocol: UartPrtlMsg Cbk ClId=10,Event=2
01-01 08:00:08.310  1871  1922 D VehicleInfoProvider: cbk_deviceid_info 
01-01 08:00:08.320  1871  1920 D VinInfo : m_strDeviceId = 00000000000000000000 m_strIMEI = ?????????????????????????????? m_strVin = 00000000000000000 
01-01 08:00:08.320  1871  1922 I UartProtocol: UartPrtlMsg Cbk ClId=0,Event=208
01-01 08:00:08.320  1871  1922 D VehicleInfoProvider: cbk_svm_display_req
01-01 08:00:08.320  1871  1920 D SvmShowReq: m_bIsOn = false 
01-01 08:00:08.320  1871  1918 I vehicle-GAEI: control_context__Uart_Protcl_Msg_Tx_Sn_Info_Req :     LINE = 143
01-01 08:00:08.320  1871  1918 I UartProtocol: UartPrtclMsg Send ClId=10,Event=0
01-01 08:00:08.320  1871  1918 I vehicle-GAEI: control_context__Uart_Protcl_Msg_Tx_Sn_Info_Req :     LINE = 143   ret = true 
01-01 08:00:08.320  1871  1918 D VehicleInfoProvider: jni_reqSnInfo succeed
01-01 08:00:08.320  1871  1918 D VehicleInfoProvider: native_reqSnInfo
01-01 08:00:08.320  1871  1918 D VehicleInfoProvider: resend: 2 type:504
01-01 08:00:08.340  1871  1922 I UartProtocol: UartPrtlMsg Cbk ClId=10,Event=0
01-01 08:00:08.340  1871  1922 D VehicleInfoProvider: cbk_sn_info 
01-01 08:00:08.340  1871  1920 D SnInfo  :  strCheckSum : 0 strProduct : 00000 strCode : 00000 strLine : 0 strStateEncode : 0000 strState : 0000
01-01 08:00:08.340  1871  1920 D SnInfo  : m_strInfo = 00000000000000000000 
01-01 08:00:08.350  1871  1922 D VehicleInfoProvider: cbk_voltage_info
01-01 08:00:08.350  1871  1920 D VoltageInfo: S_CODE_X7 = 7 m_bVolHighStatus = false m_bVolHighWarn = false m_bVolLowStatus = false m_bVolLowWarn = false m_bVolNormal = true m_nVoltage = 122 voltageWarningStatus = 0 
01-01 08:00:08.350  1871  1918 D VehicleInfoProvider: jni_sendMediaConnectState data : 00,00,00,00,00 
01-01 08:00:08.350  1871  1918 I vehicle-GAEI: control_context__Uart_Protcl_Msg_Tx_Media_Connect_State :     LINE = 168
01-01 08:00:08.350  1871  1918 I UartProtocol: UartPrtclMsg Send ClId=14,Event=16
01-01 08:00:08.350  1871  1918 I vehicle-GAEI: control_context__Uart_Protcl_Msg_Tx_Media_Connect_State :     LINE = 168   ret = true 
01-01 08:00:08.350  1871  1918 D VehicleInfoProvider: jni_sendMediaConnectState succeed
01-01 08:00:08.350  1871  1918 D VehicleInfoProvider: native_sendMediaConnectState
01-01 08:00:08.360  1871  1922 D VehicleInfoProvider: cbk_speed_info
01-01 08:00:08.360  1871  1920 D SpeedInfo: m_nSpeed = 0 
01-01 08:00:08.370  1871  1922 D VehicleInfoProvider: cbk_parklight_status
01-01 08:00:08.370  1871  1920 D ParkingLamp: m_bParkLightOn = false m_bVehicleBreak = false 
01-01 08:00:08.380  1871  1918 D VehicleInfoProvider: jni_sendBTCallInfo data : 04,00,00,00 
01-01 08:00:08.380  1871  1918 I vehicle-GAEI: control_context__Uart_Protcl_Msg_Tx_BT_Info :     LINE = 171
01-01 08:00:08.380  1871  1918 I UartProtocol: UartPrtclMsg Send ClId=14,Event=19
01-01 08:00:08.380  1871  1918 I vehicle-GAEI: control_context__Uart_Protcl_Msg_Tx_BT_Info :     LINE = 171   ret = true 
01-01 08:00:08.380  1871  1918 D VehicleInfoProvider: jni_sendBTCallInfo succeed
01-01 08:00:08.380  1871  1918 D VehicleInfoProvider: native_sendBTCallInfo
01-01 08:00:08.410  1871  1918 D VehicleInfoProvider: jni_sendIcmAcuReadyState data : 00,00,00,00,00,00 
01-01 08:00:08.410  1871  1918 I vehicle-GAEI: control_context__Uart_Protcl_Msg_Tx_ICM_ACU_Ready_State :     LINE = 177
01-01 08:00:08.410  1871  1918 I UartProtocol: UartPrtclMsg Send ClId=14,Event=34
01-01 08:00:08.410  1871  1918 I vehicle-GAEI: control_context__Uart_Protcl_Msg_Tx_ICM_ACU_Ready_State :     LINE = 177   ret = true 
01-01 08:00:08.410  1871  1918 D VehicleInfoProvider: jni_sendIcmAcuReadyState succeed
01-01 08:00:08.410  1871  1918 D VehicleInfoProvider: native_sendIcmAcuReadyState
01-01 08:00:08.410  1871  1918 D VehicleInfoProvider: resend: 2 type:132
01-01 08:00:08.440  1871  1871 I dsp-GAEI: [gaei_dsp]       control_context__arkamysMode state = 2  , bass = 1
01-01 08:00:08.440  1871  1918 D VehicleInfoProvider: jni_sendIcmAcuTime data : 00,00,00,00,00 
01-01 08:00:08.440  1871  1918 I vehicle-GAEI: control_context__Uart_Protcl_Msg_Tx_ICM_ACU_Time :     LINE = 176
01-01 08:00:08.440  1871  1918 I UartProtocol: UartPrtclMsg Send ClId=14,Event=33
01-01 08:00:08.440  1871  1918 I vehicle-GAEI: control_context__Uart_Protcl_Msg_Tx_ICM_ACU_Time :     LINE = 176   ret = true 
01-01 08:00:08.440  1871  1918 D VehicleInfoProvider: jni_sendIcmAcuTime succeed
01-01 08:00:08.440  1871  1918 D VehicleInfoProvider: native_sendIcmAcuTime
01-01 08:00:08.470  1871  1918 D VehicleInfoProvider: jni_sendIcmAcuMediaTime data : 00,00,00,00,00,00,00 
01-01 08:00:08.470  1871  1918 I vehicle-GAEI: control_context__Uart_Protcl_Msg_Tx_ICM_ACU_Media_Time :     LINE = 179
01-01 08:00:08.470  1871  1918 I UartProtocol: UartPrtclMsg Send ClId=14,Event=36
01-01 08:00:08.470  1871  1918 I vehicle-GAEI: control_context__Uart_Protcl_Msg_Tx_ICM_ACU_Media_Time :     LINE = 179   ret = true 
01-01 08:00:08.470  1871  1918 D VehicleInfoProvider: jni_sendIcmAcuMediaTime succeed
01-01 08:00:08.470  1871  1918 D VehicleInfoProvider: native_sendIcmAcuMediaTime
01-01 08:00:08.500  1871  1918 D VehicleInfoProvider: jni_sendIcmAcuNaviInfo data : 00,00,00,00,00,00,00,00,00,00 
01-01 08:00:08.500  1871  1918 I vehicle-GAEI: control_context__Uart_Protcl_Msg_Tx_ICM_ACU_Navi_Info :     LINE = 180
01-01 08:00:08.500  1871  1918 I UartProtocol: UartPrtclMsg Send ClId=14,Event=22
01-01 08:00:08.500  1871  1918 I vehicle-GAEI: control_context__Uart_Protcl_Msg_Tx_ICM_ACU_Navi_Info :     LINE = 180   ret = true 
01-01 08:00:08.500  1871  1918 D VehicleInfoProvider: jni_sendIcmAcuNaviInfo succeed
01-01 08:00:08.500  1871  1918 D VehicleInfoProvider: native_sendIcmAcuNaviInfo
01-01 08:00:08.530  1871  1918 D VehicleInfoProvider: jni_sendIcmAcuNaviTime data : 00,00,00,00,00,00,00,00,00,00,00,00 
01-01 08:00:08.530  1871  1918 I vehicle-GAEI: control_context__Uart_Protcl_Msg_Tx_ICM_ACU_Navi_Time :     LINE = 181
01-01 08:00:08.530  1871  1918 I UartProtocol: UartPrtclMsg Send ClId=14,Event=37
01-01 08:00:08.530  1871  1918 I vehicle-GAEI: control_context__Uart_Protcl_Msg_Tx_ICM_ACU_Navi_Time :     LINE = 181   ret = true 
01-01 08:00:08.530  1871  1918 D VehicleInfoProvider: jni_sendIcmAcuNaviTime succeed
01-01 08:00:08.530  1871  1918 D VehicleInfoProvider: native_sendIcmAcuNaviTime
01-01 08:00:08.560  1871  1918 D VehicleInfoProvider: jni_sendIcmAcuPhoneInfo data : 00,00,00,00,00 
01-01 08:00:08.560  1871  1918 I vehicle-GAEI: control_context__Uart_Protcl_Msg_Tx_ICM_ACU_Phone_Info :     LINE = 182
01-01 08:00:08.560  1871  1918 I UartProtocol: UartPrtclMsg Send ClId=14,Event=39
01-01 08:00:08.560  1871  1918 I vehicle-GAEI: control_context__Uart_Protcl_Msg_Tx_ICM_ACU_Phone_Info :     LINE = 182   ret = true 
01-01 08:00:08.560  1871  1918 D VehicleInfoProvider: jni_sendIcmAcuPhoneInfo succeed
01-01 08:00:08.560  1871  1918 D VehicleInfoProvider: native_sendIcmAcuPhoneInfo
01-01 08:00:08.590  1871  1918 D VehicleInfoProvider: jni_sendTunerInfo data : 00,00,00,00,00,00,00 
01-01 08:00:08.590  1871  1918 I vehicle-GAEI: control_context__Uart_Protcl_Msg_Tx_Tuner_Info :     LINE = 172
01-01 08:00:08.590  1871  1918 I UartProtocol: UartPrtclMsg Send ClId=14,Event=20
01-01 08:00:08.590  1871  1918 I vehicle-GAEI: control_context__Uart_Protcl_Msg_Tx_Tuner_Info :     LINE = 172   ret = true 
01-01 08:00:08.590  1871  1918 D VehicleInfoProvider: jni_sendTunerInfo succeed
01-01 08:00:08.590  1871  1918 D VehicleInfoProvider: native_sendIcmAcuMediaInfo
01-01 08:00:08.620  1871  1918 D VehicleInfoProvider: jni_sendIcmAcuTextInfo data : 00,00,ff,ff,ff,ff,ff,ff,ff,ff,ff,ff,ff,ff,ff,ff 
01-01 08:00:08.620  1871  1918 D VehicleInfoProvider: jni_sendIcmAcuTextInfo data : ff,ff,ff,ff,ff,ff,ff,ff,ff,ff,ff,ff,ff,ff,ff,ff 
01-01 08:00:08.620  1871  1918 D VehicleInfoProvider: jni_sendIcmAcuTextInfo data : ff,ff,ff,ff,ff,ff,ff,ff,ff,ff,ff,ff,ff,ff,ff,ff 
01-01 08:00:08.620  1871  1918 D VehicleInfoProvider: jni_sendIcmAcuTextInfo data : ff,ff,ff,ff,ff,ff,ff,ff,ff,ff,ff,ff,ff,ff,ff,ff 
01-01 08:00:08.620  1871  1918 D VehicleInfoProvider: jni_sendIcmAcuTextInfo data : ff,ff 
01-01 08:00:08.620  1871  1918 I vehicle-GAEI: control_context__Uart_Protcl_Msg_Tx_ICM_ACU_Text_Info :     LINE = 178
01-01 08:00:08.620  1871  1918 I UartProtocol: UartPrtclMsg Send ClId=14,Event=35
01-01 08:00:08.630  1871  1918 I vehicle-GAEI: control_context__Uart_Protcl_Msg_Tx_ICM_ACU_Text_Info :     LINE = 178   ret = true 
01-01 08:00:08.630  1871  1918 D VehicleInfoProvider: jni_sendIcmAcuTextInfo succeed
01-01 08:00:08.630  1871  1918 D VehicleInfoProvider: native_sendIcmAcuTextInfo
01-01 08:00:08.660  1871  1918 D VehicleInfoProvider: jni_setBookingCharge data : 01 
01-01 08:00:08.660  1871  1918 I vehicle-GAEI: control_context__Uart_Protcl_Msg_Tx_Booking_Charge_OnOff :     LINE = 116
01-01 08:00:08.660  1871  1918 I UartProtocol: UartPrtclMsg Send ClId=11,Event=0
01-01 08:00:08.660  1871  1918 I vehicle-GAEI: control_context__Uart_Protcl_Msg_Tx_Booking_Charge_OnOff :     LINE = 116   ret = true 
01-01 08:00:08.660  1871  1918 D VehicleInfoProvider: jni_setBookingCharge succeed
01-01 08:00:08.660  1871  1918 D VehicleInfoProvider: native_setBookingCharge
01-01 08:00:08.660  1871  1918 D VehicleInfoProvider: resend: 2 type:111
01-01 08:00:08.690  1871  1918 D VehicleInfoProvider: jni_setCarInfoSwitch data : 00 
01-01 08:00:08.690  1871  1918 I vehicle-GAEI: control_context__Uart_Protcl_Msg_Tx_Car_Info_Switch :     LINE = 67
01-01 08:00:08.690  1871  1918 I UartProtocol: UartPrtclMsg Send ClId=4,Event=0
01-01 08:00:08.690  1871  1918 I vehicle-GAEI: control_context__Uart_Protcl_Msg_Tx_Car_Info_Switch :     LINE = 67   ret = true 
01-01 08:00:08.690  1871  1918 D VehicleInfoProvider: jni_setCarInfoSwitch succeed
01-01 08:00:08.690  1871  1918 D VehicleInfoProvider: native_setCarInfoSwitch
01-01 08:00:08.690  1871  1918 D VehicleInfoProvider: resend: 2 type:0
01-01 08:00:08.720  1871  1918 D VehicleInfoProvider: jni_setCarConfigSwitch data : 00 
01-01 08:00:08.720  1871  1918 I vehicle-GAEI: control_context__Uart_Protcl_Msg_Tx_Car_Setting_Req :     LINE = 102
01-01 08:00:08.720  1871  1918 I UartProtocol: UartPrtclMsg Send ClId=4,Event=64
01-01 08:00:08.720  1871  1918 I vehicle-GAEI: control_context__Uart_Protcl_Msg_Tx_Car_Setting_Req :     LINE = 102   ret = true 
01-01 08:00:08.720  1871  1918 D VehicleInfoProvider: jni_setCarConfigSwitch succeed
01-01 08:00:08.720  1871  1918 D VehicleInfoProvider: native_setCarConfigSwitch
01-01 08:00:08.720  1871  1918 D VehicleInfoProvider: resend: 2 type:201
01-01 08:00:08.750  1871  1918 I vehicle-GAEI: control_context__Uart_Protcl_Msg_Tx_Mpu_Pwr_On :     LINE = 127
01-01 08:00:08.750  1871  1918 I UartProtocol: UartPrtclMsg Send ClId=0,Event=0
01-01 08:00:08.750  1871  1918 I vehicle-GAEI: control_context__Uart_Protcl_Msg_Tx_Mpu_Pwr_On :     LINE = 127   ret = true 
01-01 08:00:08.750  1871  1918 D VehicleInfoProvider: jni_sendMpuPwrOn succeed
01-01 08:00:08.750  1871  1918 D VehicleInfoProvider: native_sendMpuPwrOn
01-01 08:00:08.780  1871  1918 I vehicle-GAEI: control_context__Uart_Protcl_Msg_Tx_Did_Info_Req :     LINE = 148
01-01 08:00:08.780  1871  1918 I UartProtocol: UartPrtclMsg Send ClId=13,Event=2
01-01 08:00:08.780  1871  1918 I vehicle-GAEI: control_context__Uart_Protcl_Msg_Tx_Did_Info_Req :     LINE = 148   ret = true 
01-01 08:00:08.780  1871  1918 D VehicleInfoProvider: jni_reqDidInfo succeed
01-01 08:00:08.780  1871  1918 D VehicleInfoProvider: native_reqDidInfo
01-01 08:00:08.780  1871  1918 D VehicleInfoProvider: resend: 2 type:509
01-01 08:00:08.800  1871  1922 I UartProtocol: UartPrtlMsg Cbk ClId=13,Event=2
01-01 08:00:08.800  1871  1922 D VehicleInfoProvider: cbk_did_info
01-01 08:00:08.810  1871  1920 D DidInfo : S_CODE_38 = 38 m_data0x114 = [B@41cd77d8 m_data0x100 = [B@41cd7748 m_data0x101 = [B@41cd7768 m_data0x102 = [B@41cd7788 m_data0x103 = [B@41cd77a8 m_data0x107 = [B@41cd77c0 m_data0x105 = 1 m_data0x106 = 1 m_data0x104 = 0 m_data0x109 = 19 m_data0x112 = 72 m_data0x113 = 0 mData0x115 = 0 
01-01 08:00:08.830  1871  1875 D dalvikvm: GC_CONCURRENT freed 568K, 19% free 3546K/4364K, paused 3ms+2ms, total 31ms
01-01 08:00:08.860  1871  1875 D dalvikvm: GC_CONCURRENT freed 6K, 19% free 3540K/4364K, paused 2ms+2ms, total 26ms
01-01 08:00:08.890  1871  1871 I dsp-GAEI: [gaei_dsp]	control_context__setMute channel = 0
01-01 08:00:08.890  1871  1871 I dsp-GAEI: [gaei_dsp]       control_context__setMute   =  unmute 
01-01 08:00:08.890  1871  1871 I dsp-GAEI: [gaei_dsp]       control_context__setMute set arkamys ok and  Unmute 
01-01 08:00:08.890  1871  1871 D DspService: setArkamys3D, mode: 2, bass: 1, result: 0, save: false
01-01 08:00:08.890  1871  1871 D SettingBackup: dbus_read:39.
01-01 08:00:08.890  1460  1487 V SystemSettingService: Service method GetDataLegend:{
01-01 08:00:08.890  1460  1487 V SystemSettingService:    "BackupItem" : 39
01-01 08:00:08.890  1460  1487 V SystemSettingService: }
01-01 08:00:08.890  1460  1487 V SystemSettingService: .
01-01 08:00:08.890  1460  1487 V SystemSettingService: Service method GetDataLegend item:39.
01-01 08:00:08.890  1460  1487 V SystemSettingService: get item = 197.
01-01 08:00:08.890  1460  1487 I backupdata: start get item,item id is SETTING_AUDIO_EFFECT
01-01 08:00:08.890  1460  1487 V backupdata: fullpath is /data/home/backdata/SETTING_AUDIO_EFFECT.bak
01-01 08:00:08.890  1460  1487 V backupdata: now opening backup data file
01-01 08:00:08.890  1460  1487 V backupdata: filename is /data/home/backdata/SETTING_AUDIO_EFFECT.bak
01-01 08:00:08.890  1460  1487 I backupdata: get_item_in_emmc:read result: 1,while 40 bytes should be read
01-01 08:00:08.890  1460  1487 I backupdata: bak crc return is 1
01-01 08:00:08.890  1460  1487 I SystemSettingService: get backup normal value = 1 .
01-01 08:00:08.900  1871  1871 D SettingBackup: InvokeMethod success method:stg_mw_legend_get params:{
01-01 08:00:08.900  1871  1871 D SettingBackup: 	"BackupItem":	39
01-01 08:00:08.900  1871  1871 D SettingBackup: }.
01-01 08:00:08.900  1871  1871 D SettingBackup: readNativeBackup:{"BackupValue":1}
01-01 08:00:08.900  1871  1871 D SettingBackup: dbus_read:51.
01-01 08:00:08.900  1460  1487 V SystemSettingService: Service method GetDataLegend:{
01-01 08:00:08.900  1460  1487 V SystemSettingService:    "BackupItem" : 51
01-01 08:00:08.900  1460  1487 V SystemSettingService: }
01-01 08:00:08.900  1460  1487 V SystemSettingService: .
01-01 08:00:08.900  1460  1487 V SystemSettingService: Service method GetDataLegend item:51.
01-01 08:00:08.900  1460  1487 V SystemSettingService: get item = 198.
01-01 08:00:08.900  1460  1487 I backupdata: start get item,item id is SETTING_SOUND_HIGH
01-01 08:00:08.900  1460  1487 V backupdata: fullpath is /data/home/backdata/SETTING_SOUND_HIGH.bak
01-01 08:00:08.900  1460  1487 V backupdata: now opening backup data file
01-01 08:00:08.900  1460  1487 V backupdata: filename is /data/home/backdata/SETTING_SOUND_HIGH.bak
01-01 08:00:08.900  1460  1487 I backupdata: get_item_in_emmc:read result: 1,while 40 bytes should be read
01-01 08:00:08.900  1460  1487 I backupdata: bak crc return is 1
01-01 08:00:08.900  1460  1487 I SystemSettingService: get backup normal value = 0 .
01-01 08:00:08.900  1871  1871 D SettingBackup: InvokeMethod success method:stg_mw_legend_get params:{
01-01 08:00:08.900  1871  1871 D SettingBackup: 	"BackupItem":	51
01-01 08:00:08.900  1871  1871 D SettingBackup: }.
01-01 08:00:08.900  1871  1871 D SettingBackup: readNativeBackup:{"BackupValue":0}
01-01 08:00:08.900  1871  1871 D SettingBackup: dbus_read:52.
01-01 08:00:08.900  1460  1487 V SystemSettingService: Service method GetDataLegend:{
01-01 08:00:08.900  1460  1487 V SystemSettingService:    "BackupItem" : 52
01-01 08:00:08.900  1460  1487 V SystemSettingService: }
01-01 08:00:08.900  1460  1487 V SystemSettingService: .
01-01 08:00:08.900  1460  1487 V SystemSettingService: Service method GetDataLegend item:52.
01-01 08:00:08.900  1460  1487 V SystemSettingService: get item = 199.
01-01 08:00:08.900  1460  1487 I backupdata: start get item,item id is SETTING_SOUND_MIDDLE
01-01 08:00:08.900  1460  1487 V backupdata: fullpath is /data/home/backdata/SETTING_SOUND_MIDDLE.bak
01-01 08:00:08.900  1460  1487 V backupdata: now opening backup data file
01-01 08:00:08.900  1460  1487 V backupdata: filename is /data/home/backdata/SETTING_SOUND_MIDDLE.bak
01-01 08:00:08.900  1460  1487 I backupdata: get_item_in_emmc:read result: 1,while 40 bytes should be read
01-01 08:00:08.900  1460  1487 I backupdata: bak crc return is 1
01-01 08:00:08.900  1460  1487 I SystemSettingService: get backup normal value = 0 .
01-01 08:00:08.900  1871  1871 D SettingBackup: InvokeMethod success method:stg_mw_legend_get params:{
01-01 08:00:08.900  1871  1871 D SettingBackup: 	"BackupItem":	52
01-01 08:00:08.900  1871  1871 D SettingBackup: }.
01-01 08:00:08.900  1871  1871 D SettingBackup: readNativeBackup:{"BackupValue":0}
01-01 08:00:08.900  1871  1871 D SettingBackup: dbus_read:53.
01-01 08:00:08.910  1460  1487 V SystemSettingService: Service method GetDataLegend:{
01-01 08:00:08.910  1460  1487 V SystemSettingService:    "BackupItem" : 53
01-01 08:00:08.910  1460  1487 V SystemSettingService: }
01-01 08:00:08.910  1460  1487 V SystemSettingService: .
01-01 08:00:08.910  1460  1487 V SystemSettingService: Service method GetDataLegend item:53.
01-01 08:00:08.910  1460  1487 V SystemSettingService: get item = 200.
01-01 08:00:08.910  1460  1487 I backupdata: start get item,item id is SETTING_SOUND_LOW
01-01 08:00:08.910  1460  1487 V backupdata: fullpath is /data/home/backdata/SETTING_SOUND_LOW.bak
01-01 08:00:08.910  1460  1487 V backupdata: now opening backup data file
01-01 08:00:08.910  1460  1487 V backupdata: filename is /data/home/backdata/SETTING_SOUND_LOW.bak
01-01 08:00:08.910  1460  1487 I backupdata: get_item_in_emmc:read result: 1,while 40 bytes should be read
01-01 08:00:08.910  1460  1487 I backupdata: bak crc return is 1
01-01 08:00:08.910  1460  1487 I SystemSettingService: get backup normal value = 0 .
01-01 08:00:08.910  1871  1871 D SettingBackup: InvokeMethod success method:stg_mw_legend_get params:{
01-01 08:00:08.910  1871  1871 D SettingBackup: 	"BackupItem":	53
01-01 08:00:08.910  1871  1871 D SettingBackup: }.
01-01 08:00:08.910  1871  1871 D SettingBackup: readNativeBackup:{"BackupValue":0}
01-01 08:00:08.910  1871  1871 D DspService: arkamys is on, need not preload effect.
01-01 08:00:08.910  1871  1871 D SettingBackup: dbus_read:43.
01-01 08:00:08.910  1460  1487 V SystemSettingService: Service method GetDataLegend:{
01-01 08:00:08.910  1460  1487 V SystemSettingService:    "BackupItem" : 43
01-01 08:00:08.910  1460  1487 V SystemSettingService: }
01-01 08:00:08.910  1460  1487 V SystemSettingService: .
01-01 08:00:08.910  1460  1487 V SystemSettingService: Service method GetDataLegend item:43.
01-01 08:00:08.910  1460  1487 V SystemSettingService: get item = 205.
01-01 08:00:08.910  1460  1487 I backupdata: start get item,item id is SETTING_POWERON_VOLUME_ADJUST
01-01 08:00:08.910  1460  1487 V backupdata: fullpath is /data/home/backdata/SETTING_POWERON_VOLUME_ADJUST.bak
01-01 08:00:08.910  1460  1487 V backupdata: now opening backup data file
01-01 08:00:08.910  1460  1487 V backupdata: filename is /data/home/backdata/SETTING_POWERON_VOLUME_ADJUST.bak
01-01 08:00:08.910  1460  1487 I backupdata: get_item_in_emmc:read result: 1,while 40 bytes should be read
01-01 08:00:08.910  1460  1487 I backupdata: bak crc return is 1
01-01 08:00:08.910  1460  1487 I SystemSettingService: get backup normal value = 0 .
01-01 08:00:08.910  1871  1871 D SettingBackup: InvokeMethod success method:stg_mw_legend_get params:{
01-01 08:00:08.910  1871  1871 D SettingBackup: 	"BackupItem":	43
01-01 08:00:08.910  1871  1871 D SettingBackup: }.
01-01 08:00:08.910  1871  1871 D SettingBackup: readNativeBackup:{"BackupValue":0}
01-01 08:00:08.910  1871  1871 D DspService: mVolumeAdaptiveState:0
01-01 08:00:08.910  1871  1871 D SettingBackup: dbus_read:16.
01-01 08:00:08.910  1460  1487 V SystemSettingService: Service method GetDataLegend:{
01-01 08:00:08.910  1460  1487 V SystemSettingService:    "BackupItem" : 16
01-01 08:00:08.910  1460  1487 V SystemSettingService: }
01-01 08:00:08.910  1460  1487 V SystemSettingService: .
01-01 08:00:08.910  1460  1487 V SystemSettingService: Service method GetDataLegend item:16.
01-01 08:00:08.910  1460  1487 V SystemSettingService: get item = 175.
01-01 08:00:08.910  1460  1487 I backupdata: start get item,item id is LAST_VOLUME_MEDIA
01-01 08:00:08.910  1460  1487 V backupdata: fullpath is /data/home/backdata/LAST_VOLUME_MEDIA.bak
01-01 08:00:08.910  1460  1487 V backupdata: now opening backup data file
01-01 08:00:08.910  1460  1487 V backupdata: filename is /data/home/backdata/LAST_VOLUME_MEDIA.bak
01-01 08:00:08.920  1460  1487 I backupdata: get_item_in_emmc:read result: 1,while 40 bytes should be read
01-01 08:00:08.920  1460  1487 I backupdata: bak crc return is 1
01-01 08:00:08.920  1460  1487 I SystemSettingService: get backup normal value = 8 .
01-01 08:00:08.920  1871  1871 D SettingBackup: InvokeMethod success method:stg_mw_legend_get params:{
01-01 08:00:08.920  1871  1871 D SettingBackup: 	"BackupItem":	16
01-01 08:00:08.920  1871  1871 D SettingBackup: }.
01-01 08:00:08.920  1871  1871 D SettingBackup: readNativeBackup:{"BackupValue":8}
01-01 08:00:08.920  1871  1871 D SettingBackup: dbus_read:21.
01-01 08:00:08.920  1460  1487 V SystemSettingService: Service method GetDataLegend:{
01-01 08:00:08.920  1460  1487 V SystemSettingService:    "BackupItem" : 21
01-01 08:00:08.920  1460  1487 V SystemSettingService: }
01-01 08:00:08.920  1460  1487 V SystemSettingService: .
01-01 08:00:08.920  1460  1487 V SystemSettingService: Service method GetDataLegend item:21.
01-01 08:00:08.920  1460  1487 V SystemSettingService: get item = 180.
01-01 08:00:08.920  1460  1487 I backupdata: start get item,item id is LAST_VOLUME_BTCALL
01-01 08:00:08.920  1460  1487 V backupdata: fullpath is /data/home/backdata/LAST_VOLUME_BTCALL.bak
01-01 08:00:08.920  1460  1487 V backupdata: now opening backup data file
01-01 08:00:08.920  1460  1487 V backupdata: filename is /data/home/backdata/LAST_VOLUME_BTCALL.bak
01-01 08:00:08.920  1460  1487 I backupdata: get_item_in_emmc:read result: 1,while 40 bytes should be read
01-01 08:00:08.920  1460  1487 I backupdata: bak crc return is 1
01-01 08:00:08.920  1460  1487 I SystemSettingService: get backup normal value = 4 .
01-01 08:00:08.920  1871  1871 D SettingBackup: InvokeMethod success method:stg_mw_legend_get params:{
01-01 08:00:08.920  1871  1871 D SettingBackup: 	"BackupItem":	21
01-01 08:00:08.920  1871  1871 D SettingBackup: }.
01-01 08:00:08.920  1871  1871 D SettingBackup: readNativeBackup:{"BackupValue":4}
01-01 08:00:08.920  1871  1871 D SettingBackup: dbus_read:17.
01-01 08:00:08.920  1460  1487 V SystemSettingService: Service method GetDataLegend:{
01-01 08:00:08.920  1460  1487 V SystemSettingService:    "BackupItem" : 17
01-01 08:00:08.920  1460  1487 V SystemSettingService: }
01-01 08:00:08.920  1460  1487 V SystemSettingService: .
01-01 08:00:08.920  1460  1487 V SystemSettingService: Service method GetDataLegend item:17.
01-01 08:00:08.920  1460  1487 V SystemSettingService: get item = 176.
01-01 08:00:08.920  1460  1487 I backupdata: start get item,item id is LAST_VOLUME_NAVI
01-01 08:00:08.920  1460  1487 V backupdata: fullpath is /data/home/backdata/LAST_VOLUME_NAVI.bak
01-01 08:00:08.920  1460  1487 V backupdata: now opening backup data file
01-01 08:00:08.920  1460  1487 V backupdata: filename is /data/home/backdata/LAST_VOLUME_NAVI.bak
01-01 08:00:08.920  1460  1487 I backupdata: get_item_in_emmc:read result: 1,while 40 bytes should be read
01-01 08:00:08.920  1460  1487 I backupdata: bak crc return is 1
01-01 08:00:08.920  1460  1487 I SystemSettingService: get backup normal value = 12 .
01-01 08:00:08.920  1871  1871 D SettingBackup: InvokeMethod success method:stg_mw_legend_get params:{
01-01 08:00:08.920  1871  1871 D SettingBackup: 	"BackupItem":	17
01-01 08:00:08.920  1871  1871 D SettingBackup: }.
01-01 08:00:08.920  1871  1871 D SettingBackup: readNativeBackup:{"BackupValue":12}
01-01 08:00:08.920  1871  1871 D DspService: initPolicyVolume mediaVol: 8, phoneVol: 4, naviVol: 12
01-01 08:00:08.920  1871  1871 D DspService: init volume, policy:0, preVolume:8, curVolume8, key:VOLUME_MEDIA
01-01 08:00:08.920  1871  1871 D DspService: init volume, policy:1, preVolume:12, curVolume12, key:VOLUME_NAVI
01-01 08:00:08.920  1871  1871 D DspService: init volume, policy:2, preVolume:8, curVolume8, key:VOLUME_MEDIA
01-01 08:00:08.920  1871  1871 D DspService: init volume, policy:3, preVolume:4, curVolume4, key:VOLUME_BTCALL
01-01 08:00:08.920  1871  1871 D DspService: init volume, policy:4, preVolume:8, curVolume8, key:VOLUME_MEDIA
01-01 08:00:08.930  1871  1871 D DspService: init volume, policy:5, preVolume:4, curVolume4, key:VOLUME_BTCALL
01-01 08:00:08.930  1871  1871 D DspService: init volume, policy:6, preVolume:4, curVolume4, key:VOLUME_BTCALL
01-01 08:00:08.930  1871  1871 D DspService: init attenuated coefficient: 0.5
01-01 08:00:08.930  1871  1871 I dsp-GAEI: [gaei_dsp]	control_context__setVolume chanal=0,num=8 operators = 0
01-01 08:00:08.930  1871  1871 E dsp-GAEI: [gaei_dsp]     Set_Chanal_1_Volume  num = 8 
01-01 08:00:08.930  1871  1871 D DspService: init channel 0 vol: 8, ret: 0
01-01 08:00:08.930  1871  1871 I dsp-GAEI: [gaei_dsp]	control_context__setVolume chanal=2,num=12 operators = 0
01-01 08:00:08.930  1871  1871 I dsp-GAEI: [gaei_dsp]	, control_context__setVolume chanal=2,num=12
01-01 08:00:08.930  1871  1871 E dsp-GAEI: [gaei_dsp]     Set_Chanal_3_Volume  num = 12 
01-01 08:00:08.930  1871  1871 D DspService: init channel 2 vol: 12, ret: 0
01-01 08:00:08.930  1871  1871 I dsp-GAEI: [gaei_dsp]	control_context__setMute channel = 2
01-01 08:00:08.930  1871  1871 I dsp-GAEI: [gaei_dsp]       control_context__setMute   =  unmute 
01-01 08:00:08.930  1871  1871 D DspService: init channel 2 set mute false ,ret: 0
01-01 08:00:08.930  1871  1871 D SettingBackup: dbus_read:122.
01-01 08:00:08.940  1460  1487 V SystemSettingService: Service method GetDataLegend:{
01-01 08:00:08.940  1460  1487 V SystemSettingService:    "BackupItem" : 122
01-01 08:00:08.940  1460  1487 V SystemSettingService: }
01-01 08:00:08.940  1460  1487 V SystemSettingService: .
01-01 08:00:08.940  1460  1487 V SystemSettingService: Service method GetDataLegend item:122.
01-01 08:00:08.940  1460  1487 V SystemSettingService: get item = 184.
01-01 08:00:08.940  1460  1487 I backupdata: start get item,item id is LAST_MEDIA_MUTE
01-01 08:00:08.940  1460  1487 V backupdata: fullpath is /data/home/backdata/LAST_MEDIA_MUTE.bak
01-01 08:00:08.940  1460  1487 V backupdata: now opening backup data file
01-01 08:00:08.940  1460  1487 V backupdata: filename is /data/home/backdata/LAST_MEDIA_MUTE.bak
01-01 08:00:08.940  1460  1487 I backupdata: get_item_in_emmc:read result: 1,while 40 bytes should be read
01-01 08:00:08.940  1460  1487 I backupdata: bak crc return is 1
01-01 08:00:08.940  1460  1487 I SystemSettingService: get backup normal value = 0 .
01-01 08:00:08.940  1871  1871 D SettingBackup: InvokeMethod success method:stg_mw_legend_get params:{
01-01 08:00:08.940  1871  1871 D SettingBackup: 	"BackupItem":	122
01-01 08:00:08.940  1871  1871 D SettingBackup: }.
01-01 08:00:08.940  1871  1871 D SettingBackup: readNativeBackup:{"BackupValue":0}
01-01 08:00:08.940  1871  1871 I dsp-GAEI: [gaei_dsp]	control_context__setMute channel = 0
01-01 08:00:08.940  1871  1871 I dsp-GAEI: [gaei_dsp]       control_context__setMute   =  unmute 
01-01 08:00:08.940  1871  1871 D DspService: init mediaMute: 0, ret: 0
01-01 08:00:08.940  1871  1871 I dsp-GAEI: [gaei_dsp]	control_context__setLoudness
01-01 08:00:08.940  1871  1871 D DspService: setSoundField, loudness: false, result: 0
01-01 08:00:08.940  1871  1871 D DspService: init loudness: 0, ret: 0
01-01 08:00:08.940  1871  1871 D SettingBackup: dbus_read:124.
01-01 08:00:08.950  1460  1487 V SystemSettingService: Service method GetDataLegend:{
01-01 08:00:08.950  1460  1487 V SystemSettingService:    "BackupItem" : 124
01-01 08:00:08.950  1460  1487 V SystemSettingService: }
01-01 08:00:08.950  1460  1487 V SystemSettingService: .
01-01 08:00:08.950  1460  1487 V SystemSettingService: Service method GetDataLegend item:124.
01-01 08:00:08.950  1460  1487 V SystemSettingService: get item = 212.
01-01 08:00:08.950  1460  1487 I backupdata: start get item,item id is SETTING_CHIME_TYPE
01-01 08:00:08.950  1460  1487 V backupdata: fullpath is /data/home/backdata/SETTING_CHIME_TYPE.bak
01-01 08:00:08.950  1460  1487 V backupdata: now opening backup data file
01-01 08:00:08.950  1460  1487 V backupdata: filename is /data/home/backdata/SETTING_CHIME_TYPE.bak
01-01 08:00:08.950  1460  1487 I backupdata: get_item_in_emmc:read result: 1,while 40 bytes should be read
01-01 08:00:08.950  1460  1487 I backupdata: bak crc return is 1
01-01 08:00:08.950  1460  1487 I SystemSettingService: get backup normal value = 1 .
01-01 08:00:08.950  1871  1871 D SettingBackup: InvokeMethod success method:stg_mw_legend_get params:{
01-01 08:00:08.950  1871  1871 D SettingBackup: 	"BackupItem":	124
01-01 08:00:08.950  1871  1871 D SettingBackup: }.
01-01 08:00:08.950  1871  1871 D SettingBackup: readNativeBackup:{"BackupValue":1}
01-01 08:00:08.950  1871  1871 D com_android_server_dsp_DspService: [Line] : 601; [Func] : android_DspService_setChimeType() : [audio]android_DspService_setChimeType
01-01 08:00:08.950  1871  1871 I dsp-GAEI: [gaei_dsp]       control_context__setChimeType 1
01-01 08:00:08.950  1871  1871 D DspService: setChimeType, type: 1, result: 0, save: false
01-01 08:00:08.950  1871  1871 D DspService: init chimeType:1, ret: 0
01-01 08:00:08.950  1871  1871 D SettingBackup: dbus_read:41.
01-01 08:00:08.950  1460  1487 V SystemSettingService: Service method GetDataLegend:{
01-01 08:00:08.950  1460  1487 V SystemSettingService:    "BackupItem" : 41
01-01 08:00:08.950  1460  1487 V SystemSettingService: }
01-01 08:00:08.950  1460  1487 V SystemSettingService: .
01-01 08:00:08.950  1460  1487 V SystemSettingService: Service method GetDataLegend item:41.
01-01 08:00:08.950  1460  1487 V SystemSettingService: get item = 204.
01-01 08:00:08.950  1460  1487 I backupdata: start get item,item id is SETTING_SPEED_LEVEL
01-01 08:00:08.950  1460  1487 V backupdata: fullpath is /data/home/backdata/SETTING_SPEED_LEVEL.bak
01-01 08:00:08.950  1460  1487 V backupdata: now opening backup data file
01-01 08:00:08.950  1460  1487 V backupdata: filename is /data/home/backdata/SETTING_SPEED_LEVEL.bak
01-01 08:00:08.950  1460  1487 I backupdata: get_item_in_emmc:read result: 1,while 40 bytes should be read
01-01 08:00:08.950  1460  1487 I backupdata: bak crc return is 1
01-01 08:00:08.950  1460  1487 I SystemSettingService: get backup normal value = 0 .
01-01 08:00:08.950  1871  1871 D SettingBackup: InvokeMethod success method:stg_mw_legend_get params:{
01-01 08:00:08.950  1871  1871 D SettingBackup: 	"BackupItem":	41
01-01 08:00:08.950  1871  1871 D SettingBackup: }.
01-01 08:00:08.950  1871  1871 D SettingBackup: readNativeBackup:{"BackupValue":0}
01-01 08:00:08.950  1871  1871 D DspService: setSvcMode, mode: 0, save: false
01-01 08:00:08.950  1871  1871 D DspService: init svc:0, ret: 0
01-01 08:00:08.950  1871  1871 D DspService: init svc config type:1
01-01 08:00:08.960  1871  1871 D DspService: [audio] svc config type:1, speed min:0, speed max:210
01-01 08:00:08.960  1871  1871 D DspService: [audio] config svc speed:0,5,10,15,20,25,30,35,40,45,50,55,60,65,70,75,80,85,90,95,100,105,110,115,120,125,130,135,140,145,150,155,160,165,170,175,180,185,190,195,210
01-01 08:00:08.960  1871  1871 D DspService: [audio] config svc volume:[0,0,,0],[0,0,,0],[0,0,,0],[0,0,,0],[0,0,,1],[0,0,,1],[1,1,,2],[1,2,,2],[1,2,,3],[1,2,,3],[1,3,,4],[1,3,,4],[1,3,,5],[1,4,,5],[2,4,,6],[2,5,,6],[2,6,,7],[2,6,,7],[2,6,,7],[2,6,,8],[2,6,,8],[2,6,,9],[3,6,,9],[3,7,,10],[3,7,,10],[3,7,,10],[3,7,,11],[3,8,,11],[3,8,,11],[3,8,,12],[4,8,,12],[4,9,,12],[4,9,,13],[4,9,,13],[4,9,,13],[4,10,,14],[4,10,,14],[4,10,,14],[5,11,,15],[5,11,,15],[5,11,,15]
01-01 08:00:08.960  1871  1871 D SettingBackup: dbus_read:103.
01-01 08:00:08.960  1871  1871 I SystemServer: Location Manager
01-01 08:00:08.970  1460  1487 V SystemSettingService: Service method GetDataLegend:{
01-01 08:00:08.970  1460  1487 V SystemSettingService:    "BackupItem" : 103
01-01 08:00:08.970  1460  1487 V SystemSettingService: }
01-01 08:00:08.970  1460  1487 V SystemSettingService: .
01-01 08:00:08.970  1460  1487 V SystemSettingService: Service method GetDataLegend item:103.
01-01 08:00:08.970  1460  1487 V SystemSettingService: get item = 270.
01-01 08:00:08.970  1460  1487 I backupdata: start get item,item id is VENDOR_VEHICLE_PLATFORM
01-01 08:00:08.970  1460  1487 I backupdata: get_item_double_info_in_vendor:read result: 1, backup is 0!
01-01 08:00:08.970  1460  1487 I backupdata: vdata[0] = 7, vdata[1] = 255, vdata[2] = 248, vdata[3] = 0!
01-01 08:00:08.970  1460  1487 V backupdata: check:data[0] = 7
01-01 08:00:08.970  1460  1487 I backupdata: get: vendor_checksum is 63743, calc_vendor_checksum() is 63743!
01-01 08:00:08.970  1460  1487 V backupdata: check:data[0] = 7
01-01 08:00:08.970  1460  1487 I backupdata: vendor checksum is right, backup is 0!
01-01 08:00:08.970  1460  1487 I SystemSettingService: get backup normal value = 7 .
01-01 08:00:08.970  1871  1871 D SettingBackup: InvokeMethod success method:stg_mw_legend_get params:{
01-01 08:00:08.970  1871  1871 D SettingBackup: 	"BackupItem":	103
01-01 08:00:08.970  1871  1871 D SettingBackup: }.
01-01 08:00:08.970  1871  1871 D SettingBackup: readNativeBackup:{"BackupValue":7}
01-01 08:00:08.970  1871  1871 D ClusterManager: platform:7
01-01 08:00:08.970  1871  1871 I Zygote  : Process: zygote socket opened
01-01 08:00:08.970  1871  1871 I SystemServer: ClusterService
01-01 08:00:08.970  1871  1871 W ContextImpl: Calling a method in the system process without a qualified user: android.app.ContextImpl.startService:1563 com.android.server.ServerThread.initAndLoop:575 com.android.server.SystemServerBolt.initAndLoop:26 com.android.server.SystemServer.main:2253 java.lang.reflect.Method.invokeNative:-2 
01-01 08:00:08.980  1871  1871 D AudioSourceManager: requestAudioSource enter, audioSourceId:17
01-01 08:00:08.980  1871  1871 D AudioSourceManagerJni: AudioSourceManagerJni:requestAudioSource Jni Enter
01-01 08:00:08.980  1871  1871 D AudioSourceManagerJni: func: getAudioSourceManagerService, Enter
01-01 08:00:08.980  1871  1871 D AudioSourceManagerJni: func: getAudioSourceManagerService, Enter
01-01 08:00:08.980  1871  1871 D AudioSourceManagerService: requestAudioSource Bp Enter
01-01 08:00:08.980  1871  1871 I ActivityManager: Start proc gaei.cluster.service for service gaei.cluster.service/.ClusterStartService: pid=1933 uid=1000 gids={41000, 1028, 1015, 3002, 3001, 3003, 1007, 2001}
01-01 08:00:08.980  1871  1871 D SystemServer: Start Start ThirdParty Adapter
01-01 08:00:08.990  1464  1464 D AudioSourceManagerService: onTransact Bn Enter, code:2
01-01 08:00:08.990  1464  1464 D AudioSourceManagerService: requestAudioSource NEnter
01-01 08:00:08.990  1464  1464 V AudioSourceManagerService: #####request audio source id:17, pkg:android, client:, flg:2
01-01 08:00:08.990  1464  1464 D AudioSourceManagerService: arbitrateAudioSource Enter
01-01 08:00:08.990  1464  1464 D AudioSourceManagerService: getActivedLastSource Enter
01-01 08:00:08.990  1464  1464 D AudioSourceManagerService: openAudioSourceDb Enter
01-01 08:00:08.990  1464  1464 D AudioSourceManagerService: openAudioSourceDb Db has been opened
01-01 08:00:08.990  1464  1464 D AudioSourceManagerService: getLastSourceTable Enter, state:(1)
01-01 08:00:08.990  1464  1464 D AudioSourceManagerService: getLastSourceTable Enter, state:(1), source:-1, pkg:
01-01 08:00:08.990  1464  1464 D AudioSourceManagerService: getLastSourceTable, sql:SELECT source_id,source_name,package_name,client_id, source_state,flag,arbit_state,pid,param1,param2,param3,param4,param5,update_time,stack_index FROM lastsource WHERE 1=1  AND source_state IN (1) ORDER BY stack_index DESC
01-01 08:00:08.990  1464  1464 D AudioSourceManagerService: getLastSourceTable Leave
01-01 08:00:08.990  1464  1464 D AudioSourceManagerService: getActivedLastSource Leave
01-01 08:00:08.990  1464  1464 D AudioSourceManagerService: #####the first valid request audio source, id:17
01-01 08:00:08.990  1464  1464 V AudioSourceManagerService: #####setAudioStrategy, source:17, pkgName:android, policy:0
01-01 08:00:08.990  1464  1464 V AudioSourceManagerService: start policy: 0...
01-01 08:00:08.990  1464  1464 V AudioSourceDeviceAdapter: inserting command: 0 at index 0, num commands 0
01-01 08:00:08.990  1464  1464 V AudioSourceDeviceAdapter: DeviceCommandThread() adding command, policy: 0, mixState: 0, powerRvcState: 0, streamOff: 7
01-01 08:00:08.990  1464  1566 V AudioSourceDeviceAdapter: DeviceCommandThread() waking up
01-01 08:00:08.990  1464  1566 V AudioSourceDeviceAdapter: dsp manager is not initlized.
01-01 08:00:08.990  1464  1566 D AudioSourceDeviceAdapter: getAudioSourceDeviceService Enter
01-01 08:00:08.990  1464  1566 V AudioSourceDeviceAdapter: Got dsp service!
01-01 08:00:08.990  1464  1566 D AudioSourceDeviceAdapter: BpDspManager Bp Enter
01-01 08:00:08.990  1464  1566 D AudioSourceDeviceAdapter: getAudioSourceDeviceService Enter
01-01 08:00:08.990  1464  1566 D AudioSourceDeviceAdapter: setAudioStrategy Bp Enter
01-01 08:00:08.990  1871  1882 D DspService: getFadeStyle, navi state: 0, last navi state: 0, policy: 0
01-01 08:00:08.990  1871  1882 D DspService: fade style: FADE_STYLE_NORMAL, policy: 0, last Policy: -1, mNaviState: 0, mLastNaviState: 0
01-01 08:00:08.990  1871  1882 D DspService: checkstreamoff: 7
01-01 08:00:08.990  1871  1882 D AudioManager: [audio][volume]setVolumeByStreamType:3, index:0
01-01 08:00:08.990  1871  1882 D AudioService: [audio][volume] set volume by stream type:3, volume:0
01-01 08:00:08.990  1871  1882 D AudioService: [audio][volume] streamTypeAlias:3, device:2
01-01 08:00:08.990  1463  1463 I AudioPolicyManagerBase: [audio][volume]setStreamVolumeIndex() stream 3, device 0002, index 0
