01-01 08:00:09.670  1871  1871 I PackageManager: com.tencent.wecarmusicp
01-01 08:00:09.670  1871  1871 I PackageManager: result :false
01-01 08:00:09.670  1871  1871 I PackageManager: com.android.defcontaineris not in whitelist
01-01 08:00:09.670  1871  1871 I PackageManager: com.android.defcontainer
01-01 08:00:09.670  1871  1871 I PackageManager: result :false
01-01 08:00:09.670  1871  1871 I PackageManager: com.android.launcheris not in whitelist
01-01 08:00:09.670  1871  1871 I PackageManager: com.android.launcher
01-01 08:00:09.670  1871  1871 I PackageManager: result :false
01-01 08:00:09.670  1871  1871 I PackageManager: com.baidu.carlifevehicle.bluetoothHfpClientis not in whitelist
01-01 08:00:09.670  1871  1871 I PackageManager: com.baidu.carlifevehicle.bluetoothHfpClient
01-01 08:00:09.670  1871  1871 I PackageManager: result :false
01-01 08:00:09.670  1871  1871 I PackageManager: com.tencent.wecarspeechis not in whitelist
01-01 08:00:09.670  1871  1871 I PackageManager: com.tencent.wecarspeech
01-01 08:00:09.670  1871  1871 I PackageManager: result :false
01-01 08:00:09.670  1871  1871 I PackageManager: com.timanetwork.appstoreis not in whitelist
01-01 08:00:09.670  1871  1871 I PackageManager: com.timanetwork.appstore
01-01 08:00:09.670  1871  1871 I PackageManager: result :false
01-01 08:00:09.670  1871  1871 I PackageManager: com.android.phoneis not in whitelist
01-01 08:00:09.670  1871  1871 I PackageManager: com.android.phone
01-01 08:00:09.670  1871  1871 I PackageManager: result :false
01-01 08:00:09.670  1871  1871 I PackageManager: com.tencent.wecarnewsis not in whitelist
01-01 08:00:09.670  1871  1871 I PackageManager: com.tencent.wecarnews
01-01 08:00:09.670  1871  1871 I PackageManager: result :false
01-01 08:00:09.670  1871  1871 I PackageManager: com.android.proxyhandleris not in whitelist
01-01 08:00:09.670  1871  1871 I PackageManager: com.android.proxyhandler
01-01 08:00:09.670  1871  1871 I PackageManager: result :false
01-01 08:00:09.670  1871  1871 I PackageManager: com.gaei.btis not in whitelist
01-01 08:00:09.670  1871  1871 I PackageManager: com.gaei.bt
01-01 08:00:09.670  1871  1871 I PackageManager: result :false
01-01 08:00:09.670  1871  1871 I PackageManager: com.android.bluetoothis not in whitelist
01-01 08:00:09.670  1871  1871 I PackageManager: com.android.bluetooth
01-01 08:00:09.670  1871  1871 I PackageManager: result :false
01-01 08:00:09.670  1871  1871 I PackageManager: com.android.inputdevicesis not in whitelist
01-01 08:00:09.670  1871  1871 I PackageManager: com.android.inputdevices
01-01 08:00:09.670  1871  1871 I PackageManager: result :false
01-01 08:00:09.670  1871  1871 I PackageManager: gaei.reverseis not in whitelist
01-01 08:00:09.670  1871  1871 I PackageManager: gaei.reverse
01-01 08:00:09.670  1871  1871 I PackageManager: result :false
01-01 08:00:09.670  1871  1871 I PackageManager: com.nforetek.bt.demo.uiis not in whitelist
01-01 08:00:09.670  1871  1871 I PackageManager: com.nforetek.bt.demo.ui
01-01 08:00:09.670  1871  1871 I PackageManager: result :false
01-01 08:00:09.670  1871  1871 I PackageManager: gaei.trumpchiassistantis not in whitelist
01-01 08:00:09.670  1871  1871 I PackageManager: gaei.trumpchiassistant
01-01 08:00:09.670  1871  1871 I PackageManager: result :false
01-01 08:00:09.670  1871  1871 I PackageManager: com.autonavi.amapautois not in whitelist
01-01 08:00:09.670  1871  1871 I PackageManager: com.autonavi.amapauto
01-01 08:00:09.670  1871  1871 I PackageManager: result :false
01-01 08:00:09.670  1871  1871 I PackageManager: com.gaei.gaeienergysettingsis not in whitelist
01-01 08:00:09.670  1871  1871 I PackageManager: com.gaei.gaeienergysettings
01-01 08:00:09.670  1871  1871 I PackageManager: result :false
01-01 08:00:09.670  1871  1871 I PackageManager: com.android.sharedstoragebackupis not in whitelist
01-01 08:00:09.670  1871  1871 I ActivityManager: Start proc com.android.systemui for service com.android.systemui/.SystemUIService: pid=2026 uid=10007 gids={50007, 1028, 1015, 1035, 3002, 3001}
01-01 08:00:09.670  1871  1871 I PackageManager: ai.packageName: com.android.phone
01-01 08:00:09.670  1871  1871 I PackageManager: ai.packageName: com.gaei.bt
01-01 08:00:09.670  1871  1871 I PackageManager: ai.packageName: gaei.reverse
01-01 08:00:09.680  1871  1871 I PackageManager: com.android.sharedstoragebackup
01-01 08:00:09.680  1871  1871 I PackageManager: result :false
01-01 08:00:09.680  1871  1871 I PackageManager: com.android.inputmethod.pinyinis not in whitelist
01-01 08:00:09.680  1871  1871 I PackageManager: com.android.inputmethod.pinyin
01-01 08:00:09.680  1871  1871 I PackageManager: result :false
01-01 08:00:09.680  1871  1871 I PackageManager: com.gaei.vehichesettingis not in whitelist
01-01 08:00:09.680  1871  1871 I PackageManager: com.gaei.vehichesetting
01-01 08:00:09.680  1871  1871 I PackageManager: result :false
01-01 08:00:09.680  1871  1871 I PackageManager: com.gaei.settingsis not in whitelist
01-01 08:00:09.680  1871  1871 I PackageManager: com.gaei.settings
01-01 08:00:09.680  1871  1871 I PackageManager: result :false
01-01 08:00:09.680  1871  1871 I PackageManager: com.thunderst.updateis not in whitelist
01-01 08:00:09.680  1871  1871 I PackageManager: com.thunderst.update
01-01 08:00:09.680  1871  1871 I PackageManager: result :false
01-01 08:00:09.680  1871  1871 I PackageManager: com.thundersoft.connectivityis not in whitelist
01-01 08:00:09.680  1871  1871 I PackageManager: com.thundersoft.connectivity
01-01 08:00:09.680  1871  1871 I PackageManager: result :false
01-01 08:00:09.680  1871  1871 I PackageManager: com.android.provisionis not in whitelist
01-01 08:00:09.680  1871  1871 I PackageManager: com.android.provision
01-01 08:00:09.680  1871  1871 I PackageManager: result :false
01-01 08:00:09.680  1871  1871 I PackageManager: com.android.pacprocessoris not in whitelist
01-01 08:00:09.680  1871  1871 I PackageManager: com.android.pacprocessor
01-01 08:00:09.680  1871  1871 I PackageManager: result :false
01-01 08:00:09.680  1871  1871 I PackageManager: com.android.providers.mediais not in whitelist
01-01 08:00:09.680  1871  1871 I PackageManager: com.android.providers.media
01-01 08:00:09.680  1871  1871 I PackageManager: result :false
01-01 08:00:09.680  1871  1871 I PackageManager: com.nforetek.btis not in whitelist
01-01 08:00:09.680  1871  1871 I PackageManager: com.nforetek.bt
01-01 08:00:09.680  1871  1871 I PackageManager: result :false
01-01 08:00:09.680  1871  1871 I PackageManager: com.android.certinstalleris not in whitelist
01-01 08:00:09.680  1871  1871 I PackageManager: com.android.certinstaller
01-01 08:00:09.680  1871  1871 I PackageManager: result :false
01-01 08:00:09.680  1871  1871 I PackageManager: com.gaei.speechadapteris not in whitelist
01-01 08:00:09.680  1871  1871 I PackageManager: com.gaei.speechadapter
01-01 08:00:09.680  1871  1871 I PackageManager: result :false
01-01 08:00:09.680  1871  1871 I PackageManager: com.thundersoft.logis not in whitelist
01-01 08:00:09.680  1871  1871 I PackageManager: com.thundersoft.log
01-01 08:00:09.680  1871  1871 I PackageManager: ai.packageName: com.gaei.vehichesetting
01-01 08:00:09.680  1871  1871 I PackageManager: ai.packageName: com.android.providers.media
01-01 08:00:09.680  1871  1871 I PackageManager: ai.packageName: com.nforetek.bt
01-01 08:00:09.690  1871  1871 I PackageManager: result :false
01-01 08:00:09.690  1871  1871 I PackageManager: com.thundersoft.connectivity.AudioRsManageris not in whitelist
01-01 08:00:09.690  1871  1871 I PackageManager: com.thundersoft.connectivity.AudioRsManager
01-01 08:00:09.690  1871  1871 I PackageManager: result :false
01-01 08:00:09.690  1871  1871 I PackageManager: gaei.lockscreenis not in whitelist
01-01 08:00:09.690  1871  1871 I PackageManager: gaei.lockscreen
01-01 08:00:09.690  1871  1871 I PackageManager: result :false
01-01 08:00:09.690  1871  1871 I PackageManager: com.fsl.android.otais not in whitelist
01-01 08:00:09.690  1871  1871 I PackageManager: com.fsl.android.ota
01-01 08:00:09.690  1871  1871 I PackageManager: result :false
01-01 08:00:09.690  1871  1871 I PackageManager: androidis not in whitelist
01-01 08:00:09.690  1871  1871 I PackageManager: android
01-01 08:00:09.690  1871  1871 I PackageManager: result :false
01-01 08:00:09.690  1871  1871 I PackageManager: com.android.settingsis not in whitelist
01-01 08:00:09.690  1871  1871 I PackageManager: com.android.settings
01-01 08:00:09.690  1871  1871 I PackageManager: result :false
01-01 08:00:09.690  1871  1871 I PackageManager: com.android.providers.contactsis not in whitelist
01-01 08:00:09.690  1871  1871 I PackageManager: com.android.providers.contacts
01-01 08:00:09.690  1871  1871 I PackageManager: result :false
01-01 08:00:09.690  1871  1871 I PackageManager: com.tencent.wecarnaviis not in whitelist
01-01 08:00:09.690  1871  1871 I PackageManager: com.tencent.wecarnavi
01-01 08:00:09.690  1871  1871 I PackageManager: result :false
01-01 08:00:09.690  1871  1871 I PackageManager: com.gaei.appstorewidgetis not in whitelist
01-01 08:00:09.690  1871  1871 I PackageManager: com.gaei.appstorewidget
01-01 08:00:09.690  1871  1871 I PackageManager: result :false
01-01 08:00:09.690  1871  1871 I PackageManager: com.android.externalstorageis not in whitelist
01-01 08:00:09.690  1871  1871 I PackageManager: com.android.externalstorage
01-01 08:00:09.690  1871  1871 I PackageManager: result :false
01-01 08:00:09.690  1871  1871 I PackageManager: com.nforetek.bt.demo.serviceis not in whitelist
01-01 08:00:09.690  1871  1871 I PackageManager: com.nforetek.bt.demo.service
01-01 08:00:09.690  1871  1871 I PackageManager: result :false
01-01 08:00:09.690  1871  1871 I PackageManager: gaei.cluster.serviceis not in whitelist
01-01 08:00:09.690  1871  1871 I PackageManager: gaei.cluster.service
01-01 08:00:09.690  1871  1871 I PackageManager: result :false
01-01 08:00:09.690  1871  1871 I PackageManager: gaei.thirdparty.media.adapteris not in whitelist
01-01 08:00:09.690  1871  1871 I PackageManager: gaei.thirdparty.media.adapter
01-01 08:00:09.690  1871  1871 I PackageManager: result :false
01-01 08:00:09.690  1871  1871 I PackageManager: com.android.systemuiis not in whitelist
01-01 08:00:09.690  1871  1871 I PackageManager: com.android.systemui
01-01 08:00:09.690  1871  1871 I PackageManager: result :false
01-01 08:00:09.690  1871  1871 I PackageManager: gaei.clusteris not in whitelist
01-01 08:00:09.690  1871  1871 I PackageManager: gaei.cluster
01-01 08:00:09.690  1871  1871 I PackageManager: result :false
01-01 08:00:09.690  1871  1871 I PackageManager: com.android.keychainis not in whitelist
01-01 08:00:09.690  1871  1871 I PackageManager: com.android.keychain
01-01 08:00:09.690  1871  1871 I PackageManager: result :false
01-01 08:00:09.690  1871  1871 I PackageManager: com.android.packageinstalleris not in whitelist
01-01 08:00:09.690  1871  1871 I PackageManager: com.android.packageinstaller
01-01 08:00:09.690  1871  1871 I PackageManager: result :false
01-01 08:00:09.690  1871  1871 I PackageManager: gaei.bluetoothis not in whitelist
01-01 08:00:09.690  1871  1871 I PackageManager: gaei.bluetooth
01-01 08:00:09.690  1871  1871 I PackageManager: result :false
01-01 08:00:09.690  1871  1871 I PackageManager: gaei.engineeris not in whitelist
01-01 08:00:09.690  1871  1871 I PackageManager: gaei.engineer
01-01 08:00:09.690  1871  1871 I PackageManager: result :false
01-01 08:00:09.690  1871  1871 I PackageManager: com.android.providers.telephonyis not in whitelist
01-01 08:00:09.690  1871  1871 I PackageManager: com.android.providers.telephony
01-01 08:00:09.690  1871  1871 I PackageManager: result :false
01-01 08:00:09.690  1871  1871 I PackageManager: gaei.ecallbcallis not in whitelist
01-01 08:00:09.690  1871  1871 I PackageManager: gaei.ecallbcall
01-01 08:00:09.690  1871  1871 I PackageManager: result :false
01-01 08:00:09.690  1871  1871 I PackageManager: com.android.backupconfirmis not in whitelist
01-01 08:00:09.690  1871  1871 I PackageManager: com.android.backupconfirm
01-01 08:00:09.690  1871  1871 I PackageManager: result :false
01-01 08:00:09.690  1871  1871 I PackageManager: com.android.location.fusedis not in whitelist
01-01 08:00:09.690  1871  1871 I PackageManager: com.android.location.fused
01-01 08:00:09.690  1871  1871 I PackageManager: result :false
01-01 08:00:09.690  1871  1871 I PackageManager: com.android.providers.settingsis not in whitelist
01-01 08:00:09.690  1871  1871 I PackageManager: com.android.providers.settings
01-01 08:00:09.690  1871  1871 I PackageManager: result :false
01-01 08:00:09.690  1871  1871 I PackageManager: com.gaei.imageis not in whitelist
01-01 08:00:09.690  1871  1871 I PackageManager: com.gaei.image
01-01 08:00:09.690  1871  1871 I PackageManager: result :false
01-01 08:00:09.690  1871  1871 I PackageManager: com.android.shellis not in whitelist
01-01 08:00:09.690  1871  1871 I PackageManager: com.android.shell
01-01 08:00:09.690  1871  1871 I PackageManager: result :false
01-01 08:00:09.690  1871  1871 I PackageManager: com.android.providers.downloadsis not in whitelist
01-01 08:00:09.690  1871  1871 I PackageManager: com.android.providers.downloads
01-01 08:00:09.690  1871  1871 I PackageManager: result :false
01-01 08:00:09.690  1871  1871 I PackageManager: com.tencent.wecarwidgetis not in whitelist
01-01 08:00:09.690  1871  1871 I PackageManager: com.tencent.wecarwidget
01-01 08:00:09.690  1871  1871 I PackageManager: result :false
01-01 08:00:09.690  1871  1871 I PackageManager: gaei.videois not in whitelist
01-01 08:00:09.690  1871  1871 I PackageManager: gaei.video
01-01 08:00:09.690  1871  1871 D PModeManagerService: PModeManagerService starting...
01-01 08:00:09.690  1871  1871 I PackageManager: ai.packageName: gaei.lockscreen
01-01 08:00:09.690  1871  1871 I PackageManager: ai.packageName: android
01-01 08:00:09.690  1871  1871 I PackageManager: ai.packageName: gaei.cluster.service
01-01 08:00:09.690  1871  1871 I PackageManager: ai.packageName: com.android.systemui
01-01 08:00:09.690  1871  1871 I PackageManager: ai.packageName: gaei.cluster
01-01 08:00:09.690  1871  1871 I PackageManager: ai.packageName: gaei.bluetooth
01-01 08:00:09.690  1871  1871 I PackageManager: ai.packageName: gaei.ecallbcall
01-01 08:00:09.690  1871  1871 I SystemServer: PModeManagerService
01-01 08:00:09.690  1871  1871 I SystemServer: PModeManagerService ready
01-01 08:00:09.710  1871  2033 D PModeManagerService: mHandler ready
01-01 08:00:09.710  1871  1871 D PModeManagerService: after wait mHandler
01-01 08:00:09.710  1871  1871 V TboxTimeUpdateTimeService: SystemReadying
01-01 08:00:09.710  1971  1976 D dalvikvm: GC_CONCURRENT freed 233K, 19% free 1519K/1860K, paused 2ms+3ms, total 29ms
01-01 08:00:09.710  1871  2036 D AudioSourceManagerJni: AudioSourceManagerJni:initAudioSourceJni Jni Enter fromHost = 0
01-01 08:00:09.710  1871  2036 D AudioSourceManagerJni: func: getAudioSourceManagerService, Enter
01-01 08:00:09.710  1871  2036 D AudioSourceManagerJni: AudioSourceManagerJni:initAudioSourceJni Jni Leave
01-01 08:00:09.710  1871  2036 D AudioSourceManager: AudioSourceManager construct.
01-01 08:00:09.710  1871  2036 D VehicleManagerService: request listmap : 2
01-01 08:00:09.710  1871  2036 D VehicleManagerService: Receiver construct
01-01 08:00:09.710  1871  2036 D VehicleManagerService: Receiver construct type : class android.vehicle.VehicleManager$ListenerTransport
01-01 08:00:09.710  1871  2033 D PModeManagerService: IS_FIRST_BOOT: true
01-01 08:00:09.710  1871  2033 D VehicleManagerService: sendPacket SendSetLcdPwr
01-01 08:00:09.710  1871  1871 I SystemServer: TboxTimeUpdateTimeService
01-01 08:00:09.720  1871  2033 D VehicleInfoProvider: construct send to mcu
01-01 08:00:09.720  1871  2033 D PModeManagerService: write 1 to /sys/kernel/gaei_pmgaei/pmAcc start!
01-01 08:00:09.720  1871  2033 D PModeManagerService: write /sys/kernel/gaei_pmgaei/pmAcc end!
01-01 08:00:09.720  1871  1918 D VehicleInfoProvider:  ctl SCREEN_CONTROL D_LCD_PWR_SET_CMD 1
01-01 08:00:09.720  1871  1918 D VehicleInfoProvider: native_setLcdPwr succeed
01-01 08:00:09.720  1871  1918 D VehicleInfoProvider: native_setLcdPwr
01-01 08:00:09.720  1871  2033 D VehicleManagerService: sendPacket SendScreen10xOn
01-01 08:00:09.720  1871  2036 D PModeManagerService: registerG2BR! 
01-01 08:00:09.720  1871  2036 D PModeManagerService: registerG2BR! -end 
01-01 08:00:09.720  1871  2036 D PModeManagerService: Initial call state flagInCalling: false
01-01 08:00:09.720  1871  2036 D PModeManagerService: DisclaimerState:false LockScreenState:false
01-01 08:00:09.720  1871  2033 D VehicleInfoProvider: construct send to mcu
01-01 08:00:09.720  1871  2033 D VehicleManagerService: sendPacket SendSetVirtualBlOn
01-01 08:00:09.720  1871  2033 D VehicleInfoProvider: construct send to mcu
01-01 08:00:09.720  1871  2033 D AudioSourceManager: abandonAudioSource enter, audioSourceId:15
01-01 08:00:09.720  1871  2033 D AudioSourceManagerJni: AudioSourceManagerJni:abandonAudioSource Jni Enter
01-01 08:00:09.720  1871  2033 D AudioSourceManagerJni: func: getAudioSourceManagerService, Enter
01-01 08:00:09.720  1871  2033 D AudioSourceManagerJni: func: getAudioSourceManagerService, Enter
01-01 08:00:09.720  1871  2033 D AudioSourceManagerService: abandonAudioSource Bp Enter
01-01 08:00:09.730  1464  1464 D AudioSourceManagerService: onTransact Bn Enter, code:3
01-01 08:00:09.730  1464  1464 D AudioSourceManagerService: abandonAudioSource NEnter
01-01 08:00:09.730  1464  1464 V AudioSourceManagerService: #####abandon audio source id: 15, pkg: android, flg: 2, restore: 1
01-01 08:00:09.730  1464  1464 D AudioSourceManagerService: getLastSourceTableState Enter, source:15, pkg:android
01-01 08:00:09.730  1464  1464 D AudioSourceManagerService: getLastSourceTableState, sql:SELECT source_state FROM lastsource WHERE source_id = ? AND package_name = ?
01-01 08:00:09.730  1464  1464 E AudioSourceManagerService: getLastSourceTableState Sql step error:101
01-01 08:00:09.730  1464  1464 D AudioSourceManagerService: get abandon source state: -1.
01-01 08:00:09.730  1464  1464 D AudioSourceManagerService: abandon source state is not ACTIVED, just update source(id: 15) state to ABANDON.
01-01 08:00:09.730  1464  1464 D AudioSourceManagerService: no need to clear temp media source.
01-01 08:00:09.730  1464  1464 D AudioSourceManagerService: abandonAudioSource NLeave
01-01 08:00:09.730  1871  1871 D VehicleManagerService: request listmap : 3
01-01 08:00:09.730  1871  2033 D VehicleManagerService: sendPacket SendScreen10xOn
01-01 08:00:09.730  1871  1871 D VehicleManagerService: Receiver construct
01-01 08:00:09.730  1871  1871 D VehicleManagerService: Receiver construct type : class android.vehicle.VehicleManager$ListenerTransport
01-01 08:00:09.730  1871  1871 E TboxTimeUpdateTimeService: will update time right row.
01-01 08:00:09.730  1871  2033 D VehicleInfoProvider: construct send to mcu
01-01 08:00:09.730  1871  2033 D VehicleManagerService: sendPacket SendSetVirtualBlOn
01-01 08:00:09.730  1871  2039 V TboxTimeUpdateTimeService: POLL_UpdateTime
01-01 08:00:09.730  1871  2039 D VehicleManagerService: sendPacket SendReqTimeSync
01-01 08:00:09.730  1871  2039 D VehicleInfoProvider: packet is send dither
01-01 08:00:09.730  1871  2039 D VehicleInfoProvider: construct send to mcu
01-01 08:00:09.730  1871  1871 I SystemServer: NetworkManagement Service
01-01 08:00:09.740  1871  2039 E TboxTimeUpdateTimeService: will update time when 3000ms later.
01-01 08:00:09.750  1871  1918 D VehicleInfoProvider:  ctl SCREEN_CONTROL D_LCD_BACKLIGHT_ONOFF_SET_CMD 1
01-01 08:00:09.750  1871  1918 D VehicleInfoProvider: native_openScreen10xOn succeed
01-01 08:00:09.750  1871  1918 D VehicleInfoProvider: native_sendScreen10xOn
01-01 08:00:09.760  1995  1999 D dalvikvm: GC_CONCURRENT freed 168K, 12% free 1521K/1724K, paused 2ms+1ms, total 40ms
01-01 08:00:09.760  1871  2033 D VehicleInfoProvider: construct send to mcu
01-01 08:00:09.760  1871  2033 D PModeManagerService: acc on normal, turn on lcd and virtual button backlight.
01-01 08:00:09.760  1871  2033 D PModeManagerService: opsHardKey!
01-01 08:00:09.760  1871  2033 D PModeManagerService: unblock HardKey!
01-01 08:00:09.760  1871  2033 D PModeManagerService: turn on MIC!
01-01 08:00:09.760  1871  2033 D DspManager: [audio][manager][setDeviceMode] device type:1, mode:true
01-01 08:00:09.760  1871  2033 I dsp-GAEI: [gaei_dsp]       control_context__setPmDevices devices = 1
01-01 08:00:09.760  1871  2033 I dsp-GAEI: [gaei_dsp]       control_context__setPmDevices flag = true
01-01 08:00:09.760  1871  1871 I SystemServer: NetworkStats Service
01-01 08:00:09.780  1871  2033 I dsp-GAEI: [gaei_dsp_amp]               write file success
01-01 08:00:09.780  1871  2033 D DspService: setDevicesMode, deviceType: 1, mode: true, result: 0
01-01 08:00:09.780  1871  2033 D DspManager: [audio][manager][setDeviceMode] device type:3, mode:true
01-01 08:00:09.780  1871  2033 I dsp-GAEI: [gaei_dsp]       control_context__setPmDevices devices = 3
01-01 08:00:09.780  1871  2033 I dsp-GAEI: [gaei_dsp]       control_context__setPmDevices flag = true
01-01 08:00:09.780  1871  2033 I dsp-GAEI: [gaei_dsp_Mic]      MIC control !!!!  
01-01 08:00:09.780  1871  2033 I dsp-GAEI: [gaei_dsp_xf6000]               write file success
01-01 08:00:09.780  1871  2033 D DspService: setDevicesMode, deviceType: 3, mode: true, result: 0
01-01 08:00:09.780  1871  2033 D PModeManagerService: send acc on broadcast
01-01 08:00:09.790  1871  1918 D VehicleInfoProvider: jni_setVirtualBlOn VirtualBlOn
01-01 08:00:09.790  1871  1918 D VehicleInfoProvider:  open SCREEN10X_BRI fail
01-01 08:00:09.790  1871  1918 D VehicleInfoProvider: native_setVirtualBlOn
01-01 08:00:09.790  1871  2033 W ContextImpl: Calling a method in the system process without a qualified user: android.app.ContextImpl.sendBroadcast:1207 com.android.server.powermode.PModeManagerService$4$1.handleMessage:726 android.os.Handler.dispatchMessage:102 android.os.Looper.loop:136 com.android.server.powermode.PModeManagerService$4.run:807 
01-01 08:00:09.800  2015  2019 D dalvikvm: GC_CONCURRENT freed 216K, 21% free 1230K/1552K, paused 2ms+4ms, total 18ms
01-01 08:00:09.810  1871  1871 I SystemServer: NetworkPolicy Service
01-01 08:00:09.820  1871  2033 D VehicleManagerService: sendPacket SendMpuLcdOff
01-01 08:00:09.820  1871  1918 D VehicleInfoProvider:  ctl SCREEN_CONTROL D_LCD_BACKLIGHT_ONOFF_SET_CMD 1
01-01 08:00:09.820  1871  2033 D VehicleInfoProvider: construct send to mcu
01-01 08:00:09.830  1871  1918 D VehicleInfoProvider: native_openScreen10xOn succeed
01-01 08:00:09.830  1871  1918 D VehicleInfoProvider: native_sendScreen10xOn
01-01 08:00:09.840  1871  1875 D dalvikvm: GC_CONCURRENT freed 544K, 15% free 3751K/4400K, paused 6ms+11ms, total 60ms
01-01 08:00:09.840  1871  1871 I SystemServer: Wi-Fi P2pService
01-01 08:00:09.860  2026  2030 D dalvikvm: GC_CONCURRENT freed 221K, 21% free 1233K/1560K, paused 2ms+1ms, total 19ms
01-01 08:00:09.860  1871  1918 D VehicleInfoProvider: jni_reqTimeSync data : ff,ff,ff,ff,ff,ff,ff,ff,ff,ff 
01-01 08:00:09.860  1871  1918 I vehicle-GAEI: control_context__Uart_Protcl_Msg_Tx_Time_Sync_Req :     LINE = 145
01-01 08:00:09.860  1871  1918 I UartProtocol: UartPrtclMsg Send ClId=0,Event=128
01-01 08:00:09.860  1871  1918 I vehicle-GAEI: control_context__Uart_Protcl_Msg_Tx_Time_Sync_Req :     LINE = 145   ret = true 
01-01 08:00:09.860  1871  1918 D VehicleInfoProvider: jni_reqTimeSync succeed
01-01 08:00:09.860  1871  1918 D VehicleInfoProvider: native_reqTimeSync
01-01 08:00:09.880  1871  1922 I UartProtocol: UartPrtlMsg Cbk ClId=0,Event=128
01-01 08:00:09.880  1871  1922 D VehicleInfoProvider: cbk_time_sync
01-01 08:00:09.880  1871  1920 D ClockSyncInfo: m_nDate = 0 m_nDay = 1 m_nHour = 0 m_nMinute = 9 m_nMode = 0 m_nMonth = 1 m_nSecond = 11 m_nTimeZone = 0 m_nYear = 1970 
01-01 08:00:09.880  1871  2039 D test    : start timeSync9891
01-01 08:00:09.880  1871  2039 V TboxTimeUpdateTimeService: UpdateTime
01-01 08:00:09.880  1871  2039 V TboxTimeUpdateTimeService: year:1970 month:1 day:1 hour:0 minute:9 seconds:11
01-01 08:00:09.880  1871  2039 D TboxTimeUpdateTimeService: timezone is : Asia/Shanghai
01-01 08:00:09.880  1871  2039 D         : Setting time of day to sec=9
01-01 08:00:09.891  1871  2039 D TboxTimeUpdateTimeService: set tm= 9891, now tm=9891
01-01 08:00:09.891  1871  2039 D test    : end timeSync9891
01-01 08:00:09.891  1933  1933 D ClusterSystem: onReceive action:android.intent.action.TIME_SET
01-01 08:00:09.901  1871  1918 D VehicleInfoProvider: jni_setVirtualBlOn VirtualBlOn
01-01 08:00:09.901  1871  1918 D VehicleInfoProvider:  open SCREEN10X_BRI fail
01-01 08:00:09.901  1871  1918 D VehicleInfoProvider: native_setVirtualBlOn
01-01 08:00:09.911  1871  1875 D dalvikvm: GC_CONCURRENT freed 40K, 15% free 3757K/4400K, paused 10ms+6ms, total 48ms
01-01 08:00:09.961  1871  1918 D VehicleInfoProvider: jni_sendMpuLcdOff data : 01 
01-01 08:00:09.961  1871  1918 I vehicle-GAEI: control_context__Uart_Protcl_Msg_Tx_Mpu_Lcd_Off :     LINE = 133
01-01 08:00:09.961  1871  1918 I UartProtocol: UartPrtclMsg Send ClId=0,Event=3
01-01 08:00:09.961  1871  1918 I vehicle-GAEI: control_context__Uart_Protcl_Msg_Tx_Mpu_Lcd_Off :     LINE = 133   ret = true 
01-01 08:00:09.961  1871  1918 D VehicleInfoProvider: jni_sendMpuLcdOff succeed
01-01 08:00:09.961  1871  1918 D VehicleInfoProvider: native_sendMpuLcdOff
01-01 08:00:09.971  2026  2030 D dalvikvm: GC_CONCURRENT freed 183K, 17% free 1464K/1752K, paused 3ms+6ms, total 26ms
01-01 08:00:09.971  1871  1875 D dalvikvm: GC_CONCURRENT freed 7K, 15% free 3753K/4400K, paused 10ms+10ms, total 54ms
01-01 08:00:09.991  2015  2019 D dalvikvm: GC_CONCURRENT freed 195K, 18% free 1470K/1772K, paused 1ms+1ms, total 16ms
01-01 08:00:10.001  1947  1947 D RVC     : @ReverseService@ ReverseService() new 
01-01 08:00:10.001  1947  1947 D RVC     : @ReverseService@ onCreate
01-01 08:00:10.001  1958  1958 D LockScreenService: LockScreenService onCreate
01-01 08:00:10.011  1958  1958 D AudioSourceManagerJni: AudioSourceManagerJni:initAudioSourceJni Jni Enter fromHost = 0
01-01 08:00:10.011  1958  1958 D AudioSourceManagerJni: func: getAudioSourceManagerService, Enter
01-01 08:00:10.011  1958  1958 D AudioSourceManagerJni: IAudioSourceManagerService getService 0x647a7618:media.audio_source.
01-01 08:00:10.011  1958  1958 D AudioSourceManagerService: BpAudioSourceManagerService Bp Enter
01-01 08:00:10.011  1958  1958 D AudioSourceManagerService: registerClient Bp Enter
01-01 08:00:10.011  1464  1567 D AudioSourceManagerService: onTransact Bn Enter, code:4
01-01 08:00:10.011  1464  1567 D AudioSourceManagerService: registerClient NEnter
01-01 08:00:10.011  1464  1567 V AudioSourceManagerService: registerClient() client 0x40712a18, pid 1958
01-01 08:00:10.011  1958  1958 D AudioSourceManagerJni: AudioSourceManagerJni:initAudioSourceJni Jni Leave
01-01 08:00:10.011  1871  1875 D dalvikvm: GC_CONCURRENT freed 1K, 15% free 3755K/4400K, paused 2ms+12ms, total 43ms
01-01 08:00:10.011  1958  1958 D AudioSourceManager: AudioSourceManager construct.
01-01 08:00:10.031  1947  1947 D PACKETMGR: PacketMgr init start
01-01 08:00:10.041  1947  1947 D PACKETMGR: packetsForTransact 1
01-01 08:00:10.041  1947  1947 D RVC     : @ReverseService@ queryCarBackAccStatus = false
01-01 08:00:10.041  1871  1871 I SystemServer: Wi-Fi Service
01-01 08:00:10.051  1947  1947 D RVC     : @PlatformConfig@ platform screen width = 1920 height = 720
01-01 08:00:10.071  1947  1947 D SettingBackup: ----- Java_SettingBackup_nativeInit dataBackUpInit
01-01 08:00:10.071  1947  1947 D SettingBackup: --- dataBackUpInit  --
01-01 08:00:10.071  1947  1947 D SettingBackup: dbus_init
01-01 08:00:10.081  1947  1947 D SettingBackup: BackupDataDbus::InitialDBus :0.
01-01 08:00:10.091  1947  1947 D SettingBackup: xxx_ipc_get_connection :0.
01-01 08:00:10.091  1947  1947 D SettingBackup: ConnectDbusDaemon success = com.thundersoft.service.setting.
01-01 08:00:10.091  1947  1947 D SettingBackup: connect dbus daemon success.
01-01 08:00:10.091  1947  1947 D SettingBackup: dbus com.thundersoft.service.setting has owner.
01-01 08:00:10.091  1947  1947 D SettingBackup: BackupDataDbus::onSrvRunning : 1
01-01 08:00:10.101  1947  1947 D SettingBackup: dbus_read:103.
01-01 08:00:10.111  1460  1487 V SystemSettingService: Service method GetDataLegend:{
01-01 08:00:10.111  1460  1487 V SystemSettingService:    "BackupItem" : 103
01-01 08:00:10.111  1460  1487 V SystemSettingService: }
01-01 08:00:10.111  1460  1487 V SystemSettingService: .
01-01 08:00:10.111  1460  1487 V SystemSettingService: Service method GetDataLegend item:103.
01-01 08:00:10.111  1460  1487 V SystemSettingService: get item = 270.
01-01 08:00:10.111  1460  1487 I backupdata: start get item,item id is VENDOR_VEHICLE_PLATFORM
01-01 08:00:10.111  1947  1951 D dalvikvm: GC_CONCURRENT freed 187K, 15% free 1710K/2000K, paused 2ms+1ms, total 17ms
01-01 08:00:10.141  1460  1487 I backupdata: get_item_double_info_in_vendor:read result: 1, backup is 0!
01-01 08:00:10.141  1460  1487 I backupdata: vdata[0] = 7, vdata[1] = 255, vdata[2] = 248, vdata[3] = 255!
01-01 08:00:10.141  1460  1487 V backupdata: check:data[0] = 7
01-01 08:00:10.141  1460  1487 I backupdata: get: vendor_checksum is 63743, calc_vendor_checksum() is 63743!
01-01 08:00:10.141  1460  1487 V backupdata: check:data[0] = 7
01-01 08:00:10.141  1460  1487 I backupdata: vendor checksum is right, backup is 0!
01-01 08:00:10.141  1460  1487 I SystemSettingService: get backup normal value = 7 .
01-01 08:00:10.141  1947  1947 D SettingBackup: InvokeMethod success method:stg_mw_legend_get params:{
01-01 08:00:10.141  1947  1947 D SettingBackup: 	"BackupItem":	103
01-01 08:00:10.141  1947  1947 D SettingBackup: }.
01-01 08:00:10.141  1947  1947 D SettingBackup: readNativeBackup:{"BackupValue":7}
01-01 08:00:10.141  1971  1971 D WidgetProvider: onReceive.....==android.appwidget.action.APPWIDGET_DELETED
01-01 08:00:10.151  1947  1947 D ivehicle_: getPlatformBackup=7
01-01 08:00:10.151  1947  1947 D RVC     : @PlatformConfig@ get vehicle platform type = 7
01-01 08:00:10.151  1947  1947 D RVC     : @PlatformConfig@ parameter a32 config
01-01 08:00:10.151  1947  1947 D SettingBackup: dbus_read:69.
01-01 08:00:10.151  1460  1487 V SystemSettingService: Service method GetDataLegend:{
01-01 08:00:10.151  1460  1487 V SystemSettingService:    "BackupItem" : 69
01-01 08:00:10.151  1460  1487 V SystemSettingService: }
01-01 08:00:10.151  1460  1487 V SystemSettingService: .
01-01 08:00:10.151  1460  1487 V SystemSettingService: Service method GetDataLegend item:69.
01-01 08:00:10.151  1460  1487 V SystemSettingService: get item = 277.
01-01 08:00:10.151  1460  1487 I backupdata: start get item,item id is VENDOR_CAMERA_HD_SD
01-01 08:00:10.151  1460  1487 I backupdata: get_item_double_info_in_vendor:read result: 1, backup is 0!
01-01 08:00:10.151  1460  1487 I backupdata: vdata[0] = 0, vdata[1] = 255, vdata[2] = 255, vdata[3] = 73!
01-01 08:00:10.151  1460  1487 V backupdata: check:data[0] = 0
01-01 08:00:10.151  1460  1487 I backupdata: get: vendor_checksum is 65535, calc_vendor_checksum() is 65535!
01-01 08:00:10.151  1460  1487 V backupdata: check:data[0] = 0
01-01 08:00:10.151  1460  1487 I backupdata: vendor checksum is right, backup is 0!
01-01 08:00:10.151  1460  1487 I SystemSettingService: get backup normal value = 0 .
01-01 08:00:10.151  1947  1947 D SettingBackup: InvokeMethod success method:stg_mw_legend_get params:{
01-01 08:00:10.151  1947  1947 D SettingBackup: 	"BackupItem":	69
01-01 08:00:10.151  1947  1947 D SettingBackup: }.
01-01 08:00:10.151  1947  1947 D SettingBackup: readNativeBackup:{"BackupValue":0}
01-01 08:00:10.151  1947  1947 D RVC     : @VehicleConfig@ read camera type val = 0
01-01 08:00:10.151  1947  1947 D SettingBackup: dbus_read:70.
01-01 08:00:10.151  1460  1487 V SystemSettingService: Service method GetDataLegend:{
01-01 08:00:10.151  1460  1487 V SystemSettingService:    "BackupItem" : 70
01-01 08:00:10.151  1460  1487 V SystemSettingService: }
01-01 08:00:10.151  1460  1487 V SystemSettingService: .
01-01 08:00:10.151  1460  1487 V SystemSettingService: Service method GetDataLegend item:70.
01-01 08:00:10.151  1460  1487 V SystemSettingService: get item = 274.
01-01 08:00:10.151  1460  1487 I backupdata: start get item,item id is VENDOR_DRIVE_ASSISTANCE
01-01 08:00:10.161  1460  1487 I backupdata: get_item_double_info_in_vendor:read result: 1, backup is 0!
01-01 08:00:10.161  1460  1487 I backupdata: vdata[0] = 0, vdata[1] = 255, vdata[2] = 255, vdata[3] = 64!
01-01 08:00:10.161  1460  1487 V backupdata: check:data[0] = 0
01-01 08:00:10.161  1460  1487 I backupdata: get: vendor_checksum is 65535, calc_vendor_checksum() is 65535!
01-01 08:00:10.161  1460  1487 V backupdata: check:data[0] = 0
01-01 08:00:10.161  1460  1487 I backupdata: vendor checksum is right, backup is 0!
01-01 08:00:10.161  1460  1487 I SystemSettingService: get backup normal value = 0 .
01-01 08:00:10.161  1947  1947 D SettingBackup: InvokeMethod success method:stg_mw_legend_get params:{
01-01 08:00:10.161  1947  1947 D SettingBackup: 	"BackupItem":	70
01-01 08:00:10.161  1947  1947 D SettingBackup: }.
01-01 08:00:10.161  1947  1947 D SettingBackup: readNativeBackup:{"BackupValue":0}
01-01 08:00:10.161  1947  1947 D RVC     : @VehicleConfig@ read func id val = 0
01-01 08:00:10.161  1947  1947 D RVC     : @VehicleConfig@ vehicle config func is RVC
01-01 08:00:10.161  1947  1947 D SettingBackup: dbus_read:79.
01-01 08:00:10.161  1460  1487 V SystemSettingService: Service method GetDataLegend:{
01-01 08:00:10.161  1460  1487 V SystemSettingService:    "BackupItem" : 79
01-01 08:00:10.161  1460  1487 V SystemSettingService: }
01-01 08:00:10.161  1460  1487 V SystemSettingService: .
01-01 08:00:10.161  1460  1487 V SystemSettingService: Service method GetDataLegend item:79.
01-01 08:00:10.161  1460  1487 V SystemSettingService: get item = 275.
01-01 08:00:10.161  1460  1487 I backupdata: start get item,item id is VENDOR_RADAR_NUMBER_CFG
01-01 08:00:10.161  1460  1487 I backupdata: get_item_double_info_in_vendor:read result: 1, backup is 0!
01-01 08:00:10.161  1460  1487 I backupdata: vdata[0] = 0, vdata[1] = 255, vdata[2] = 255, vdata[3] = 64!
01-01 08:00:10.161  1460  1487 V backupdata: check:data[0] = 0
01-01 08:00:10.161  1460  1487 I backupdata: get: vendor_checksum is 65535, calc_vendor_checksum() is 65535!
01-01 08:00:10.161  1460  1487 V backupdata: check:data[0] = 0
01-01 08:00:10.161  1460  1487 I backupdata: vendor checksum is right, backup is 0!
01-01 08:00:10.161  1460  1487 I SystemSettingService: get backup normal value = 0 .
01-01 08:00:10.161  1947  1947 D SettingBackup: InvokeMethod success method:stg_mw_legend_get params:{
01-01 08:00:10.161  1947  1947 D SettingBackup: 	"BackupItem":	79
01-01 08:00:10.161  1947  1947 D SettingBackup: }.
01-01 08:00:10.161  1947  1947 D SettingBackup: readNativeBackup:{"BackupValue":0}
01-01 08:00:10.161  1947  1947 D RVC     : @VehicleConfig@ read radar config val = 0
01-01 08:00:10.161  1947  1947 D SettingBackup: dbus_read:142.
01-01 08:00:10.161  1460  1487 V SystemSettingService: Service method GetDataLegend:{
01-01 08:00:10.161  1460  1487 V SystemSettingService:    "BackupItem" : 142
01-01 08:00:10.161  1460  1487 V SystemSettingService: }
01-01 08:00:10.161  1460  1487 V SystemSettingService: .
01-01 08:00:10.161  1460  1487 V SystemSettingService: Service method GetDataLegend item:142.
01-01 08:00:10.161  1460  1487 V SystemSettingService: get item = 302.
01-01 08:00:10.161  1460  1487 I backupdata: start get item,item id is VENDOR_PARKING_IMG_TDEL 
01-01 08:00:10.171  1460  1487 I backupdata: get_item_double_info_in_vendor:read result: 1, backup is 0!
01-01 08:00:10.171  1460  1487 I backupdata: vdata[0] = 2, vdata[1] = 255, vdata[2] = 253, vdata[3] = 0!
01-01 08:00:10.171  1460  1487 V backupdata: check:data[0] = 2
01-01 08:00:10.171  1460  1487 I backupdata: get: vendor_checksum is 65023, calc_vendor_checksum() is 65023!
01-01 08:00:10.171  1460  1487 V backupdata: check:data[0] = 2
01-01 08:00:10.171  1460  1487 I backupdata: vendor checksum is right, backup is 0!
01-01 08:00:10.171  1460  1487 I SystemSettingService: get backup normal value = 2 .
01-01 08:00:10.171  1947  1947 D SettingBackup: InvokeMethod success method:stg_mw_legend_get params:{
01-01 08:00:10.171  1947  1947 D SettingBackup: 	"BackupItem":	142
01-01 08:00:10.171  1947  1947 D SettingBackup: }.
01-01 08:00:10.171  1947  1947 D SettingBackup: readNativeBackup:{"BackupValue":2}
01-01 08:00:10.171  1947  1947 D RVC     : @VehicleConfig@ read parking img tdel config val = 2
01-01 08:00:10.171  1947  1947 D AudioSourceManagerJni: AudioSourceManagerJni:initAudioSourceJni Jni Enter fromHost = 0
01-01 08:00:10.171  1947  1947 D AudioSourceManagerJni: func: getAudioSourceManagerService, Enter
01-01 08:00:10.171  1947  1947 D AudioSourceManagerJni: IAudioSourceManagerService getService 0x647a7548:media.audio_source.
01-01 08:00:10.171  1947  1947 D AudioSourceManagerService: BpAudioSourceManagerService Bp Enter
01-01 08:00:10.171  1947  1947 D AudioSourceManagerService: registerClient Bp Enter
01-01 08:00:10.171  1464  1464 D AudioSourceManagerService: onTransact Bn Enter, code:4
01-01 08:00:10.171  1464  1464 D AudioSourceManagerService: registerClient NEnter
01-01 08:00:10.171  1464  1464 V AudioSourceManagerService: registerClient() client 0x40712b50, pid 1947
01-01 08:00:10.171  1947  1947 D AudioSourceManagerJni: AudioSourceManagerJni:initAudioSourceJni Jni Leave
01-01 08:00:10.171  1947  1947 D AudioSourceManager: AudioSourceManager construct.
01-01 08:00:10.241  1871  1875 D dalvikvm: GC_CONCURRENT freed 28K, 15% free 3756K/4400K, paused 10ms+132ms, total 179ms
01-01 08:00:10.241  1871  1918 D VehicleInfoProvider: jni_setBookingCharge data : 01 
01-01 08:00:10.241  1871  1918 I vehicle-GAEI: control_context__Uart_Protcl_Msg_Tx_Booking_Charge_OnOff :     LINE = 116
01-01 08:00:10.241  1871  1918 I UartProtocol: UartPrtclMsg Send ClId=11,Event=0
01-01 08:00:10.241  1871  1918 I vehicle-GAEI: control_context__Uart_Protcl_Msg_Tx_Booking_Charge_OnOff :     LINE = 116   ret = true 
01-01 08:00:10.241  1871  1918 D VehicleInfoProvider: jni_setBookingCharge succeed
01-01 08:00:10.241  1871  1918 D VehicleInfoProvider: native_setBookingCharge
01-01 08:00:10.241  1871  1918 D VehicleInfoProvider: resend: 1 type:111
01-01 08:00:10.241  1971  1971 D WidgetProvider: getVerName().....==0.2.5
01-01 08:00:10.241  1958  1958 D LockScreenService: onStartCommand start
01-01 08:00:10.291  1871  1922 I UartProtocol: UartPrtlMsg Cbk ClId=4,Event=25
01-01 08:00:10.361  1995  1995 I MultiDex: VM with version 1.6.0 does not have multidex support
01-01 08:00:10.361  1995  1995 I MultiDex: install
01-01 08:00:10.401  1871  1922 D VehicleInfoProvider: cbk_fuel_info2
01-01 08:00:10.401  1871  1920 D FuelInfo2: m_bRLWheelSpdVD = false m_nAvgFuelConsumed = 0 m_nFuelInsConsumed = 0 m_nFuelPulse = 0 m_nRLWheelSpdEdgesSum = 0 
01-01 08:00:10.421  1958  1958 D LockScreenService: LASTSOURCE_SHOW: 0
01-01 08:00:10.421  1958  1958 D LockScreenService: onStartCommand end
01-01 08:00:10.421  1995  1995 I MultiDex: MultiDexExtractor.load(/system/app/WeCarPodcast.apk, false)
01-01 08:00:10.441  1871  1922 I UartProtocol: UartPrtlMsg Cbk ClId=0,Event=208
01-01 08:00:10.441  1871  1875 D dalvikvm: GC_CONCURRENT freed 33K, 14% free 3789K/4400K, paused 138ms+5ms, total 179ms
01-01 08:00:10.441  1971  1971 D WidgetProvider: onReceive.....==android.appwidget.action.APPWIDGET_DISABLED
01-01 08:00:10.451  1971  1971 D WidgetProvider: getVerName().....==0.2.5
01-01 08:00:10.461  1958  1960 D dalvikvm: GC_CONCURRENT freed 232K, 18% free 1632K/1968K, paused 1ms+18ms, total 42ms
01-01 08:00:10.461  1871  1918 D VehicleInfoProvider: jni_sendIcmAcuReadyState data : 00,00,00,00,00,00 
01-01 08:00:10.461  1871  1918 I vehicle-GAEI: control_context__Uart_Protcl_Msg_Tx_ICM_ACU_Ready_State :     LINE = 177
01-01 08:00:10.461  1871  1918 I UartProtocol: UartPrtclMsg Send ClId=14,Event=34
01-01 08:00:10.461  1871  1918 I vehicle-GAEI: control_context__Uart_Protcl_Msg_Tx_ICM_ACU_Ready_State :     LINE = 177   ret = true 
01-01 08:00:10.461  1871  1918 D VehicleInfoProvider: jni_sendIcmAcuReadyState succeed
01-01 08:00:10.461  1871  1918 D VehicleInfoProvider: native_sendIcmAcuReadyState
01-01 08:00:10.461  1871  1918 D VehicleInfoProvider: resend: 0 type:132
01-01 08:00:10.461  1871  1915 I ActivityManager: Start proc gaei.bluetooth for broadcast gaei.bluetooth/.widget.BluetoothAppWidget: pid=2056 uid=1002 gids={41002, 3003, 3002, 3001, 1028, 1015, 3005, 1016, 3008}
01-01 08:00:10.471  1461  1461 D dalvikvm: GC_EXPLICIT freed 35K, 12% free 1078K/1216K, paused 1ms+1ms, total 11ms
01-01 08:00:10.491  1461  1461 D dalvikvm: GC_EXPLICIT freed <1K, 12% free 1078K/1216K, paused 2ms+1ms, total 19ms
01-01 08:00:10.511  1461  1461 D dalvikvm: GC_EXPLICIT freed <1K, 12% free 1078K/1216K, paused 1ms+3ms, total 16ms
01-01 08:00:10.511  1947  1947 D dalvikvm: GC_FOR_ALLOC freed 23K, 9% free 2065K/2264K, paused 61ms, total 61ms
01-01 08:00:10.521  1947  1947 D RVC     : @LocusView@ w = 1920 h = 720
01-01 08:00:10.531  1871  1875 D dalvikvm: GC_CONCURRENT freed 7K, 14% free 3800K/4400K, paused 21ms+6ms, total 64ms
01-01 08:00:10.541  1947  1947 D dalvikvm: GC_FOR_ALLOC freed 6K, 8% free 2164K/2352K, paused 13ms, total 14ms
01-01 08:00:10.551  1995  1995 I MultiDex: loading existing secondary dex files
01-01 08:00:10.581  1947  1947 I dalvikvm-heap: Grow heap (frag case) to 7.485MB for 5529616-byte allocation
01-01 08:00:10.581  1995  1999 D dalvikvm: GC_CONCURRENT freed 278K, 20% free 1629K/2012K, paused 4ms+1ms, total 27ms
01-01 08:00:10.591  1871  1871 I SystemServer: Connectivity Service
01-01 08:00:10.601  1947  1956 D dalvikvm: GC_FOR_ALLOC freed <1K, 3% free 7564K/7756K, paused 20ms, total 20ms
01-01 08:00:10.621  1947  1951 D dalvikvm: GC_CONCURRENT freed <1K, 3% free 7567K/7756K, paused 3ms+2ms, total 24ms
01-01 08:00:10.621  1871  1871 D ConnectivityService: ConnectivityService starting up
01-01 08:00:10.631  1947  1947 D RVC     : @LocusView@ initBG set backcolor a b c!
01-01 08:00:10.641  1947  1947 D RVC     : @AngleDispose@ AngleDispose init
01-01 08:00:10.651  2015  2015 D GaeiSettings: ------SettingsApplication---------------SettingsApplication,onCreate().
01-01 08:00:10.651  1947  1947 D PACKETMGR: packetsForTransact 2
01-01 08:00:10.651  1871  2052 D VehicleManagerService: request listmap : 4
01-01 08:00:10.651  1871  2052 D VehicleManagerService: Receiver construct
01-01 08:00:10.651  1871  2052 D VehicleManagerService: Receiver construct type : class android.vehicle.IInfoListenerTransport$Stub$Proxy
01-01 08:00:10.651  1871  1871 D ConnectivityService: wifiOnly=false
01-01 08:00:10.651  1871  1871 E ConnectivityService: Ignoring protectedNetwork 14
01-01 08:00:10.661  1947  1947 D RVC     : @RadarDispose@ init
01-01 08:00:10.661  1947  1947 D PACKETMGR: packetsForTransact 3
01-01 08:00:10.661  1871  2048 D VehicleManagerService: request listmap : 5
01-01 08:00:10.661  1871  2048 D VehicleManagerService: Receiver construct
01-01 08:00:10.661  1871  2048 D VehicleManagerService: Receiver construct type : class android.vehicle.IInfoListenerTransport$Stub$Proxy
01-01 08:00:10.661  1985  1985 D dalvikvm: GC_FOR_ALLOC freed 199K, 16% free 1637K/1944K, paused 13ms, total 13ms
01-01 08:00:10.661  1947  1947 D SettingBackup: dbus_read:140.
01-01 08:00:10.661  1460  1487 V SystemSettingService: Service method GetDataLegend:{
01-01 08:00:10.661  1460  1487 V SystemSettingService:    "BackupItem" : 140
01-01 08:00:10.661  1460  1487 V SystemSettingService: }
01-01 08:00:10.661  1460  1487 V SystemSettingService: .
01-01 08:00:10.661  1460  1487 V SystemSettingService: Service method GetDataLegend item:140.
01-01 08:00:10.661  1460  1487 V SystemSettingService: get item = 300.
01-01 08:00:10.661  1460  1487 I backupdata: start get item,item id is LAST_VOLUME_PARKING
01-01 08:00:10.661  1460  1487 V backupdata: fullpath is /data/home/backdata/LAST_VOLUME_PARKING.bak
01-01 08:00:10.661  1460  1487 V backupdata: now opening backup data file
01-01 08:00:10.661  1460  1487 V backupdata: filename is /data/home/backdata/LAST_VOLUME_PARKING.bak
01-01 08:00:10.661  1460  1487 I backupdata: get_item_in_emmc:read result: 1,while 40 bytes should be read
01-01 08:00:10.661  1460  1487 I backupdata: bak crc return is 1
01-01 08:00:10.661  1460  1487 I SystemSettingService: get backup normal value = 1 .
01-01 08:00:10.671  1995  1995 I MultiDex: load found 1 secondary dex files
01-01 08:00:10.671  1947  1947 D SettingBackup: InvokeMethod success method:stg_mw_legend_get params:{
01-01 08:00:10.671  1947  1947 D SettingBackup: 	"BackupItem":	140
01-01 08:00:10.671  1947  1947 D SettingBackup: }.
01-01 08:00:10.671  1947  1947 D SettingBackup: readNativeBackup:{"BackupValue":1}
01-01 08:00:10.671  1947  1947 D RVC     : @ReverseService@ getParkingMultimediaVoice val = 1
01-01 08:00:10.671  1947  1947 D RVC     : @ReverseService@ connect ...
01-01 08:00:10.671  1947  2071 D RVC     : @ReverseService@ connnect start....
01-01 08:00:10.671  1985  1985 I dalvikvm-heap: Grow heap (frag case) to 4.041MB for 2457616-byte allocation
01-01 08:00:10.681  2026  2026 D SystemUIService: lgfTest onCreate() start
01-01 08:00:10.681  2026  2026 D SystemUIService: loading: class com.android.systemui.statusbar.SystemBars
01-01 08:00:10.681  2026  2026 D SystemUIService: running: com.android.systemui.statusbar.SystemBars@41b08068
01-01 08:00:10.681  1947  1947 D RVC     : @ReverseService@ node path : mCurrentCameraNodePath = /sys/class/switch/camera-signal/connect_status_app
01-01 08:00:10.681  2015  2015 D GaeiSettings: ------SettingsAppWidgetProvider---------------update app widget start
01-01 08:00:10.691  1947  1947 D RVC     : @ReverseService@ onStartCommand
01-01 08:00:10.701  2056  2060 D dalvikvm: GC_CONCURRENT freed 226K, 21% free 1244K/1568K, paused 2ms+4ms, total 48ms
01-01 08:00:10.711  2026  2026 D SystemUIService: loading: class com.android.systemui.settings.SettingsUI
01-01 08:00:10.711  2026  2026 D SystemUIService: running: com.android.systemui.settings.SettingsUI@41b0a350
01-01 08:00:10.721  1995  1995 I MultiDex: install done
01-01 08:00:10.731  1985  1996 D dalvikvm: GC_FOR_ALLOC freed <1K, 8% free 4037K/4348K, paused 53ms, total 53ms
01-01 08:00:10.751  1985  1987 D dalvikvm: GC_CONCURRENT freed 0K, 8% free 4037K/4348K, paused 2ms+5ms, total 24ms
01-01 08:00:10.751  1871  2053 D WifiHW  : Unable to unload driver module "wlan": No such file or directory
01-01 08:00:10.751  1947  1947 D RVC     : @StaticLocusPoints@ getBackupDataPoints id =1 cameraid = 0
01-01 08:00:10.751  1947  1947 D SettingBackup: dbus_read:76.
01-01 08:00:10.761  1460  1487 V SystemSettingService: Service method GetDataLegend:{
01-01 08:00:10.761  1460  1487 V SystemSettingService:    "BackupItem" : 76
01-01 08:00:10.761  1460  1487 V SystemSettingService: }
01-01 08:00:10.761  1460  1487 V SystemSettingService: .
01-01 08:00:10.761  1460  1487 V SystemSettingService: Service method GetDataLegend item:76.
01-01 08:00:10.761  1460  1487 V SystemSettingService: we are here STATIC_GUIDELINE_**_**
01-01 08:00:10.761  1460  1487 I backupdata: start get item,item id is STATIC_GUIDELINE_LEFT_SD
01-01 08:00:10.761  1460  1487 V backupdata: fullpath is /data/home/backdata/STATIC_GUIDELINE_LEFT_SD.bak
01-01 08:00:10.761  1460  1487 V backupdata: now opening backup data file
01-01 08:00:10.761  1460  1487 V backupdata: filename is /data/home/backdata/STATIC_GUIDELINE_LEFT_SD.bak
01-01 08:00:10.771  1871  1875 D dalvikvm: GC_CONCURRENT freed 56K, 13% free 3859K/4400K, paused 4ms+38ms, total 88ms
01-01 08:00:10.791  2056  2060 D dalvikvm: GC_CONCURRENT freed 210K, 18% free 1500K/1816K, paused 1ms+18ms, total 32ms
01-01 08:00:10.791  2026  2026 D PACKETMGR: PacketMgr init start
01-01 08:00:10.791  2026  2026 D PACKETMGR: packetsForTransact 1
01-01 08:00:10.801  1871  1916 D VehicleManagerService: request listmap : 6
01-01 08:00:10.801  1871  1916 D VehicleManagerService: Receiver construct
01-01 08:00:10.801  1871  1916 D VehicleManagerService: Receiver construct type : class android.vehicle.IInfoListenerTransport$Stub$Proxy
01-01 08:00:10.801  1871  1871 D BluetoothTethering: startMonitoring: target: Handler (com.android.server.ConnectivityService$NetworkStateTrackerHandler) {41c351b8}
01-01 08:00:10.801  1871  1871 D BluetoothTethering: startMonitoring: mCsHandler: Handler (com.android.server.ConnectivityService$NetworkStateTrackerHandler) {41c351b8}
01-01 08:00:10.801  1871  1871 E BluetoothAdapter: Bluetooth binder is null
01-01 08:00:10.861  2026  2030 D dalvikvm: GC_CONCURRENT freed 202K, 16% free 1657K/1964K, paused 3ms+1ms, total 41ms
01-01 08:00:10.861  1871  1875 D dalvikvm: GC_CONCURRENT freed 7K, 12% free 3882K/4400K, paused 7ms+44ms, total 92ms
01-01 08:00:10.871  1947  2071 D RVC     : @ReverseService@ connnect end....name = localhost
01-01 08:00:10.871  1871  1871 E MobileDataStateTracker: default: Ignoring feature request because could not acquire PhoneService
01-01 08:00:10.871  1871  1871 E MobileDataStateTracker: default: Could not enable APN type "default"
01-01 08:00:10.891  1871  1871 I WifiService: WifiService starting up with Wi-Fi disabled
01-01 08:00:10.901  1460  1487 I backupdata: get_item_in_emmc:read result: 1,while 164 bytes should be read
01-01 08:00:10.901  1460  1487 I backupdata: bak crc return is 1
01-01 08:00:10.901  1947  1947 D SettingBackup: InvokeMethod success method:stg_mw_legend_get params:{
01-01 08:00:10.901  1947  1947 D SettingBackup: 	"BackupItem":	76
01-01 08:00:10.901  1947  1947 D SettingBackup: }.
