01-01 08:00:07.910  1871  1871 D MountService:     mStorageId=0 mPath=/storage/udisk mDescriptionId=17040665 mPrimary=false 
01-01 08:00:07.910  1871  1871 D MountService:     mRemovable=true mEmulated=false mMtpReserveSpace=0 mAllowMassStorage=false 
01-01 08:00:07.910  1871  1871 D MountService:     mMaxFileSize=0 mOwner=null mUuid=null mUserLabel=null mState=null 
01-01 08:00:07.910  1871  1871 D MountService: got storage path: /storage/udisk2 description: USB  primary: false removable: true emulated: false mtpReserve: 0 allowMassStorage: false maxFileSize: 0
01-01 08:00:07.910  1871  1871 D MountService: addVolumeLocked() StorageVolume:
01-01 08:00:07.910  1871  1871 D MountService:     mStorageId=0 mPath=/storage/udisk2 mDescriptionId=17040665 mPrimary=false 
01-01 08:00:07.910  1871  1871 D MountService:     mRemovable=true mEmulated=false mMtpReserveSpace=0 mAllowMassStorage=false 
01-01 08:00:07.910  1871  1871 D MountService:     mMaxFileSize=0 mOwner=null mUuid=null mUserLabel=null mState=null 
01-01 08:00:07.910  1871  1907 I ActivityManager: Config changes=8 {1.0 ?mcc?mnc zh_CN ldltr sw720dp w1920dp h636dp 160dpi xlrg long land ?uimode ?night finger -keyb/v/h -nav/h s.4}
01-01 08:00:07.920  1871  1871 W Vibrator: Failed to vibrate; no vibrator service.
01-01 08:00:07.920  1871  1871 I SystemServer: Audio Service
01-01 08:00:07.930  1871  1898 D PackageManager: end thread scanning /system/app/nFore_Hades_DemoUI_Service_v0.0.0.apk)waste time    57
01-01 08:00:07.930  1871  1898 D PackageManager: start thread scanning  /system/app/nFore_Hades_DemoUI_v0.0.0.apk)
01-01 08:00:07.950  1871  1899 D PackageManager: end thread scanning /system/app/nFore_Hades.apk)waste time   105
01-01 08:00:07.950  1871  1900 D PackageManager: end thread scanning /system/app/WeCarMusic.apk)waste time   126
01-01 08:00:07.950  1871  1911 D MountService: volume state changed for /storage/extsd (unmounted -> removed)
01-01 08:00:07.950  1871  1911 D MountService: volume state changed for /storage/udisk (unmounted -> removed)
01-01 08:00:07.950  1871  1911 D MountService: volume state changed for /storage/udisk2 (unmounted -> removed)
01-01 08:00:07.950  1871  1900 W PackageManager: Not granting permission android.permission.READ_LOGS to package com.tencent.wecarmusicp (protectionLevel=50 flags=0x58be45)
01-01 08:00:07.950  1871  1900 W PackageManager: Not granting permission android.permission.MOUNT_UNMOUNT_FILESYSTEMS to package com.tencent.wecarmusicp (protectionLevel=18 flags=0x58be45)
01-01 08:00:07.960  1871  1898 W ResourceType: Failure getting entry for 0x7f020001 (t=1 e=1) in package 0 (error -75)
01-01 08:00:07.970  1871  1875 D dalvikvm: GC_CONCURRENT freed 336K, 12% free 3458K/3900K, paused 3ms+3ms, total 32ms
01-01 08:00:07.970  1871  1910 D dalvikvm: WAIT_FOR_CONCURRENT_GC blocked 1ms
01-01 08:00:07.970  1871  1871 D dalvikvm: WAIT_FOR_CONCURRENT_GC blocked 6ms
01-01 08:00:07.970  1871  1897 D dalvikvm: WAIT_FOR_CONCURRENT_GC blocked 18ms
01-01 08:00:07.970  1871  1898 D dalvikvm: WAIT_FOR_CONCURRENT_GC blocked 7ms
01-01 08:00:07.970  1871  1898 D PackageManager: end thread scanning /system/app/nFore_Hades_DemoUI_v0.0.0.apk)waste time    38
01-01 08:00:07.980  1871  1911 I PackageManager: No secure containers on sdcard
01-01 08:00:07.980  1871  1911 W PackageManager: Not granting permission android.permission.READ_LOGS to package com.tencent.wecarmusicp (protectionLevel=50 flags=0x58be45)
01-01 08:00:07.980  1871  1911 W PackageManager: Not granting permission android.permission.MOUNT_UNMOUNT_FILESYSTEMS to package com.tencent.wecarmusicp (protectionLevel=18 flags=0x58be45)
01-01 08:00:07.980  1871  1911 W PackageManager: Unknown permission com.android.launcher.permission.READ_SETTINGS in package com.android.launcher
01-01 08:00:07.980  1871  1911 W PackageManager: Unknown permission com.android.launcher.permission.WRITE_SETTINGS in package com.android.launcher
01-01 08:00:07.980  1871  1911 W PackageManager: Not granting permission android.permission.READ_LOGS to package com.tencent.wecarspeech (protectionLevel=50 flags=0x483e45)
01-01 08:00:07.980  1871  1911 W PackageManager: Not granting permission android.permission.MOUNT_UNMOUNT_FILESYSTEMS to package com.tencent.wecarspeech (protectionLevel=18 flags=0x483e45)
01-01 08:00:07.980  1871  1911 W PackageManager: Unknown permission android.permission.SYSTEM_OVERLAY_WINDOW in package com.tencent.wecarspeech
01-01 08:00:07.980  1871  1911 W PackageManager: Not granting permission android.permission.UPDATE_APP_OPS_STATS to package com.tencent.wecarspeech (protectionLevel=18 flags=0x483e45)
01-01 08:00:07.980  1871  1911 W PackageManager: Unknown permission com.android.smspush.WAPPUSH_MANAGER_BIND in package com.android.phone
01-01 08:00:07.980  1871  1911 W PackageManager: Not granting permission android.permission.MOUNT_UNMOUNT_FILESYSTEMS to package com.tencent.wecarnews (protectionLevel=18 flags=0x483e45)
01-01 08:00:07.980  1871  1911 W PackageManager: Not granting permission android.permission.READ_LOGS to package com.tencent.wecarnews (protectionLevel=50 flags=0x483e45)
01-01 08:00:07.980  1871  1911 W PackageManager: Unknown permission com.tencent.wecarqq.permission.LOGIN_SDK in package com.tencent.wecarnews
01-01 08:00:07.980  1871  1911 W PackageManager: Unknown permission android.permission.REQUEST_INSTALL_PACKAGES in package com.tencent.wecarnews
01-01 08:00:07.980  1871  1911 W PackageManager: Unknown permission com.google.android.gallery3d.permission.GALLERY_PROVIDER in package com.android.bluetooth
01-01 08:00:07.980  1871  1911 W PackageManager: Unknown permission com.android.gallery3d.permission.GALLERY_PROVIDER in package com.android.bluetooth
01-01 08:00:07.980  1871  1911 W PackageManager: Unknown permission android.permission.READ_SETTINGS in package gaei.trumpchiassistant
01-01 08:00:07.980  1871  1911 W PackageManager: Unknown permission android.permission.READ_SECURE_SETTINGS in package gaei.trumpchiassistant
01-01 08:00:07.980  1871  1911 W PackageManager: Not granting permission android.permission.ACCESS_SURFACE_FLINGER to package com.autonavi.amapauto (protectionLevel=2 flags=0x487e45)
01-01 08:00:07.980  1871  1911 W PackageManager: Unknown permission android.permission.SYSTEM_OVERLAY_WINDOW in package com.autonavi.amapauto
01-01 08:00:07.980  1871  1911 W PackageManager: Unknown permission com.android.launcher.permission.READ_SETTINGS in package com.autonavi.amapauto
01-01 08:00:07.980  1871  1911 W PackageManager: Unknown permission com.autonavi.permission.ACCESS_LOCATION in package com.autonavi.amapauto
01-01 08:00:07.980  1871  1911 W PackageManager: Not granting permission android.permission.MOUNT_UNMOUNT_FILESYSTEMS to package com.autonavi.amapauto (protectionLevel=18 flags=0x487e45)
01-01 08:00:07.980  1871  1911 W PackageManager: Not granting permission android.permission.READ_LOGS to package com.autonavi.amapauto (protectionLevel=50 flags=0x487e45)
01-01 08:00:07.980  1871  1911 W PackageManager: Unknown permission android.permission.ACCESS_FIND_LOCATION in package com.autonavi.amapauto
01-01 08:00:07.980  1871  1911 W PackageManager: Unknown permission android.permission.BROADCAST_PACKAGE_ADDED in package com.autonavi.amapauto
01-01 08:00:07.980  1871  1911 W PackageManager: Unknown permission android.permission.BROADCAST_PACKAGE_CHANGED in package com.autonavi.amapauto
01-01 08:00:07.980  1871  1911 W PackageManager: Unknown permission android.permission.BROADCAST_PACKAGE_INSTALL in package com.autonavi.amapauto
01-01 08:00:07.980  1871  1911 W PackageManager: Unknown permission android.permission.BROADCAST_PACKAGE_REPLACED in package com.autonavi.amapauto
01-01 08:00:07.980  1871  1911 W PackageManager: Not granting permission android.permission.UPDATE_APP_OPS_STATS to package com.autonavi.amapauto (protectionLevel=18 flags=0x487e45)
01-01 08:00:07.980  1871  1911 W PackageManager: Unknown permission android.permission.ACCESS_MAP in package com.autonavi.amapauto
01-01 08:00:07.980  1871  1911 W PackageManager: Unknown permission android.permission.WRITE_MAP in package com.autonavi.amapauto
01-01 08:00:07.980  1871  1911 W PackageManager: Unknown permission desay.svautomotive.permission.MESSAGE in package com.autonavi.amapauto
01-01 08:00:07.980  1871  1911 W PackageManager: Unknown permission coagent.permission.SEND_PROTOCOL in package com.autonavi.amapauto
01-01 08:00:07.980  1871  1911 W PackageManager: Unknown permission com.neusoft.ext.providers.READ in package com.autonavi.amapauto
01-01 08:00:07.980  1871  1911 W PackageManager: Unknown permission android.Manifest.permission.ACCESS_COARSE_LOCATION in package com.autonavi.amapauto
01-01 08:00:07.980  1871  1911 W PackageManager: Unknown permission android.Manifest.permission.ACCESS_FINE_LOCATION in package com.autonavi.amapauto
01-01 08:00:07.980  1871  1911 W PackageManager: Unknown permission android.Manifest.permission.READ_PHONE_STATE in package com.autonavi.amapauto
01-01 08:00:07.980  1871  1911 W PackageManager: Unknown permission android.Manifest.permission.WRITE_SETTINGS in package com.autonavi.amapauto
01-01 08:00:07.980  1871  1911 W PackageManager: Not granting permission android.permission.INJECT_EVENTS to package com.android.inputmethod.pinyin (protectionLevel=2 flags=0x88be45)
01-01 08:00:07.980  1871  1911 W PackageManager: Unknown permission com.google.android.googleapps.permission.GOOGLE_AUTH in package com.gaei.settings
01-01 08:00:07.980  1871  1911 W PackageManager: Unknown permission com.android.launcher.permission.READ_SETTINGS in package com.gaei.settings
01-01 08:00:07.980  1871  1911 W PackageManager: Unknown permission com.android.launcher.permission.WRITE_SETTINGS in package com.gaei.settings
01-01 08:00:07.980  1871  1911 W PackageManager: Unknown permission android.permission.READ_SEARCH_INDEXABLES in package com.gaei.settings
01-01 08:00:07.980  1871  1911 W PackageManager: Unknown permission android.permission.OEM_UNLOCK_STATE in package com.gaei.settings
01-01 08:00:07.980  1871  1911 W PackageManager: Unknown permission android.permission.RECOVERY in package com.thunderst.update
01-01 08:00:07.990  1871  1911 W PackageManager: Unknown permission com.google.android.googleapps.permission.GOOGLE_AUTH in package com.android.settings
01-01 08:00:07.990  1871  1911 W PackageManager: Unknown permission com.android.launcher.permission.READ_SETTINGS in package com.android.settings
01-01 08:00:07.990  1871  1911 W PackageManager: Unknown permission com.android.launcher.permission.WRITE_SETTINGS in package com.android.settings
01-01 08:00:07.990  1871  1911 W PackageManager: Unknown permission android.permission.RECEIVE_USER_PRESENT in package com.tencent.wecarnavi
01-01 08:00:07.990  1871  1911 W PackageManager: Not granting permission android.permission.READ_LOGS to package com.tencent.wecarnavi (protectionLevel=50 flags=0x83e45)
01-01 08:00:07.990  1871  1911 W PackageManager: Not granting permission android.permission.BATTERY_STATS to package com.tencent.wecarnavi (protectionLevel=18 flags=0x83e45)
01-01 08:00:07.990  1871  1911 W PackageManager: Not granting permission android.permission.CHANGE_CONFIGURATION to package com.tencent.wecarnavi (protectionLevel=50 flags=0x83e45)
01-01 08:00:07.990  1871  1911 W PackageManager: Not granting permission android.permission.MOUNT_UNMOUNT_FILESYSTEMS to package com.tencent.wecarnavi (protectionLevel=18 flags=0x83e45)
01-01 08:00:07.990  1871  1911 W PackageManager: Unknown permission android.permission.READ_SETTINGS in package gaei.bluetooth
01-01 08:00:07.990  1871  1911 W PackageManager: Not granting permission android.permission.MOUNT_UNMOUNT_FILESYSTEMS to package com.tencent.wecarwidget (protectionLevel=18 flags=0x48be45)
01-01 08:00:07.990  1871  1911 W PackageManager: Not granting permission android.permission.READ_LOGS to package com.tencent.wecarwidget (protectionLevel=50 flags=0x48be45)
01-01 08:00:08.030  1871  1875 D dalvikvm: GC_CONCURRENT freed 365K, 12% free 3657K/4124K, paused 3ms+3ms, total 29ms
01-01 08:00:08.060  1871  1897 D PackageManager: end thread scanning /system/app/WeCarNaviWidget.apk)waste time   233
01-01 08:00:08.060  1871  1896 D PackageManager: Stopped AsyncScanner.
01-01 08:00:08.060  1871  1911 V PackageManager: backup packages.xml to  packages-backup2.xml
01-01 08:00:08.060  1871  1897 W PackageManager: Application package com.tencent.wecarwidget already installed.  Skipping duplicate.
01-01 08:00:08.070  1871  1896 D PackageManager: Starting AsyncScanner.
01-01 08:00:08.070  1871  1896 D PackageManager:  asScanDirLI mThreadPool.submit(/data/app/ing)
01-01 08:00:08.070  1871  1896 D PackageManager: Stopped AsyncScanner.
01-01 08:00:08.070  1871  1896 I PackageManager: Time to scan packages: 0.78 seconds
01-01 08:00:08.070  1871  1896 W PackageManager: Not granting permission android.permission.READ_LOGS to package com.tencent.wecarmusicp (protectionLevel=50 flags=0x58be45)
01-01 08:00:08.070  1871  1896 W PackageManager: Not granting permission android.permission.MOUNT_UNMOUNT_FILESYSTEMS to package com.tencent.wecarmusicp (protectionLevel=18 flags=0x58be45)
01-01 08:00:08.070  1871  1896 W PackageManager: Unknown permission com.android.launcher.permission.READ_SETTINGS in package com.android.launcher
01-01 08:00:08.070  1871  1896 W PackageManager: Unknown permission com.android.launcher.permission.WRITE_SETTINGS in package com.android.launcher
01-01 08:00:08.070  1871  1896 W PackageManager: Not granting permission android.permission.READ_LOGS to package com.tencent.wecarspeech (protectionLevel=50 flags=0x483e45)
01-01 08:00:08.070  1871  1896 W PackageManager: Not granting permission android.permission.MOUNT_UNMOUNT_FILESYSTEMS to package com.tencent.wecarspeech (protectionLevel=18 flags=0x483e45)
01-01 08:00:08.070  1871  1896 W PackageManager: Unknown permission android.permission.SYSTEM_OVERLAY_WINDOW in package com.tencent.wecarspeech
01-01 08:00:08.070  1871  1896 W PackageManager: Not granting permission android.permission.UPDATE_APP_OPS_STATS to package com.tencent.wecarspeech (protectionLevel=18 flags=0x483e45)
01-01 08:00:08.070  1871  1896 W PackageManager: Unknown permission com.android.smspush.WAPPUSH_MANAGER_BIND in package com.android.phone
01-01 08:00:08.070  1871  1896 W PackageManager: Not granting permission android.permission.MOUNT_UNMOUNT_FILESYSTEMS to package com.tencent.wecarnews (protectionLevel=18 flags=0x483e45)
01-01 08:00:08.070  1871  1896 W PackageManager: Not granting permission android.permission.READ_LOGS to package com.tencent.wecarnews (protectionLevel=50 flags=0x483e45)
01-01 08:00:08.070  1871  1896 W PackageManager: Unknown permission com.tencent.wecarqq.permission.LOGIN_SDK in package com.tencent.wecarnews
01-01 08:00:08.070  1871  1896 W PackageManager: Unknown permission android.permission.REQUEST_INSTALL_PACKAGES in package com.tencent.wecarnews
01-01 08:00:08.070  1871  1896 W PackageManager: Unknown permission com.google.android.gallery3d.permission.GALLERY_PROVIDER in package com.android.bluetooth
01-01 08:00:08.070  1871  1896 W PackageManager: Unknown permission com.android.gallery3d.permission.GALLERY_PROVIDER in package com.android.bluetooth
01-01 08:00:08.070  1871  1896 W PackageManager: Unknown permission android.permission.READ_SETTINGS in package gaei.trumpchiassistant
01-01 08:00:08.070  1871  1896 W PackageManager: Unknown permission android.permission.READ_SECURE_SETTINGS in package gaei.trumpchiassistant
01-01 08:00:08.070  1871  1896 W PackageManager: Not granting permission android.permission.ACCESS_SURFACE_FLINGER to package com.autonavi.amapauto (protectionLevel=2 flags=0x487e45)
01-01 08:00:08.070  1871  1896 W PackageManager: Unknown permission android.permission.SYSTEM_OVERLAY_WINDOW in package com.autonavi.amapauto
01-01 08:00:08.070  1871  1896 W PackageManager: Unknown permission com.android.launcher.permission.READ_SETTINGS in package com.autonavi.amapauto
01-01 08:00:08.070  1871  1896 W PackageManager: Unknown permission com.autonavi.permission.ACCESS_LOCATION in package com.autonavi.amapauto
01-01 08:00:08.070  1871  1896 W PackageManager: Not granting permission android.permission.MOUNT_UNMOUNT_FILESYSTEMS to package com.autonavi.amapauto (protectionLevel=18 flags=0x487e45)
01-01 08:00:08.070  1871  1896 W PackageManager: Not granting permission android.permission.READ_LOGS to package com.autonavi.amapauto (protectionLevel=50 flags=0x487e45)
01-01 08:00:08.070  1871  1896 W PackageManager: Unknown permission android.permission.ACCESS_FIND_LOCATION in package com.autonavi.amapauto
01-01 08:00:08.070  1871  1896 W PackageManager: Unknown permission android.permission.BROADCAST_PACKAGE_ADDED in package com.autonavi.amapauto
01-01 08:00:08.070  1871  1896 W PackageManager: Unknown permission android.permission.BROADCAST_PACKAGE_CHANGED in package com.autonavi.amapauto
01-01 08:00:08.070  1871  1896 W PackageManager: Unknown permission android.permission.BROADCAST_PACKAGE_INSTALL in package com.autonavi.amapauto
01-01 08:00:08.070  1871  1896 W PackageManager: Unknown permission android.permission.BROADCAST_PACKAGE_REPLACED in package com.autonavi.amapauto
01-01 08:00:08.070  1871  1896 W PackageManager: Not granting permission android.permission.UPDATE_APP_OPS_STATS to package com.autonavi.amapauto (protectionLevel=18 flags=0x487e45)
01-01 08:00:08.070  1871  1896 W PackageManager: Unknown permission android.permission.ACCESS_MAP in package com.autonavi.amapauto
01-01 08:00:08.070  1871  1896 W PackageManager: Unknown permission android.permission.WRITE_MAP in package com.autonavi.amapauto
01-01 08:00:08.070  1871  1896 W PackageManager: Unknown permission desay.svautomotive.permission.MESSAGE in package com.autonavi.amapauto
01-01 08:00:08.070  1871  1896 W PackageManager: Unknown permission coagent.permission.SEND_PROTOCOL in package com.autonavi.amapauto
01-01 08:00:08.070  1871  1896 W PackageManager: Unknown permission com.neusoft.ext.providers.READ in package com.autonavi.amapauto
01-01 08:00:08.070  1871  1896 W PackageManager: Unknown permission android.Manifest.permission.ACCESS_COARSE_LOCATION in package com.autonavi.amapauto
01-01 08:00:08.070  1871  1896 W PackageManager: Unknown permission android.Manifest.permission.ACCESS_FINE_LOCATION in package com.autonavi.amapauto
01-01 08:00:08.070  1871  1896 W PackageManager: Unknown permission android.Manifest.permission.READ_PHONE_STATE in package com.autonavi.amapauto
01-01 08:00:08.070  1871  1896 W PackageManager: Unknown permission android.Manifest.permission.WRITE_SETTINGS in package com.autonavi.amapauto
01-01 08:00:08.070  1871  1896 W PackageManager: Not granting permission android.permission.INJECT_EVENTS to package com.android.inputmethod.pinyin (protectionLevel=2 flags=0x88be45)
01-01 08:00:08.070  1871  1896 W PackageManager: Unknown permission com.google.android.googleapps.permission.GOOGLE_AUTH in package com.gaei.settings
01-01 08:00:08.070  1871  1896 W PackageManager: Unknown permission com.android.launcher.permission.READ_SETTINGS in package com.gaei.settings
01-01 08:00:08.070  1871  1896 W PackageManager: Unknown permission com.android.launcher.permission.WRITE_SETTINGS in package com.gaei.settings
01-01 08:00:08.070  1871  1896 W PackageManager: Unknown permission android.permission.READ_SEARCH_INDEXABLES in package com.gaei.settings
01-01 08:00:08.070  1871  1896 W PackageManager: Unknown permission android.permission.OEM_UNLOCK_STATE in package com.gaei.settings
01-01 08:00:08.080  1463  1914 I AudioPolicyManagerBase: initStreamVolume() stream 0, min 0, max 5
01-01 08:00:08.080  1871  1896 W PackageManager: Unknown permission android.permission.RECOVERY in package com.thunderst.update
01-01 08:00:08.080  1871  1896 W PackageManager: Unknown permission com.google.android.googleapps.permission.GOOGLE_AUTH in package com.android.settings
01-01 08:00:08.080  1871  1896 W PackageManager: Unknown permission com.android.launcher.permission.READ_SETTINGS in package com.android.settings
01-01 08:00:08.080  1871  1896 W PackageManager: Unknown permission com.android.launcher.permission.WRITE_SETTINGS in package com.android.settings
01-01 08:00:08.080  1871  1896 W PackageManager: Unknown permission android.permission.RECEIVE_USER_PRESENT in package com.tencent.wecarnavi
01-01 08:00:08.080  1871  1896 W PackageManager: Not granting permission android.permission.READ_LOGS to package com.tencent.wecarnavi (protectionLevel=50 flags=0x83e45)
01-01 08:00:08.080  1871  1896 W PackageManager: Not granting permission android.permission.BATTERY_STATS to package com.tencent.wecarnavi (protectionLevel=18 flags=0x83e45)
01-01 08:00:08.080  1871  1896 W PackageManager: Not granting permission android.permission.CHANGE_CONFIGURATION to package com.tencent.wecarnavi (protectionLevel=50 flags=0x83e45)
01-01 08:00:08.080  1871  1896 W PackageManager: Not granting permission android.permission.MOUNT_UNMOUNT_FILESYSTEMS to package com.tencent.wecarnavi (protectionLevel=18 flags=0x83e45)
01-01 08:00:08.080  1871  1896 W PackageManager: Unknown permission android.permission.READ_SETTINGS in package gaei.bluetooth
01-01 08:00:08.080  1871  1896 W PackageManager: Not granting permission android.permission.MOUNT_UNMOUNT_FILESYSTEMS to package com.tencent.wecarwidget (protectionLevel=18 flags=0x48be45)
01-01 08:00:08.080  1871  1896 W PackageManager: Not granting permission android.permission.READ_LOGS to package com.tencent.wecarwidget (protectionLevel=50 flags=0x48be45)
01-01 08:00:08.090  1463  1463 I AudioPolicyManagerBase: initStreamVolume() stream 1, min 0, max 15
01-01 08:00:08.090  1463  1574 I AudioPolicyManagerBase: initStreamVolume() stream 2, min 0, max 7
01-01 08:00:08.090  1463  1914 I AudioPolicyManagerBase: initStreamVolume() stream 3, min 0, max 30
01-01 08:00:08.090  1463  1463 I AudioPolicyManagerBase: initStreamVolume() stream 4, min 0, max 7
01-01 08:00:08.090  1463  1574 I AudioPolicyManagerBase: initStreamVolume() stream 5, min 0, max 30
01-01 08:00:08.090  1463  1914 I AudioPolicyManagerBase: initStreamVolume() stream 6, min 0, max 15
01-01 08:00:08.100  1463  1463 I AudioPolicyManagerBase: initStreamVolume() stream 7, min 0, max 7
01-01 08:00:08.100  1463  1574 I AudioPolicyManagerBase: initStreamVolume() stream 8, min 0, max 15
01-01 08:00:08.100  1463  1914 I AudioPolicyManagerBase: initStreamVolume() stream 9, min 0, max 30
01-01 08:00:08.100  1463  1463 I AudioPolicyManagerBase: [audio][volume]setStreamVolumeIndex() stream 0, device 40000000, index 4
01-01 08:00:08.100  1463  1463 I AudioPolicyManagerBase: setStreamVolumeIndex() stream 0, device 40000000, index 4
01-01 08:00:08.100  1463  1463 I AudioPolicyManagerBase: [audio][volume]setStreamVolumeIndex() stream 1, device 40000000, index 15
01-01 08:00:08.100  1463  1463 I AudioPolicyManagerBase: setStreamVolumeIndex() stream 1, device 40000000, index 15
01-01 08:00:08.100  1463  1574 I AudioPolicyManagerBase: [audio][volume]setStreamVolumeIndex() stream 1, device 0008, index 5
01-01 08:00:08.100  1463  1574 I AudioPolicyManagerBase: setStreamVolumeIndex() stream 1, device 0008, index 5
01-01 08:00:08.100  1463  1914 I AudioPolicyManagerBase: [audio][volume]setStreamVolumeIndex() stream 1, device 0002, index 15
01-01 08:00:08.100  1463  1914 I AudioPolicyManagerBase: setStreamVolumeIndex() stream 1, device 0002, index 15
01-01 08:00:08.100  1463  1463 I AudioPolicyManagerBase: [audio][volume]setStreamVolumeIndex() stream 1, device 0004, index 5
01-01 08:00:08.100  1463  1463 I AudioPolicyManagerBase: setStreamVolumeIndex() stream 1, device 0004, index 5
01-01 08:00:08.100  1463  1574 I AudioPolicyManagerBase: [audio][volume]setStreamVolumeIndex() stream 2, device 40000000, index 5
01-01 08:00:08.100  1463  1574 I AudioPolicyManagerBase: setStreamVolumeIndex() stream 2, device 40000000, index 5
01-01 08:00:08.100  1463  1914 I AudioPolicyManagerBase: [audio][volume]setStreamVolumeIndex() stream 3, device 40000000, index 30
01-01 08:00:08.100  1463  1914 I AudioPolicyManagerBase: setStreamVolumeIndex() stream 3, device 40000000, index 30
01-01 08:00:08.100  1463  1463 I AudioPolicyManagerBase: [audio][volume]setStreamVolumeIndex() stream 3, device 0008, index 10
01-01 08:00:08.100  1463  1463 I AudioPolicyManagerBase: setStreamVolumeIndex() stream 3, device 0008, index 10
01-01 08:00:08.100  1463  1574 I AudioPolicyManagerBase: [audio][volume]setStreamVolumeIndex() stream 3, device 0002, index 30
01-01 08:00:08.100  1463  1574 I AudioPolicyManagerBase: setStreamVolumeIndex() stream 3, device 0002, index 30
01-01 08:00:08.100  1463  1914 I AudioPolicyManagerBase: [audio][volume]setStreamVolumeIndex() stream 3, device 0004, index 10
01-01 08:00:08.100  1463  1914 I AudioPolicyManagerBase: setStreamVolumeIndex() stream 3, device 0004, index 10
01-01 08:00:08.100  1463  1463 I AudioPolicyManagerBase: [audio][volume]setStreamVolumeIndex() stream 4, device 40000000, index 6
01-01 08:00:08.100  1463  1463 I AudioPolicyManagerBase: setStreamVolumeIndex() stream 4, device 40000000, index 6
01-01 08:00:08.100  1463  1574 I AudioPolicyManagerBase: [audio][volume]setStreamVolumeIndex() stream 5, device 40000000, index 21
01-01 08:00:08.100  1463  1574 I AudioPolicyManagerBase: setStreamVolumeIndex() stream 5, device 40000000, index 21
01-01 08:00:08.110  1463  1914 I AudioPolicyManagerBase: [audio][volume]setStreamVolumeIndex() stream 6, device 40000000, index 7
01-01 08:00:08.110  1463  1914 I AudioPolicyManagerBase: setStreamVolumeIndex() stream 6, device 40000000, index 7
01-01 08:00:08.110  1463  1914 I AudioPolicyManagerBase: [audio][volume]setStreamVolumeIndex() stream 7, device 40000000, index 7
01-01 08:00:08.110  1463  1914 I AudioPolicyManagerBase: setStreamVolumeIndex() stream 7, device 40000000, index 7
01-01 08:00:08.110  1463  1463 I AudioPolicyManagerBase: [audio][volume]setStreamVolumeIndex() stream 7, device 0008, index 2
01-01 08:00:08.110  1463  1463 I AudioPolicyManagerBase: setStreamVolumeIndex() stream 7, device 0008, index 2
01-01 08:00:08.110  1463  1574 I AudioPolicyManagerBase: [audio][volume]setStreamVolumeIndex() stream 7, device 0002, index 7
01-01 08:00:08.110  1463  1574 I AudioPolicyManagerBase: setStreamVolumeIndex() stream 7, device 0002, index 7
01-01 08:00:08.110  1463  1914 I AudioPolicyManagerBase: [audio][volume]setStreamVolumeIndex() stream 7, device 0004, index 2
01-01 08:00:08.110  1463  1914 I AudioPolicyManagerBase: setStreamVolumeIndex() stream 7, device 0004, index 2
01-01 08:00:08.110  1463  1914 I AudioPolicyManagerBase: [audio][volume]setStreamVolumeIndex() stream 8, device 40000000, index 15
01-01 08:00:08.110  1463  1914 I AudioPolicyManagerBase: setStreamVolumeIndex() stream 8, device 40000000, index 15
01-01 08:00:08.110  1463  1463 I AudioPolicyManagerBase: [audio][volume]setStreamVolumeIndex() stream 8, device 0008, index 5
01-01 08:00:08.110  1463  1463 I AudioPolicyManagerBase: setStreamVolumeIndex() stream 8, device 0008, index 5
01-01 08:00:08.110  1463  1574 I AudioPolicyManagerBase: [audio][volume]setStreamVolumeIndex() stream 8, device 0002, index 15
01-01 08:00:08.110  1463  1574 I AudioPolicyManagerBase: setStreamVolumeIndex() stream 8, device 0002, index 15
01-01 08:00:08.110  1463  1914 I AudioPolicyManagerBase: [audio][volume]setStreamVolumeIndex() stream 8, device 0004, index 5
01-01 08:00:08.110  1463  1914 I AudioPolicyManagerBase: setStreamVolumeIndex() stream 8, device 0004, index 5
01-01 08:00:08.110  1463  1463 I AudioPolicyManagerBase: [audio][volume]setStreamVolumeIndex() stream 9, device 40000000, index 30
01-01 08:00:08.110  1463  1463 I AudioPolicyManagerBase: setStreamVolumeIndex() stream 9, device 40000000, index 30
01-01 08:00:08.110  1463  1574 I AudioPolicyManagerBase: [audio][volume]setStreamVolumeIndex() stream 9, device 0008, index 30
01-01 08:00:08.110  1463  1574 I AudioPolicyManagerBase: setStreamVolumeIndex() stream 9, device 0008, index 30
01-01 08:00:08.110  1463  1914 I AudioPolicyManagerBase: [audio][volume]setStreamVolumeIndex() stream 9, device 0002, index 30
01-01 08:00:08.110  1463  1914 I AudioPolicyManagerBase: setStreamVolumeIndex() stream 9, device 0002, index 30
01-01 08:00:08.110  1463  1463 I AudioPolicyManagerBase: [audio][volume]setStreamVolumeIndex() stream 9, device 0004, index 30
01-01 08:00:08.110  1463  1463 I AudioPolicyManagerBase: setStreamVolumeIndex() stream 9, device 0004, index 30
01-01 08:00:08.110  1871  1871 D AudioSourceManager: AudioSourceManager construct:android.media.AudioService@41c3ea98
01-01 08:00:08.110  1871  1871 D AudioSourceManagerJni: AudioSourceManagerJni:initAudioSourceJni Jni Enter fromHost = 1
01-01 08:00:08.110  1871  1871 D AudioSourceManagerJni: system_server jni init.
01-01 08:00:08.110  1871  1871 D AudioSourceManagerJni: func: getAudioSourceManagerService, Enter
01-01 08:00:08.110  1871  1871 D AudioSourceManagerService: registerAudioServiceCallback Bp Enter
01-01 08:00:08.110  1464  1567 D AudioSourceManagerService: onTransact Bn Enter, code:5
01-01 08:00:08.110  1464  1567 D AudioSourceManagerService: registerAudioServiceCallback NEnter
01-01 08:00:08.110  1871  1871 D AudioSourceManagerJni: AudioSourceManagerJni:initAudioSourceJni Jni Leave
01-01 08:00:08.110  1871  1871 I WindowManager: SAFE MODE not enabled
01-01 08:00:08.110  1871  1871 W Vibrator: Failed to vibrate; no vibrator service.
01-01 08:00:08.110  1871  1878 D dalvikvm: JIT started for system_server
01-01 08:00:08.110  1871  1871 I SystemServer: VehicleService ready
01-01 08:00:08.150  1871  1875 D dalvikvm: GC_CONCURRENT freed 603K, 17% free 3657K/4364K, paused 2ms+5ms, total 33ms
01-01 08:00:08.150  1871  1871 D VehicleInfoProvider:  open G2_5_TTY fail
01-01 08:00:08.150  1871  1871 D VehicleInfoProvider:  open SCREEN10X_TS_PATH fail
01-01 08:00:08.190  1871  1871 I vehicle-GAEI: control_context__vehicle_callback_init :     LINE = 503
01-01 08:00:08.190  1871  1871 I vehicle-GAEI: control_context__vehicle_callback_init :     LINE = 507
01-01 08:00:08.190  1871  1871 I vehicle-GAEI-car: open /dev/ttymxc3 success! Uart_device_setting :     LINE = 1694
01-01 08:00:08.190  1871  1871 I vehicle-GAEI-car: tty tcgetattr configure complete
01-01 08:00:08.190  1871  1871 D VehicleInfoProvider: create_thread_callback
01-01 08:00:08.190  1871  1871 I vehicle-GAEI: Uart_Protcl_Msg_Register :     LINE = 218
01-01 08:00:08.190  1871  1871 I vehicle-GAEI: Uart_Protcl_Msg_Register :     LINE = 223   ret = true 
01-01 08:00:08.190  1871  1871 I vehicle-GAEI: Uart_Protcl_Msg_Register :     LINE = 225   ret = true 
01-01 08:00:08.190  1871  1871 I vehicle-GAEI: Uart_Protcl_Msg_Register :     LINE = 227   ret = true 
01-01 08:00:08.190  1871  1871 I vehicle-GAEI: Uart_Protcl_Msg_Register :     LINE = 229   ret = true 
01-01 08:00:08.190  1871  1871 I vehicle-GAEI: Uart_Protcl_Msg_Register :     LINE = 234   ret = true 
01-01 08:00:08.190  1871  1871 I vehicle-GAEI: Uart_Protcl_Msg_Register :     LINE = 237   ret = true 
01-01 08:00:08.190  1871  1871 I vehicle-GAEI: Uart_Protcl_Msg_Register :     LINE = 239   ret = true 
01-01 08:00:08.190  1871  1871 I vehicle-GAEI: Uart_Protcl_Msg_Register :     LINE = 241   ret = true 
01-01 08:00:08.190  1871  1871 I vehicle-GAEI: Uart_Protcl_Msg_Register :     LINE = 243   ret = true 
01-01 08:00:08.190  1871  1871 I vehicle-GAEI: Uart_Protcl_Msg_Register :     LINE = 245   ret = true 
01-01 08:00:08.190  1871  1871 I vehicle-GAEI: Uart_Protcl_Msg_Register :     LINE = 247   ret = true 
01-01 08:00:08.190  1871  1871 I vehicle-GAEI: Uart_Protcl_Msg_Register :     LINE = 249   ret = true 
01-01 08:00:08.190  1871  1871 I vehicle-GAEI: Uart_Protcl_Msg_Register :     LINE = 251   ret = true 
01-01 08:00:08.190  1871  1871 I vehicle-GAEI: Uart_Protcl_Msg_Register :     LINE = 253   ret = true 
01-01 08:00:08.190  1871  1871 I vehicle-GAEI: Uart_Protcl_Msg_Register :     LINE = 255   ret = true 
01-01 08:00:08.190  1871  1871 I vehicle-GAEI: Uart_Protcl_Msg_Register :     LINE = 257   ret = true 
01-01 08:00:08.190  1871  1871 I vehicle-GAEI: Uart_Protcl_Msg_Register :     LINE = 259   ret = true 
01-01 08:00:08.190  1871  1871 I vehicle-GAEI: Uart_Protcl_Msg_Register :     LINE = 261   ret = true 
01-01 08:00:08.190  1871  1871 I vehicle-GAEI: Uart_Protcl_Msg_Register :     LINE = 263   ret = true 
01-01 08:00:08.190  1871  1871 I vehicle-GAEI: Uart_Protcl_Msg_Register :     LINE = 265   ret = true 
01-01 08:00:08.190  1871  1871 I vehicle-GAEI: Uart_Protcl_Msg_Register :     LINE = 267   ret = true 
01-01 08:00:08.190  1871  1871 I vehicle-GAEI: Uart_Protcl_Msg_Register :     LINE = 269   ret = true 
01-01 08:00:08.190  1871  1871 I vehicle-GAEI: Uart_Protcl_Msg_Register :     LINE = 274   ret = true 
01-01 08:00:08.190  1871  1871 I vehicle-GAEI: Uart_Protcl_Msg_Register :     LINE = 276   ret = true 
01-01 08:00:08.190  1871  1871 I vehicle-GAEI: Uart_Protcl_Msg_Register :     LINE = 279   ret = true 
01-01 08:00:08.190  1871  1871 I vehicle-GAEI: Uart_Protcl_Msg_Register :     LINE = 282   ret = true 
01-01 08:00:08.190  1871  1871 I vehicle-GAEI: Uart_Protcl_Msg_Register :     LINE = 284   ret = true 
01-01 08:00:08.190  1871  1871 I vehicle-GAEI: Uart_Protcl_Msg_Register :     LINE = 286   ret = true 
01-01 08:00:08.190  1871  1871 I vehicle-GAEI: Uart_Protcl_Msg_Register :     LINE = 288   ret = true 
01-01 08:00:08.190  1871  1871 I vehicle-GAEI: Uart_Protcl_Msg_Register :     LINE = 290   ret = true 
01-01 08:00:08.190  1871  1871 I vehicle-GAEI: Uart_Protcl_Msg_Register :     LINE = 292   ret = true 
01-01 08:00:08.190  1871  1871 I vehicle-GAEI: Uart_Protcl_Msg_Register :     LINE = 294   ret = true 
01-01 08:00:08.190  1871  1871 I vehicle-GAEI: Uart_Protcl_Msg_Register :     LINE = 296   ret = true 
01-01 08:00:08.190  1871  1871 I vehicle-GAEI: Uart_Protcl_Msg_Register :     LINE = 298   ret = true 
01-01 08:00:08.190  1871  1871 I vehicle-GAEI: Uart_Protcl_Msg_Register :     LINE = 300   ret = true 
01-01 08:00:08.190  1871  1871 I vehicle-GAEI: Uart_Protcl_Msg_Register :     LINE = 302   ret = true 
01-01 08:00:08.190  1871  1871 I vehicle-GAEI: Uart_Protcl_Msg_Register :     LINE = 304   ret = true 
01-01 08:00:08.190  1871  1871 I vehicle-GAEI: Uart_Protcl_Msg_Register :     LINE = 306   ret = true 
01-01 08:00:08.190  1871  1871 I vehicle-GAEI: Uart_Protcl_Msg_Register :     LINE = 308   ret = true 
01-01 08:00:08.190  1871  1871 I vehicle-GAEI: Uart_Protcl_Msg_Register :     LINE = 310   ret = true 
01-01 08:00:08.190  1871  1871 I vehicle-GAEI: Uart_Protcl_Msg_Register :     LINE = 312   ret = true 
01-01 08:00:08.190  1871  1871 I vehicle-GAEI: Uart_Protcl_Msg_Register :     LINE = 315   ret = true 
01-01 08:00:08.190  1871  1871 I vehicle-GAEI: Uart_Protcl_Msg_Register :     LINE = 317   ret = true 
01-01 08:00:08.190  1871  1871 I vehicle-GAEI: Uart_Protcl_Msg_Register :     LINE = 319   ret = true 
01-01 08:00:08.190  1871  1871 I vehicle-GAEI: Uart_Protcl_Msg_Register :     LINE = 321   ret = true 
01-01 08:00:08.190  1871  1871 I vehicle-GAEI: Uart_Protcl_Msg_Register :     LINE = 323   ret = true 
01-01 08:00:08.190  1871  1871 I vehicle-GAEI: Uart_Protcl_Msg_Register :     LINE = 325   ret = true 
01-01 08:00:08.190  1871  1871 I vehicle-GAEI: Uart_Protcl_Msg_Register :     LINE = 327   ret = true 
01-01 08:00:08.190  1871  1871 I vehicle-GAEI: Uart_Protcl_Msg_Register :     LINE = 329   ret = true 
01-01 08:00:08.190  1871  1871 I vehicle-GAEI: Uart_Protcl_Msg_Register :     LINE = 331   ret = true 
01-01 08:00:08.190  1871  1871 I vehicle-GAEI: Uart_Protcl_Msg_Register :     LINE = 333   ret = true 
01-01 08:00:08.190  1871  1871 I vehicle-GAEI: Uart_Protcl_Msg_Register :     LINE = 335   ret = true 
01-01 08:00:08.190  1871  1871 I vehicle-GAEI: Uart_Protcl_Msg_Register :     LINE = 337   ret = true 
01-01 08:00:08.190  1871  1871 I vehicle-GAEI: Uart_Protcl_Msg_Register :     LINE = 342   ret = true 
01-01 08:00:08.190  1871  1871 I vehicle-GAEI: Uart_Protcl_Msg_Register :     LINE = 345   ret = true 
01-01 08:00:08.190  1871  1871 I vehicle-GAEI: Uart_Protcl_Msg_Register :     LINE = 348   ret = true 
01-01 08:00:08.190  1871  1871 I vehicle-GAEI: Uart_Protcl_Msg_Register :     LINE = 351   ret = true 
01-01 08:00:08.190  1871  1871 I vehicle-GAEI: Uart_Protcl_Msg_Register :     LINE = 355   ret = true 
01-01 08:00:08.190  1871  1871 I vehicle-GAEI: Uart_Protcl_Msg_Register :     LINE = 358   ret = true 
01-01 08:00:08.190  1871  1871 I vehicle-GAEI: Uart_Protcl_Msg_Register :     LINE = 361   ret = true 
01-01 08:00:08.190  1871  1871 I vehicle-GAEI: Uart_Protcl_Msg_Register :     LINE = 364   ret = true 
01-01 08:00:08.190  1871  1871 I vehicle-GAEI: Uart_Protcl_Msg_Register :     LINE = 369   ret = true 
01-01 08:00:08.190  1871  1871 I vehicle-GAEI: Uart_Protcl_Msg_Register :     LINE = 372   ret = true 
01-01 08:00:08.190  1871  1871 I vehicle-GAEI: Uart_Protcl_Msg_Register :     LINE = 375   ret = true 
01-01 08:00:08.190  1871  1871 I vehicle-GAEI: Uart_Protcl_Msg_Register :     LINE = 378   ret = true 
01-01 08:00:08.190  1871  1871 I vehicle-GAEI: Uart_Protcl_Msg_Register :     LINE = 381   ret = true 
01-01 08:00:08.190  1871  1871 I vehicle-GAEI: Uart_Protcl_Msg_Register :     LINE = 384   ret = true 
01-01 08:00:08.190  1871  1871 I vehicle-GAEI: Uart_Protcl_Msg_Register :     LINE = 387   ret = true 
01-01 08:00:08.190  1871  1871 I vehicle-GAEI: Uart_Protcl_Msg_Register :     LINE = 390   ret = true 
01-01 08:00:08.190  1871  1871 I vehicle-GAEI: Uart_Protcl_Msg_Register :     LINE = 393   ret = true 
01-01 08:00:08.190  1871  1871 I vehicle-GAEI: Uart_Protcl_Msg_Register :     LINE = 396   ret = true 
01-01 08:00:08.190  1871  1871 I vehicle-GAEI: Uart_Protcl_Msg_Register :     LINE = 399   ret = true 
01-01 08:00:08.190  1871  1871 I vehicle-GAEI: Uart_Protcl_Msg_Register :     LINE = 401   ret = true 
01-01 08:00:08.190  1871  1871 I vehicle-GAEI: Uart_Protcl_Msg_Register :     LINE = 403   ret = true 
01-01 08:00:08.190  1871  1871 I vehicle-GAEI: Uart_Protcl_Msg_Register :     LINE = 405   ret = true 
01-01 08:00:08.190  1871  1871 I vehicle-GAEI: Uart_Protcl_Msg_Register :     LINE = 407   ret = true 
01-01 08:00:08.190  1871  1871 I vehicle-GAEI: Uart_Protcl_Msg_Register :     LINE = 409   ret = true 
01-01 08:00:08.190  1871  1871 I vehicle-GAEI: Uart_Protcl_Msg_Register :     LINE = 412   ret = true 
01-01 08:00:08.190  1871  1871 I vehicle-GAEI: Uart_Protcl_Msg_Register :     LINE = 415   ret = true 
01-01 08:00:08.190  1871  1871 I vehicle-GAEI: Uart_Protcl_Msg_Register :     LINE = 418   ret = true 
01-01 08:00:08.190  1871  1871 I vehicle-GAEI: Uart_Protcl_Msg_Register :     LINE = 420   ret = true 
01-01 08:00:08.190  1871  1871 I vehicle-GAEI: Uart_Protcl_Msg_Register :     LINE = 422   ret = true 
01-01 08:00:08.190  1871  1871 I vehicle-GAEI: Uart_Protcl_Msg_Register :     LINE = 424   ret = true 
01-01 08:00:08.190  1871  1871 I vehicle-GAEI: Uart_Protcl_Msg_Register :     LINE = 426   ret = true 
01-01 08:00:08.190  1871  1871 I vehicle-GAEI: Uart_Protcl_Msg_Register :     LINE = 428   ret = true 
01-01 08:00:08.190  1871  1871 I vehicle-GAEI: Uart_Protcl_Msg_Register :     LINE = 430   ret = true 
01-01 08:00:08.190  1871  1871 I vehicle-GAEI: Uart_Protcl_Msg_Register :     LINE = 432   ret = true 
01-01 08:00:08.190  1871  1871 I vehicle-GAEI: Uart_Protcl_Msg_Register :     LINE = 434   ret = true 
01-01 08:00:08.190  1871  1871 I vehicle-GAEI: Uart_Protcl_Msg_Register :     LINE = 436   ret = true 
01-01 08:00:08.190  1871  1871 I vehicle-GAEI: Uart_Protcl_Msg_Register :     LINE = 439   ret = true 
01-01 08:00:08.190  1871  1871 I vehicle-GAEI: Uart_Protcl_Msg_Register :     LINE = 442   ret = true 
01-01 08:00:08.190  1871  1871 I vehicle-GAEI: Uart_Protcl_Msg_Register :     LINE = 445   ret = true 
01-01 08:00:08.190  1871  1871 I vehicle-GAEI: Uart_Protcl_Msg_Register :     LINE = 448   ret = true 
01-01 08:00:08.190  1871  1871 I vehicle-GAEI: Uart_Protcl_Msg_Register :     LINE = 451   ret = true 
01-01 08:00:08.190  1871  1871 I vehicle-GAEI: Uart_Protcl_Msg_Register :     LINE = 454   ret = true 
01-01 08:00:08.190  1871  1871 I vehicle-GAEI: Uart_Protcl_Msg_Register :     LINE = 457   ret = true 
01-01 08:00:08.190  1871  1871 I vehicle-GAEI: Uart_Protcl_Msg_Register :     LINE = 460   ret = true 
01-01 08:00:08.190  1871  1871 I vehicle-GAEI: Uart_Protcl_Msg_Register :     LINE = 463   ret = true 
01-01 08:00:08.190  1871  1871 I vehicle-GAEI: Uart_Protcl_Msg_Register :     LINE = 466   ret = true 
01-01 08:00:08.190  1871  1871 I vehicle-GAEI: Uart_Protcl_Msg_Register :     LINE = 469   ret = true 
01-01 08:00:08.190  1871  1871 I vehicle-GAEI: Uart_Protcl_Msg_Register :     LINE = 472   ret = true 
01-01 08:00:08.190  1871  1871 I vehicle-GAEI: Uart_Protcl_Msg_Register :     LINE = 475   ret = true 
01-01 08:00:08.190  1871  1871 I vehicle-GAEI: Uart_Protcl_Msg_Register :     LINE = 478   ret = true 
01-01 08:00:08.190  1871  1871 I vehicle-GAEI: Uart_Protcl_Msg_Register :     LINE = 481   ret = true 
01-01 08:00:08.190  1871  1871 I vehicle-GAEI: Uart_Protcl_Msg_Register :     LINE = 484   ret = true 
01-01 08:00:08.190  1871  1871 I vehicle-GAEI: Uart_Protcl_Msg_Register :     LINE = 487   ret = true 
01-01 08:00:08.190  1871  1871 I vehicle-GAEI: Uart_Protcl_Msg_Register success!
01-01 08:00:08.200  1871  1871 D VehicleInfoProvider: construct send to mcu
01-01 08:00:08.200  1871  1923 D VehicleInfoProvider: construct send to mcu
01-01 08:00:08.200  1871  1918 D VehicleInfoProvider: jni_reqMcuVersion data : 00 
01-01 08:00:08.200  1871  1918 I vehicle-GAEI: control_context__Uart_Protcl_Msg_Tx_Mcu_Version :     LINE = 140
01-01 08:00:08.200  1871  1918 I UartProtocol: UartPrtclMsg Send ClId=0,Event=68
01-01 08:00:08.200  1871  1918 I vehicle-GAEI: control_context__Uart_Protcl_Msg_Tx_Mcu_Version :     LINE = 140   ret = true 
01-01 08:00:08.200  1871  1918 D VehicleInfoProvider: jni_reqMcuVersion succeed
01-01 08:00:08.200  1871  1918 D VehicleInfoProvider: native_reqMcuVersion
01-01 08:00:08.200  1871  1918 D VehicleInfoProvider: resend: 2 type:501
01-01 08:00:08.200  1871  1871 D VehicleInfoProvider: construct send to mcu
01-01 08:00:08.200  1871  1871 D VehicleInfoProvider: construct send to mcu
01-01 08:00:08.200  1871  1871 D VehicleInfoProvider: construct send to mcu
01-01 08:00:08.210  1871  1871 D SettingBackup: ----- Java_SettingBackup_nativeInit dataBackUpInit
01-01 08:00:08.210  1871  1871 D SettingBackup: --- dataBackUpInit  --
01-01 08:00:08.210  1871  1871 D SettingBackup: dbus_init
01-01 08:00:08.210  1871  1871 D SettingBackup: BackupDataDbus::InitialDBus :0.
01-01 08:00:08.210  1871  1871 D SettingBackup: xxx_ipc_get_connection :0.
01-01 08:00:08.210  1871  1871 D SettingBackup: ConnectDbusDaemon success = com.thundersoft.service.setting.
01-01 08:00:08.210  1871  1871 D SettingBackup: connect dbus daemon success.
01-01 08:00:08.210  1871  1871 D SettingBackup: dbus com.thundersoft.service.setting has owner.
01-01 08:00:08.210  1871  1871 D SettingBackup: BackupDataDbus::onSrvRunning : 1
01-01 08:00:08.220  1871  1871 D SettingBackup: dbus_read:104.
01-01 08:00:08.220  1460  1487 V SystemSettingService: Service method GetDataLegend:{
01-01 08:00:08.220  1460  1487 V SystemSettingService:    "BackupItem" : 104
01-01 08:00:08.220  1460  1487 V SystemSettingService: }
01-01 08:00:08.220  1460  1487 V SystemSettingService: .
01-01 08:00:08.220  1460  1487 V SystemSettingService: Service method GetDataLegend item:104.
01-01 08:00:08.220  1460  1487 V SystemSettingService: get item = 271.
01-01 08:00:08.220  1460  1487 I backupdata: start get item,item id is VENDOR_VEHICLE_TYPE
01-01 08:00:08.220  1460  1487 I backupdata: get_item_double_info_in_vendor:read result: 1, backup is 0!
01-01 08:00:08.220  1460  1487 I backupdata: vdata[0] = 1, vdata[1] = 255, vdata[2] = 254, vdata[3] = 0!
01-01 08:00:08.220  1460  1487 V backupdata: check:data[0] = 1
01-01 08:00:08.220  1460  1487 I backupdata: get: vendor_checksum is 65279, calc_vendor_checksum() is 65279!
01-01 08:00:08.220  1460  1487 V backupdata: check:data[0] = 1
01-01 08:00:08.220  1460  1487 I backupdata: vendor checksum is right, backup is 0!
01-01 08:00:08.220  1460  1487 I SystemSettingService: get backup normal value = 1 .
01-01 08:00:08.220  1871  1871 D SettingBackup: InvokeMethod success method:stg_mw_legend_get params:{
01-01 08:00:08.220  1871  1871 D SettingBackup: 	"BackupItem":	104
01-01 08:00:08.220  1871  1871 D SettingBackup: }.
01-01 08:00:08.220  1871  1871 D SettingBackup: readNativeBackup:{"BackupValue":1}
01-01 08:00:08.220  1871  1922 I UartProtocol: UartPrtlMsg Cbk ClId=0,Event=68
01-01 08:00:08.220  1871  1922 D VehicleInfoProvider: cbk_mcu_software_ver 
01-01 08:00:08.220  1871  1920 D McuSoftwareInfo: m_strInfoShow = A06.AVNT.A.180327.V1.04.R m_nVerHardware = 66 m_nVerSoftware = 66 m_nInfoProject = 255 
01-01 08:00:08.230  1871  1871 D VehicleInfoProvider: construct send to mcu
01-01 08:00:08.230  1871  1926 D NotifyAppsControlFunc:  register bootBC 
01-01 08:00:08.230  1871  1926 D NotifyAppsControlFunc: bootBC intent null receive com.android.server.vehicle.functions.notifyapps.NotifyAppsControlFunc$1@41cf5410
01-01 08:00:08.230  1871  1918 I vehicle-GAEI: control_context__Uart_Protcl_Msg_Tx_Mpu_Heart_Beat :     LINE = 131
01-01 08:00:08.230  1871  1918 I UartProtocol: UartPrtclMsg Send ClId=0,Event=2
01-01 08:00:08.230  1871  1918 I vehicle-GAEI: control_context__Uart_Protcl_Msg_Tx_Mpu_Heart_Beat :     LINE = 131   ret = true 
01-01 08:00:08.230  1871  1918 D VehicleInfoProvider: jni_sendMpuHeartBeat succeed
01-01 08:00:08.230  1871  1918 D VehicleInfoProvider: native_sendMpuHeartBeat
01-01 08:00:08.230  1871  1871 D VehicleInfoProvider: construct send to mcu
01-01 08:00:08.230  1871  1871 D VehicleInfoProvider: construct send to mcu
01-01 08:00:08.240  1871  1871 D VehicleInfoProvider: construct send to mcu
01-01 08:00:08.240  1871  1871 D VehicleInfoProvider: construct send to mcu
01-01 08:00:08.240  1871  1871 D VehicleInfoProvider: construct send to mcu
01-01 08:00:08.240  1871  1871 D VehicleInfoProvider: construct send to mcu
01-01 08:00:08.250  1871  1871 D VehicleInfoProvider: construct send to mcu
01-01 08:00:08.250  1871  1922 I UartProtocol: UartPrtlMsg Cbk ClId=0,Event=6
01-01 08:00:08.250  1871  1922 D VehicleInfoProvider: cbk_pwr_mode
01-01 08:00:08.250  1871  1871 D VehicleInfoProvider: construct send to mcu
01-01 08:00:08.250  1871  1920 E ReqMcuPowerMode:  is not valid int 
01-01 08:00:08.250  1871  1920 D ReqMcuPowerMode: m_nMode = 10 
01-01 08:00:08.250  1871  1917 E VehicleInfoProvider: sendPacketToMcu input err
01-01 08:00:08.250  1871  1917 D VehicleInfoProvider: construct send to mcu
01-01 08:00:08.250  1871  1917 D NotifyAppsControlFunc: mcu resart
01-01 08:00:08.250  1871  1871 D VehicleInfoProvider: construct send to mcu
01-01 08:00:08.250  1871  1871 D VehicleInfoProvider: construct send to mcu
01-01 08:00:08.250  1871  1917 D VehicleInfoProvider: construct send to mcu
01-01 08:00:08.250  1871  1871 D VehicleManagerService: sendPacket SendSetCarInfoSwitch
01-01 08:00:08.250  1871  1871 D VehicleInfoProvider: construct send to mcu
01-01 08:00:08.250  1871  1871 D VehicleManagerService: sendPacket SendSetCarConfigSwitch
01-01 08:00:08.250  1871  1871 D VehicleInfoProvider: construct send to mcu
01-01 08:00:08.250  1871  1871 D VehicleManagerService: sendPacket SendMpuPwrOn
01-01 08:00:08.260  1871  1871 D VehicleInfoProvider: construct send to mcu
01-01 08:00:08.260  1871  1871 D VehicleManagerService: sendPacket SendReqDidInfo
01-01 08:00:08.260  1871  1871 D VehicleInfoProvider: construct send to mcu
01-01 08:00:08.260  1871  1922 I UartProtocol: UartPrtlMsg Cbk ClId=0,Event=3
01-01 08:00:08.260  1871  1922 D VehicleInfoProvider: cbk_mpu_lcd_off
01-01 08:00:08.260  1871  1920 D ScreenChangeReq: m_nScreenOn = 1 
01-01 08:00:08.260  1871  1918 I vehicle-GAEI: control_context__Uart_Protcl_Msg_Tx_Sim_Info_Req :     LINE = 142
01-01 08:00:08.260  1871  1918 I UartProtocol: UartPrtclMsg Send ClId=0,Event=73
01-01 08:00:08.260  1871  1918 I vehicle-GAEI: control_context__Uart_Protcl_Msg_Tx_Sim_Info_Req :     LINE = 142   ret = true 
01-01 08:00:08.260  1871  1918 D VehicleInfoProvider: jni_reqSimInfo succeed
01-01 08:00:08.260  1871  1918 D VehicleInfoProvider: native_reqSimInfo
01-01 08:00:08.260  1871  1918 D VehicleInfoProvider: resend: 2 type:503
01-01 08:00:08.260  1871  1871 I SystemServer: PackageManager ready
01-01 08:00:08.260  1871  1871 I SystemServer: WindowManagerService ready
01-01 08:00:08.270  1871  1871 V KeyguardServiceDelegate: *** Keyguard: can't bind to com.android.keyguard.KeyguardService
01-01 08:00:08.270  1871  1871 V KeyguardServiceDelegate: onSystemReady() called before keyguard service was ready
01-01 08:00:08.270  1871  1871 D VehicleManagerService: request listmap : 0
01-01 08:00:08.270  1871  1871 D VehicleManagerService: Receiver construct
01-01 08:00:08.270  1871  1871 D VehicleManagerService: Receiver construct type : class android.vehicle.VehicleManager$ListenerTransport
01-01 08:00:08.270  1871  1871 W ActivityManager: Unable to start service Intent { cmp=com.android.keyguard/.KeyguardService } U=0: not found
01-01 08:00:08.270  1871  1871 I SystemServer: PowerManagerService ready
01-01 08:00:08.280  1871  1871 D SettingBackup: dbus_read:162.
01-01 08:00:08.280  1460  1487 V SystemSettingService: Service method GetDataLegend:{
01-01 08:00:08.280  1460  1487 V SystemSettingService:    "BackupItem" : 162
01-01 08:00:08.280  1460  1487 V SystemSettingService: }
01-01 08:00:08.280  1460  1487 V SystemSettingService: .
01-01 08:00:08.280  1460  1487 V SystemSettingService: Service method GetDataLegend item:162.
01-01 08:00:08.280  1460  1487 V SystemSettingService: get item = 214.
